Archive member included because of file (symbol)

/Users/b/Library/Arduino15/packages/arduino/hardware/sam/1.6.12/variants/arduino_due_x/libsam_sam3x8e_gcc_rel.a(pio.o)
                              /Users/b/Library/Caches/arduino/sketches/614B0FE48FF08243C6196A8E8167F892/libraries/due_wire/due_wire.cpp.o (PIO_Configure)
/Users/b/Library/Arduino15/packages/arduino/hardware/sam/1.6.12/variants/arduino_due_x/libsam_sam3x8e_gcc_rel.a(pmc.o)
                              /Users/b/Library/Caches/arduino/sketches/614B0FE48FF08243C6196A8E8167F892/libraries/due_can-master/due_can.cpp.o (pmc_enable_periph_clk)
/Users/b/Library/Arduino15/packages/arduino/hardware/sam/1.6.12/variants/arduino_due_x/libsam_sam3x8e_gcc_rel.a(spi.o)
                              /Users/b/Library/Caches/arduino/sketches/614B0FE48FF08243C6196A8E8167F892/libraries/SPI/SPI.cpp.o (SPI_Enable)
/Users/b/Library/Arduino15/packages/arduino/hardware/sam/1.6.12/variants/arduino_due_x/libsam_sam3x8e_gcc_rel.a(tc.o)
                              /Users/b/Library/Caches/arduino/sketches/614B0FE48FF08243C6196A8E8167F892/libraries/DueTimer/DueTimer.cpp.o (TC_Configure)
/Users/b/Library/Arduino15/packages/arduino/hardware/sam/1.6.12/variants/arduino_due_x/libsam_sam3x8e_gcc_rel.a(twi.o)
                              /Users/b/Library/Caches/arduino/sketches/614B0FE48FF08243C6196A8E8167F892/libraries/due_wire/due_wire.cpp.o (TWI_ConfigureMaster)
/Users/b/Library/Arduino15/packages/arduino/hardware/sam/1.6.12/variants/arduino_due_x/libsam_sam3x8e_gcc_rel.a(system_sam3xa.o)
                              /Users/b/Library/Caches/arduino/sketches/614B0FE48FF08243C6196A8E8167F892/core/variant.cpp.o (SystemInit)
/Users/b/Library/Arduino15/packages/arduino/hardware/sam/1.6.12/variants/arduino_due_x/libsam_sam3x8e_gcc_rel.a(startup_sam3xa.o)
                              (Reset_Handler)
/Users/b/Library/Arduino15/packages/arduino/hardware/sam/1.6.12/variants/arduino_due_x/libsam_sam3x8e_gcc_rel.a(adc.o)
                              /Users/b/Library/Caches/arduino/sketches/614B0FE48FF08243C6196A8E8167F892/core/variant.cpp.o (adc_init)
/Users/b/Library/Arduino15/packages/arduino/hardware/sam/1.6.12/variants/arduino_due_x/libsam_sam3x8e_gcc_rel.a(uotghs.o)
                              /Users/b/Library/Arduino15/packages/arduino/hardware/sam/1.6.12/variants/arduino_due_x/libsam_sam3x8e_gcc_rel.a(startup_sam3xa.o) (UOTGHS_Handler)
/Users/b/Library/Caches/arduino/sketches/614B0FE48FF08243C6196A8E8167F892/../../cores/arduino_sam_arduino_due_x_5280588e834c64e331c93ab3a2fd0cd0/core.a(Print.cpp.o)
                              /Users/b/Library/Caches/arduino/sketches/614B0FE48FF08243C6196A8E8167F892/libraries/due_wire/due_wire.cpp.o (Print::write(unsigned char const*, unsigned int))
/Users/b/Library/Caches/arduino/sketches/614B0FE48FF08243C6196A8E8167F892/../../cores/arduino_sam_arduino_due_x_5280588e834c64e331c93ab3a2fd0cd0/core.a(RingBuffer.cpp.o)
                              /Users/b/Library/Caches/arduino/sketches/614B0FE48FF08243C6196A8E8167F892/core/variant.cpp.o (RingBuffer::RingBuffer())
/Users/b/Library/Caches/arduino/sketches/614B0FE48FF08243C6196A8E8167F892/../../cores/arduino_sam_arduino_due_x_5280588e834c64e331c93ab3a2fd0cd0/core.a(Stream.cpp.o)
                              /Users/b/Library/Caches/arduino/sketches/614B0FE48FF08243C6196A8E8167F892/sketch/gs450h_v3_user.ino.cpp.o (Stream::parseInt(LookaheadMode, char))
/Users/b/Library/Caches/arduino/sketches/614B0FE48FF08243C6196A8E8167F892/../../cores/arduino_sam_arduino_due_x_5280588e834c64e331c93ab3a2fd0cd0/core.a(UARTClass.cpp.o)
                              /Users/b/Library/Caches/arduino/sketches/614B0FE48FF08243C6196A8E8167F892/sketch/gs450h_v3_user.ino.cpp.o (UARTClass::available())
/Users/b/Library/Caches/arduino/sketches/614B0FE48FF08243C6196A8E8167F892/../../cores/arduino_sam_arduino_due_x_5280588e834c64e331c93ab3a2fd0cd0/core.a(USARTClass.cpp.o)
                              /Users/b/Library/Caches/arduino/sketches/614B0FE48FF08243C6196A8E8167F892/sketch/gs450h_v3_user.ino.cpp.o (USARTClass::begin(unsigned long))
/Users/b/Library/Caches/arduino/sketches/614B0FE48FF08243C6196A8E8167F892/../../cores/arduino_sam_arduino_due_x_5280588e834c64e331c93ab3a2fd0cd0/core.a(CDC.cpp.o)
                              /Users/b/Library/Caches/arduino/sketches/614B0FE48FF08243C6196A8E8167F892/sketch/gs450h_v3_user.ino.cpp.o (Serial_::available())
/Users/b/Library/Caches/arduino/sketches/614B0FE48FF08243C6196A8E8167F892/../../cores/arduino_sam_arduino_due_x_5280588e834c64e331c93ab3a2fd0cd0/core.a(USBCore.cpp.o)
                              /Users/b/Library/Caches/arduino/sketches/614B0FE48FF08243C6196A8E8167F892/../../cores/arduino_sam_arduino_due_x_5280588e834c64e331c93ab3a2fd0cd0/core.a(CDC.cpp.o) (USBD_Available(unsigned long))
/Users/b/Library/Caches/arduino/sketches/614B0FE48FF08243C6196A8E8167F892/../../cores/arduino_sam_arduino_due_x_5280588e834c64e331c93ab3a2fd0cd0/core.a(WInterrupts.c.o)
[...]
Memory Configuration

Name             Origin             Length             Attributes
rom              0x0000000000080000 0x0000000000080000 xr
sram0            0x0000000020000000 0x0000000000010000 xrw
sram1            0x0000000020080000 0x0000000000008000 xrw
ram              0x0000000020070000 0x0000000000018000 xrw
*default*        0x0000000000000000 0xffffffffffffffff

Linker script and memory map

LOAD /Users/b/Library/Arduino15/packages/arduino/tools/arm-none-eabi-gcc/4.8.3-2014q1/bin/../lib/gcc/arm-none-eabi/4.8.3/armv7-m/crti.o
LOAD /Users/b/Library/Arduino15/packages/arduino/tools/arm-none-eabi-gcc/4.8.3-2014q1/bin/../lib/gcc/arm-none-eabi/4.8.3/armv7-m/crtbegin.o
LOAD /Users/b/Library/Arduino15/packages/arduino/tools/arm-none-eabi-gcc/4.8.3-2014q1/bin/../lib/gcc/arm-none-eabi/4.8.3/../../../../arm-none-eabi/lib/armv7-m/crt0.o
START GROUP
LOAD /Users/b/Library/Caches/arduino/sketches/614B0FE48FF08243C6196A8E8167F892/sketch/gs450h_v3_user.ino.cpp.o
LOAD /Users/b/Library/Caches/arduino/sketches/614B0FE48FF08243C6196A8E8167F892/libraries/Metro/Metro.cpp.o
LOAD /Users/b/Library/Caches/arduino/sketches/614B0FE48FF08243C6196A8E8167F892/libraries/due_can-master/due_can.cpp.o
LOAD /Users/b/Library/Caches/arduino/sketches/614B0FE48FF08243C6196A8E8167F892/libraries/can_common/can_common.cpp.o
LOAD /Users/b/Library/Caches/arduino/sketches/614B0FE48FF08243C6196A8E8167F892/libraries/due_wire/due_wire.cpp.o
LOAD /Users/b/Library/Caches/arduino/sketches/614B0FE48FF08243C6196A8E8167F892/libraries/Wire_EEPROM/Wire_EEPROM.cpp.o
LOAD /Users/b/Library/Caches/arduino/sketches/614B0FE48FF08243C6196A8E8167F892/libraries/ISA/ISA.cpp.o
LOAD /Users/b/Library/Caches/arduino/sketches/614B0FE48FF08243C6196A8E8167F892/libraries/SPI/SPI.cpp.o
LOAD /Users/b/Library/Caches/arduino/sketches/614B0FE48FF08243C6196A8E8167F892/libraries/DueTimer/DueTimer.cpp.o
LOAD /Users/b/Library/Caches/arduino/sketches/614B0FE48FF08243C6196A8E8167F892/core/variant.cpp.o
LOAD /Users/b/Library/Arduino15/packages/arduino/hardware/sam/1.6.12/variants/arduino_due_x/libsam_sam3x8e_gcc_rel.a
LOAD /Users/b/Library/Caches/arduino/sketches/614B0FE48FF08243C6196A8E8167F892/../../cores/arduino_sam_arduino_due_x_5280588e834c64e331c93ab3a2fd0cd0/core.a
END GROUP
LOAD /Users/b/Library/Arduino15/packages/arduino/tools/arm-none-eabi-gcc/4.8.3-2014q1/bin/../lib/gcc/arm-none-eabi/4.8.3/../../../../arm-none-eabi/lib/armv7-m/libm.a
LOAD /Users/b/Library/Arduino15/packages/arduino/tools/arm-none-eabi-gcc/4.8.3-2014q1/bin/../lib/gcc/arm-none-eabi/4.8.3/armv7-m/libgcc.a
START GROUP
LOAD /Users/b/Library/Arduino15/packages/arduino/tools/arm-none-eabi-gcc/4.8.3-2014q1/bin/../lib/gcc/arm-none-eabi/4.8.3/armv7-m/libgcc.a
LOAD /Users/b/Library/Arduino15/packages/arduino/tools/arm-none-eabi-gcc/4.8.3-2014q1/bin/../lib/gcc/arm-none-eabi/4.8.3/../../../../arm-none-eabi/lib/armv7-m/libc.a
END GROUP
LOAD /Users/b/Library/Arduino15/packages/arduino/tools/arm-none-eabi-gcc/4.8.3-2014q1/bin/../lib/gcc/arm-none-eabi/4.8.3/armv7-m/crtend.o
LOAD /Users/b/Library/Arduino15/packages/arduino/tools/arm-none-eabi-gcc/4.8.3-2014q1/bin/../lib/gcc/arm-none-eabi/4.8.3/armv7-m/crtn.o

.text           0x0000000000080000     0xf5ec
                0x0000000000080000                . = ALIGN (0x4)
                0x0000000000080000                _sfixed = .
 *(.vectors .vectors.*)
 .vectors       0x0000000000080000       0xf4 /Users/b/Library/Arduino15/packages/arduino/hardware/sam/1.6.12/variants/arduino_due_x/libsam_sam3x8e_gcc_rel.a(startup_sam3xa.o)
                0x0000000000080000                exception_table
 *(.text .text.* .gnu.linkonce.t.*)
 .text          0x00000000000800f4       0x54 /Users/b/Library/Arduino15/packages/arduino/tools/arm-none-eabi-gcc/4.8.3-2014q1/bin/../lib/gcc/arm-none-eabi/4.8.3/armv7-m/crtbegin.o
 .text._Z14readThermistorifffRf.part.1
                0x0000000000080148      0x100 /Users/b/Library/Caches/arduino/sketches/614B0FE48FF08243C6196A8E8167F892/sketch/gs450h_v3_user.ino.cpp.o
 .text._Z8get_gearv
                0x0000000000080248       0x1e /Users/b/Library/Caches/arduino/sketches/614B0FE48FF08243C6196A8E8167F892/sketch/gs450h_v3_user.ino.cpp.o
                0x0000000000080248                get_gear()
 *fill*         0x0000000000080266        0x2 
 .text._Z10get_torquev
                0x0000000000080268      0x3dc /Users/b/Library/Caches/arduino/sketches/614B0FE48FF08243C6196A8E8167F892/sketch/gs450h_v3_user.ino.cpp.o
                0x0000000000080268                get_torque()
 .text._Z11handle_wifiv
                0x0000000000080644      0x45c /Users/b/Library/Caches/arduino/sketches/614B0FE48FF08243C6196A8E8167F892/sketch/gs450h_v3_user.ino.cpp.o
                0x0000000000080644                handle_wifi()
 .text._Z8diag_mthv
                0x0000000000080aa0      0x2c0 /Users/b/Library/Caches/arduino/sketches/614B0FE48FF08243C6196A8E8167F892/sketch/gs450h_v3_user.ino.cpp.o
                0x0000000000080aa0                diag_mth()
 .text._Z9printMenuv
                0x0000000000080d60       0xd0 /Users/b/Library/Caches/arduino/sketches/614B0FE48FF08243C6196A8E8167F892/sketch/gs450h_v3_user.ino.cpp.o
                0x0000000000080d60                printMenu()
 .text._Z12PrintRawDatav
                0x0000000000080e30      0x208 /Users/b/Library/Caches/arduino/sketches/614B0FE48FF08243C6196A8E8167F892/sketch/gs450h_v3_user.ino.cpp.o
                0x0000000000080e30                PrintRawData()
 .text._Z15Cal_minthrottlev
                0x0000000000081038       0x44 /Users/b/Library/Caches/arduino/sketches/614B0FE48FF08243C6196A8E8167F892/sketch/gs450h_v3_user.ino.cpp.o
                0x0000000000081038                Cal_minthrottle()
 .text._Z15Cal_maxthrottlev
                0x000000000008107c       0x4c /Users/b/Library/Caches/arduino/sketches/614B0FE48FF08243C6196A8E8167F892/sketch/gs450h_v3_user.ino.cpp.o
                0x000000000008107c                Cal_maxthrottle()
 .text._Z10changeGearv
                0x00000000000810c8       0xcc /Users/b/Library/Caches/arduino/sketches/614B0FE48FF08243C6196A8E8167F892/sketch/gs450h_v3_user.ino.cpp.o
                0x00000000000810c8                changeGear()
 *fill*         0x0000000000081194        0x4 
 .text._Z12processTempsv
                0x0000000000081198      0x110 /Users/b/Library/Caches/arduino/sketches/614B0FE48FF08243C6196A8E8167F892/sketch/gs450h_v3_user.ino.cpp.o
                0x0000000000081198                processTemps()
 .text.startup._GLOBAL__sub_I__Z8get_gearv
                0x00000000000812a8       0x78 /Users/b/Library/Caches/arduino/sketches/614B0FE48FF08243C6196A8E8167F892/sketch/gs450h_v3_user.ino.cpp.o
 .text._ZN11EEPROMCLASS5writeI13ControlParamsEEiiRKT_.part.2
                0x0000000000081320       0x5c /Users/b/Library/Caches/arduino/sketches/614B0FE48FF08243C6196A8E8167F892/sketch/gs450h_v3_user.ino.cpp.o
 .text.setup    0x000000000008137c      0x218 /Users/b/Library/Caches/arduino/sketches/614B0FE48FF08243C6196A8E8167F892/sketch/gs450h_v3_user.ino.cpp.o
                0x000000000008137c                setup
 .text._Z16control_inverterv
                0x0000000000081594      0x2bc /Users/b/Library/Caches/arduino/sketches/614B0FE48FF08243C6196A8E8167F892/sketch/gs450h_v3_user.ino.cpp.o
                0x0000000000081594                control_inverter()
 .text._Z12Cal_torque_Dv
                0x0000000000081850       0x60 /Users/b/Library/Caches/arduino/sketches/614B0FE48FF08243C6196A8E8167F892/sketch/gs450h_v3_user.ino.cpp.o
                0x0000000000081850                Cal_torque_D()
 .text._Z12Cal_torque_Rv
                0x00000000000818b0       0x60 /Users/b/Library/Caches/arduino/sketches/614B0FE48FF08243C6196A8E8167F892/sketch/gs450h_v3_user.ino.cpp.o
                0x00000000000818b0                Cal_torque_R()
 .text._Z12SetPumpSpeedv
                0x0000000000081910       0x50 /Users/b/Library/Caches/arduino/sketches/614B0FE48FF08243C6196A8E8167F892/sketch/gs450h_v3_user.ino.cpp.o
                0x0000000000081910                SetPumpSpeed()
 .text._Z13checkforinputv
                0x0000000000081960       0xe4 /Users/b/Library/Caches/arduino/sketches/614B0FE48FF08243C6196A8E8167F892/sketch/gs450h_v3_user.ino.cpp.o
                0x0000000000081960                checkforinput()
 *fill*         0x0000000000081a44        0x4 
 .text._Z11Frames100MSv
                0x0000000000081a48      0x4e0 /Users/b/Library/Caches/arduino/sketches/614B0FE48FF08243C6196A8E8167F892/sketch/gs450h_v3_user.ino.cpp.o
                0x0000000000081a48                Frames100MS()
 .text.loop     0x0000000000081f28       0x4c /Users/b/Library/Caches/arduino/sketches/614B0FE48FF08243C6196A8E8167F892/sketch/gs450h_v3_user.ino.cpp.o
                0x0000000000081f28                loop
 .text._ZN5MetroC2Em
                0x0000000000081f74        0x4 /Users/b/Library/Caches/arduino/sketches/614B0FE48FF08243C6196A8E8167F892/libraries/Metro/Metro.cpp.o
                0x0000000000081f74                Metro::Metro(unsigned long)
                0x0000000000081f74                Metro::Metro(unsigned long)
 .text._ZN5Metro5checkEv
                0x0000000000081f78       0x24 /Users/b/Library/Caches/arduino/sketches/614B0FE48FF08243C6196A8E8167F892/libraries/Metro/Metro.cpp.o
                0x0000000000081f78                Metro::check()
 .text._ZN6CANRaw12set_baudrateEm
                0x0000000000081f9c       0xcc /Users/b/Library/Caches/arduino/sketches/614B0FE48FF08243C6196A8E8167F892/libraries/due_can-master/due_can.cpp.o
                0x0000000000081f9c                CANRaw::set_baudrate(unsigned long)
 .text._ZN6CANRaw6enableEv
                0x0000000000082068       0x18 /Users/b/Library/Caches/arduino/sketches/614B0FE48FF08243C6196A8E8167F892/libraries/due_can-master/due_can.cpp.o
                0x0000000000082068                CANRaw::enable()
 .text._ZN6CANRaw7disableEv
                0x0000000000082080       0x18 /Users/b/Library/Caches/arduino/sketches/614B0FE48FF08243C6196A8E8167F892/libraries/due_can-master/due_can.cpp.o
                0x0000000000082080                CANRaw::disable()
 .text._ZN6CANRaw8rx_availEv
                0x0000000000082098       0x3e /Users/b/Library/Caches/arduino/sketches/614B0FE48FF08243C6196A8E8167F892/libraries/due_can-master/due_can.cpp.o
                0x0000000000082098                CANRaw::rx_avail()
 *fill*         0x00000000000820d6        0x2 
 .text._ZN6CANRaw7irqLockEv
                0x00000000000820d8       0x20 /Users/b/Library/Caches/arduino/sketches/614B0FE48FF08243C6196A8E8167F892/libraries/due_can-master/due_can.cpp.o
                0x00000000000820d8                CANRaw::irqLock()
 .text._ZN6CANRaw10irqReleaseEv
                0x00000000000820f8       0x20 /Users/b/Library/Caches/arduino/sketches/614B0FE48FF08243C6196A8E8167F892/libraries/due_can-master/due_can.cpp.o
                0x00000000000820f8                CANRaw::irqRelease()
 .text._ZN6CANRaw17initializeBuffersEv
                0x0000000000082118       0x6c /Users/b/Library/Caches/arduino/sketches/614B0FE48FF08243C6196A8E8167F892/libraries/due_can-master/due_can.cpp.o
                0x0000000000082118                CANRaw::initializeBuffers()
 .text._ZN6CANRaw15addToRingBufferERNS_12ringbuffer_tERK9CAN_FRAME
                0x0000000000082184       0x40 /Users/b/Library/Caches/arduino/sketches/614B0FE48FF08243C6196A8E8167F892/libraries/due_can-master/due_can.cpp.o
                0x0000000000082184                CANRaw::addToRingBuffer(CANRaw::ringbuffer_t&, CAN_FRAME const&)
 .text._ZN6CANRaw20removeFromRingBufferERNS_12ringbuffer_tER9CAN_FRAME
                0x00000000000821c4       0x44 /Users/b/Library/Caches/arduino/sketches/614B0FE48FF08243C6196A8E8167F892/libraries/due_can-master/due_can.cpp.o
                0x00000000000821c4                CANRaw::removeFromRingBuffer(CANRaw::ringbuffer_t&, CAN_FRAME&)
 .text._ZN6CANRaw11get_rx_buffER9CAN_FRAME
                0x0000000000082208       0x22 /Users/b/Library/Caches/arduino/sketches/614B0FE48FF08243C6196A8E8167F892/libraries/due_can-master/due_can.cpp.o
                0x0000000000082208                CANRaw::get_rx_buff(CAN_FRAME&)
 .text._ZN6CANRaw15ringBufferCountERNS_12ringbuffer_tE
                0x000000000008222a       0x32 /Users/b/Library/Caches/arduino/sketches/614B0FE48FF08243C6196A8E8167F892/libraries/due_can-master/due_can.cpp.o
                0x000000000008222a                CANRaw::ringBufferCount(CANRaw::ringbuffer_t&)
 .text._ZN6CANRaw9availableEv
                0x000000000008225c       0x1e /Users/b/Library/Caches/arduino/sketches/614B0FE48FF08243C6196A8E8167F892/libraries/due_can-master/due_can.cpp.o
                0x000000000008225c                CANRaw::available()
 .text._ZN6CANRaw10setModeBitEm
                0x000000000008227a       0x1c /Users/b/Library/Caches/arduino/sketches/614B0FE48FF08243C6196A8E8167F892/libraries/due_can-master/due_can.cpp.o
                0x000000000008227a                CANRaw::setModeBit(unsigned long)
 .text._ZN6CANRaw12unsetModeBitEm
                0x0000000000082296       0x1e /Users/b/Library/Caches/arduino/sketches/614B0FE48FF08243C6196A8E8167F892/libraries/due_can-master/due_can.cpp.o
                0x0000000000082296                CANRaw::unsetModeBit(unsigned long)
 .text._ZN6CANRaw28disable_autobaud_listen_modeEv
                0x00000000000822b4        0x6 /Users/b/Library/Caches/arduino/sketches/614B0FE48FF08243C6196A8E8167F892/libraries/due_can-master/due_can.cpp.o
                0x00000000000822b4                CANRaw::disable_autobaud_listen_mode()
 *fill*         0x00000000000822ba        0x2 
 .text._ZN6CANRawC2EP3Canm
                0x00000000000822bc       0x7c /Users/b/Library/Caches/arduino/sketches/614B0FE48FF08243C6196A8E8167F892/libraries/due_can-master/due_can.cpp.o
                0x00000000000822bc                CANRaw::CANRaw(Can*, unsigned long)
                0x00000000000822bc                CANRaw::CANRaw(Can*, unsigned long)
 .text._ZN6CANRaw27enable_autobaud_listen_modeEv
                0x0000000000082338        0x6 /Users/b/Library/Caches/arduino/sketches/614B0FE48FF08243C6196A8E8167F892/libraries/due_can-master/due_can.cpp.o
                0x0000000000082338                CANRaw::enable_autobaud_listen_mode()
 .text._ZN6CANRaw17setListenOnlyModeEb
                0x000000000008233e        0xa /Users/b/Library/Caches/arduino/sketches/614B0FE48FF08243C6196A8E8167F892/libraries/due_can-master/due_can.cpp.o
                0x000000000008233e                CANRaw::setListenOnlyMode(bool)
 .text._ZN6CANRaw25mailbox_send_transfer_cmdEh
                0x0000000000082348       0x1a /Users/b/Library/Caches/arduino/sketches/614B0FE48FF08243C6196A8E8167F892/libraries/due_can-master/due_can.cpp.o
                0x0000000000082348                CANRaw::mailbox_send_transfer_cmd(unsigned char)
 .text._ZN6CANRaw12mailbox_initEh
                0x0000000000082362       0x28 /Users/b/Library/Caches/arduino/sketches/614B0FE48FF08243C6196A8E8167F892/libraries/due_can-master/due_can.cpp.o
                0x0000000000082362                CANRaw::mailbox_init(unsigned char)
 .text._ZN6CANRaw17reset_all_mailboxEv
                0x000000000008238a       0x1e /Users/b/Library/Caches/arduino/sketches/614B0FE48FF08243C6196A8E8167F892/libraries/due_can-master/due_can.cpp.o
                0x000000000008238a                CANRaw::reset_all_mailbox()
 .text._ZN6CANRaw14beginAutoSpeedEv
                0x00000000000823a8       0xb8 /Users/b/Library/Caches/arduino/sketches/614B0FE48FF08243C6196A8E8167F892/libraries/due_can-master/due_can.cpp.o
                0x00000000000823a8                CANRaw::beginAutoSpeed()
 .text._ZN6CANRaw12mailbox_readEhPV9CAN_FRAME
                0x0000000000082460       0x8a /Users/b/Library/Caches/arduino/sketches/614B0FE48FF08243C6196A8E8167F892/libraries/due_can-master/due_can.cpp.o
                0x0000000000082460                CANRaw::mailbox_read(unsigned char, CAN_FRAME volatile*)
 *fill*         0x00000000000824ea        0x2 
 .text._ZN6CANRaw14mailbox_set_idEhmb
                0x00000000000824ec       0x2c /Users/b/Library/Caches/arduino/sketches/614B0FE48FF08243C6196A8E8167F892/libraries/due_can-master/due_can.cpp.o
                0x00000000000824ec                CANRaw::mailbox_set_id(unsigned char, unsigned long, bool)
 .text._ZN6CANRaw20mailbox_set_priorityEhh
                0x0000000000082518       0x1e /Users/b/Library/Caches/arduino/sketches/614B0FE48FF08243C6196A8E8167F892/libraries/due_can-master/due_can.cpp.o
                0x0000000000082518                CANRaw::mailbox_set_priority(unsigned char, unsigned char)
 *fill*         0x0000000000082536        0x2 
 .text._ZN6CANRaw23mailbox_set_accept_maskEhmb
                0x0000000000082538       0x48 /Users/b/Library/Caches/arduino/sketches/614B0FE48FF08243C6196A8E8167F892/libraries/due_can-master/due_can.cpp.o
                0x0000000000082538                CANRaw::mailbox_set_accept_mask(unsigned char, unsigned long, bool)
 .text._ZN6CANRaw18_setFilterSpecificEhmmb
                0x0000000000082580       0x44 /Users/b/Library/Caches/arduino/sketches/614B0FE48FF08243C6196A8E8167F892/libraries/due_can-master/due_can.cpp.o
                0x0000000000082580                CANRaw::_setFilterSpecific(unsigned char, unsigned long, unsigned long, bool)
 .text._ZN6CANRaw16mailbox_set_modeEhh
                0x00000000000825c4       0x24 /Users/b/Library/Caches/arduino/sketches/614B0FE48FF08243C6196A8E8167F892/libraries/due_can-master/due_can.cpp.o
                0x00000000000825c4                CANRaw::mailbox_set_mode(unsigned char, unsigned char)
 .text._ZN6CANRaw13setNumTXBoxesEi
                0x00000000000825e8       0x7e /Users/b/Library/Caches/arduino/sketches/614B0FE48FF08243C6196A8E8167F892/libraries/due_can-master/due_can.cpp.o
                0x00000000000825e8                CANRaw::setNumTXBoxes(int)
 *fill*         0x0000000000082666        0x2 
 .text._ZN6CANRaw4initEm
                0x0000000000082668       0xfc /Users/b/Library/Caches/arduino/sketches/614B0FE48FF08243C6196A8E8167F892/libraries/due_can-master/due_can.cpp.o
                0x0000000000082668                CANRaw::init(unsigned long)
 .text._ZN6CANRaw20mailbox_set_databyteEhhh
                0x0000000000082764       0x52 /Users/b/Library/Caches/arduino/sketches/614B0FE48FF08243C6196A8E8167F892/libraries/due_can-master/due_can.cpp.o
                0x0000000000082764                CANRaw::mailbox_set_databyte(unsigned char, unsigned char, unsigned char)
 .text._ZN6CANRaw15mailbox_set_rtrEhh
                0x00000000000827b6       0x22 /Users/b/Library/Caches/arduino/sketches/614B0FE48FF08243C6196A8E8167F892/libraries/due_can-master/due_can.cpp.o
                0x00000000000827b6                CANRaw::mailbox_set_rtr(unsigned char, unsigned char)
 .text._ZN6CANRaw19mailbox_set_datalenEhh
                0x00000000000827d8       0x28 /Users/b/Library/Caches/arduino/sketches/614B0FE48FF08243C6196A8E8167F892/libraries/due_can-master/due_can.cpp.o
                0x00000000000827d8                CANRaw::mailbox_set_datalen(unsigned char, unsigned char)
 .text._ZN6CANRaw16writeTxRegistersERK9CAN_FRAMEh
                0x0000000000082800       0x5a /Users/b/Library/Caches/arduino/sketches/614B0FE48FF08243C6196A8E8167F892/libraries/due_can-master/due_can.cpp.o
                0x0000000000082800                CANRaw::writeTxRegisters(CAN_FRAME const&, unsigned char)
 .text._ZN6CANRaw9sendFrameER9CAN_FRAME
                0x000000000008285a       0x7c /Users/b/Library/Caches/arduino/sketches/614B0FE48FF08243C6196A8E8167F892/libraries/due_can-master/due_can.cpp.o
                0x000000000008285a                CANRaw::sendFrame(CAN_FRAME&)
 .text._ZN6CANRaw17findFreeRXMailboxEv
                0x00000000000828d6       0x1a /Users/b/Library/Caches/arduino/sketches/614B0FE48FF08243C6196A8E8167F892/libraries/due_can-master/due_can.cpp.o
                0x00000000000828d6                CANRaw::findFreeRXMailbox()
 .text._ZN6CANRaw10_setFilterEmmb
                0x00000000000828f0       0x58 /Users/b/Library/Caches/arduino/sketches/614B0FE48FF08243C6196A8E8167F892/libraries/due_can-master/due_can.cpp.o
                0x00000000000828f0                CANRaw::_setFilter(unsigned long, unsigned long, bool)
 .text._ZN6CANRaw19mailbox_int_handlerEhm
                0x0000000000082948       0xee /Users/b/Library/Caches/arduino/sketches/614B0FE48FF08243C6196A8E8167F892/libraries/due_can-master/due_can.cpp.o
                0x0000000000082948                CANRaw::mailbox_int_handler(unsigned char, unsigned long)
 .text._ZN6CANRaw16interruptHandlerEv
                0x0000000000082a36       0xcc /Users/b/Library/Caches/arduino/sketches/614B0FE48FF08243C6196A8E8167F892/libraries/due_can-master/due_can.cpp.o
                0x0000000000082a36                CANRaw::interruptHandler()
 *fill*         0x0000000000082b02        0x2 
 .text.CAN0_Handler
                0x0000000000082b04        0xc /Users/b/Library/Caches/arduino/sketches/614B0FE48FF08243C6196A8E8167F892/libraries/due_can-master/due_can.cpp.o
                0x0000000000082b04                CAN0_Handler
 .text.CAN1_Handler
                0x0000000000082b10        0xc /Users/b/Library/Caches/arduino/sketches/614B0FE48FF08243C6196A8E8167F892/libraries/due_can-master/due_can.cpp.o
                0x0000000000082b10                CAN1_Handler
 .text.startup._GLOBAL__sub_I__ZN6CANRawC2EP3Canm
                0x0000000000082b1c       0x2c /Users/b/Library/Caches/arduino/sketches/614B0FE48FF08243C6196A8E8167F892/libraries/due_can-master/due_can.cpp.o
 .text._ZN11CANListener8gotFrameEP9CAN_FRAMEi
                0x0000000000082b48        0x2 /Users/b/Library/Caches/arduino/sketches/614B0FE48FF08243C6196A8E8167F892/libraries/can_common/can_common.cpp.o
                0x0000000000082b48                CANListener::gotFrame(CAN_FRAME*, int)
 *fill*         0x0000000000082b4a        0x2 
 .text._ZN11CANListenerC2Ev
                0x0000000000082b4c       0x14 /Users/b/Library/Caches/arduino/sketches/614B0FE48FF08243C6196A8E8167F892/libraries/can_common/can_common.cpp.o
                0x0000000000082b4c                CANListener::CANListener()
                0x0000000000082b4c                CANListener::CANListener()
 .text._ZN11CANListener15attachMBHandlerEh
                0x0000000000082b60       0x14 /Users/b/Library/Caches/arduino/sketches/614B0FE48FF08243C6196A8E8167F892/libraries/can_common/can_common.cpp.o
                0x0000000000082b60                CANListener::attachMBHandler(unsigned char)
 .text._ZN11CANListener16isCallbackActiveEi
                0x0000000000082b74        0xa /Users/b/Library/Caches/arduino/sketches/614B0FE48FF08243C6196A8E8167F892/libraries/can_common/can_common.cpp.o
                0x0000000000082b74                CANListener::isCallbackActive(int)
 *fill*         0x0000000000082b7e        0x2 
 .text._ZN10CAN_COMMONC2Ei
                0x0000000000082b80       0x30 /Users/b/Library/Caches/arduino/sketches/614B0FE48FF08243C6196A8E8167F892/libraries/can_common/can_common.cpp.o
                0x0000000000082b80                CAN_COMMON::CAN_COMMON(int)
                0x0000000000082b80                CAN_COMMON::CAN_COMMON(int)
 .text._ZN10CAN_COMMON5beginEm
                0x0000000000082bb0        0xa /Users/b/Library/Caches/arduino/sketches/614B0FE48FF08243C6196A8E8167F892/libraries/can_common/can_common.cpp.o
                0x0000000000082bb0                CAN_COMMON::begin(unsigned long)
 .text._ZN10CAN_COMMON5beginEmh
                0x0000000000082bba        0xc /Users/b/Library/Caches/arduino/sketches/614B0FE48FF08243C6196A8E8167F892/libraries/can_common/can_common.cpp.o
                0x0000000000082bba                CAN_COMMON::begin(unsigned long, unsigned char)
 .text._ZN10CAN_COMMON9attachObjEP11CANListener
                0x0000000000082bc6       0x1e /Users/b/Library/Caches/arduino/sketches/614B0FE48FF08243C6196A8E8167F892/libraries/can_common/can_common.cpp.o
                0x0000000000082bc6                CAN_COMMON::attachObj(CANListener*)
 .text._ZN10CAN_COMMON11setRXFilterEhmmb
                0x0000000000082be4       0x12 /Users/b/Library/Caches/arduino/sketches/614B0FE48FF08243C6196A8E8167F892/libraries/can_common/can_common.cpp.o
                0x0000000000082be4                CAN_COMMON::setRXFilter(unsigned char, unsigned long, unsigned long, bool)
 .text._ZN7TwoWire5writeEPKht
                0x0000000000082bf6       0x5a /Users/b/Library/Caches/arduino/sketches/614B0FE48FF08243C6196A8E8167F892/libraries/due_wire/due_wire.cpp.o
                0x0000000000082bf6                TwoWire::write(unsigned char const*, unsigned short)
 .text._ZN7TwoWire5writeEPKhi
                0x0000000000082c50        0xc /Users/b/Library/Caches/arduino/sketches/614B0FE48FF08243C6196A8E8167F892/libraries/due_wire/due_wire.cpp.o
                0x0000000000082c50                TwoWire::write(unsigned char const*, int)
 .text._ZN7TwoWire9availableEv
                0x0000000000082c5c        0xc /Users/b/Library/Caches/arduino/sketches/614B0FE48FF08243C6196A8E8167F892/libraries/due_wire/due_wire.cpp.o
                0x0000000000082c5c                TwoWire::available()
 .text._ZN7TwoWire4readEv
                0x0000000000082c68       0x1e /Users/b/Library/Caches/arduino/sketches/614B0FE48FF08243C6196A8E8167F892/libraries/due_wire/due_wire.cpp.o
                0x0000000000082c68                TwoWire::read()
 .text._ZN7TwoWire4peekEv
                0x0000000000082c86       0x16 /Users/b/Library/Caches/arduino/sketches/614B0FE48FF08243C6196A8E8167F892/libraries/due_wire/due_wire.cpp.o
                0x0000000000082c86                TwoWire::peek()
 .text._ZN7TwoWire5flushEv
                0x0000000000082c9c        0x2 /Users/b/Library/Caches/arduino/sketches/614B0FE48FF08243C6196A8E8167F892/libraries/due_wire/due_wire.cpp.o
                0x0000000000082c9c                TwoWire::flush()
 .text._ZN7TwoWire5writeEh
                0x0000000000082c9e       0x40 /Users/b/Library/Caches/arduino/sketches/614B0FE48FF08243C6196A8E8167F892/libraries/due_wire/due_wire.cpp.o
                0x0000000000082c9e                TwoWire::write(unsigned char)
 *fill*         0x0000000000082cde        0x2 
 .text._ZL16TWI_WaitByteSentP3Twim.constprop.3
                0x0000000000082ce0       0x28 /Users/b/Library/Caches/arduino/sketches/614B0FE48FF08243C6196A8E8167F892/libraries/due_wire/due_wire.cpp.o
 .text._ZL24TWI_WaitTransferCompleteP3Twim.constprop.4
                0x0000000000082d08       0x28 /Users/b/Library/Caches/arduino/sketches/614B0FE48FF08243C6196A8E8167F892/libraries/due_wire/due_wire.cpp.o
 .text._ZL9Wire_Initv
                0x0000000000082d30       0x54 /Users/b/Library/Caches/arduino/sketches/614B0FE48FF08243C6196A8E8167F892/libraries/due_wire/due_wire.cpp.o
 .text._ZL10Wire1_Initv
                0x0000000000082d84       0x54 /Users/b/Library/Caches/arduino/sketches/614B0FE48FF08243C6196A8E8167F892/libraries/due_wire/due_wire.cpp.o
 .text._ZN7TwoWireC2EP3TwiPFvvE
                0x0000000000082dd8       0x3c /Users/b/Library/Caches/arduino/sketches/614B0FE48FF08243C6196A8E8167F892/libraries/due_wire/due_wire.cpp.o
                0x0000000000082dd8                TwoWire::TwoWire(Twi*, void (*)())
                0x0000000000082dd8                TwoWire::TwoWire(Twi*, void (*)())
 .text._ZN7TwoWire5beginEm
                0x0000000000082e14       0x30 /Users/b/Library/Caches/arduino/sketches/614B0FE48FF08243C6196A8E8167F892/libraries/due_wire/due_wire.cpp.o
                0x0000000000082e14                TwoWire::begin(unsigned long)
 .text._ZN7TwoWire5beginEv
                0x0000000000082e44        0xc /Users/b/Library/Caches/arduino/sketches/614B0FE48FF08243C6196A8E8167F892/libraries/due_wire/due_wire.cpp.o
                0x0000000000082e44                TwoWire::begin()
 .text._ZN7TwoWire11requestFromEhth
                0x0000000000082e50       0x7c /Users/b/Library/Caches/arduino/sketches/614B0FE48FF08243C6196A8E8167F892/libraries/due_wire/due_wire.cpp.o
                0x0000000000082e50                TwoWire::requestFrom(unsigned char, unsigned short, unsigned char)
 .text._ZN7TwoWire11requestFromEht
                0x0000000000082ecc        0x6 /Users/b/Library/Caches/arduino/sketches/614B0FE48FF08243C6196A8E8167F892/libraries/due_wire/due_wire.cpp.o
                0x0000000000082ecc                TwoWire::requestFrom(unsigned char, unsigned short)
 .text._ZN7TwoWire17beginTransmissionEh
                0x0000000000082ed2       0x12 /Users/b/Library/Caches/arduino/sketches/614B0FE48FF08243C6196A8E8167F892/libraries/due_wire/due_wire.cpp.o
                0x0000000000082ed2                TwoWire::beginTransmission(unsigned char)
 .text._ZN7TwoWire15endTransmissionEh
                0x0000000000082ee4       0x6e /Users/b/Library/Caches/arduino/sketches/614B0FE48FF08243C6196A8E8167F892/libraries/due_wire/due_wire.cpp.o
                0x0000000000082ee4                TwoWire::endTransmission(unsigned char)
 .text._ZN7TwoWire9onServiceEv
                0x0000000000082f52      0x12a /Users/b/Library/Caches/arduino/sketches/614B0FE48FF08243C6196A8E8167F892/libraries/due_wire/due_wire.cpp.o
                0x0000000000082f52                TwoWire::onService()
 .text.TWI1_Handler
                0x000000000008307c        0xc /Users/b/Library/Caches/arduino/sketches/614B0FE48FF08243C6196A8E8167F892/libraries/due_wire/due_wire.cpp.o
                0x000000000008307c                TWI1_Handler
 .text.TWI0_Handler
                0x0000000000083088        0xc /Users/b/Library/Caches/arduino/sketches/614B0FE48FF08243C6196A8E8167F892/libraries/due_wire/due_wire.cpp.o
                0x0000000000083088                TWI0_Handler
 .text.startup._GLOBAL__sub_I__ZN7TwoWireC2EP3TwiPFvvE
                0x0000000000083094       0x34 /Users/b/Library/Caches/arduino/sketches/614B0FE48FF08243C6196A8E8167F892/libraries/due_wire/due_wire.cpp.o
 .text._ZN11EEPROMCLASS8setWPPinEh
                0x00000000000830c8       0x18 /Users/b/Library/Caches/arduino/sketches/614B0FE48FF08243C6196A8E8167F892/libraries/Wire_EEPROM/Wire_EEPROM.cpp.o
                0x00000000000830c8                EEPROMCLASS::setWPPin(unsigned char)
 .text._ZN11EEPROMCLASSC2Ev
                0x00000000000830e0       0x24 /Users/b/Library/Caches/arduino/sketches/614B0FE48FF08243C6196A8E8167F892/libraries/Wire_EEPROM/Wire_EEPROM.cpp.o
                0x00000000000830e0                EEPROMCLASS::EEPROMCLASS()
                0x00000000000830e0                EEPROMCLASS::EEPROMCLASS()
 .text.startup._GLOBAL__sub_I__ZN11EEPROMCLASS8readByteEm
                0x0000000000083104        0xc /Users/b/Library/Caches/arduino/sketches/614B0FE48FF08243C6196A8E8167F892/libraries/Wire_EEPROM/Wire_EEPROM.cpp.o
 .text._ZN3ISAC2Ev
                0x0000000000083110       0x38 /Users/b/Library/Caches/arduino/sketches/614B0FE48FF08243C6196A8E8167F892/libraries/ISA/ISA.cpp.o
                0x0000000000083110                ISA::ISA()
                0x0000000000083110                ISA::ISA()
 .text._ZN3ISAD2Ev
                0x0000000000083148        0xc /Users/b/Library/Caches/arduino/sketches/614B0FE48FF08243C6196A8E8167F892/libraries/ISA/ISA.cpp.o
                0x0000000000083148                ISA::~ISA()
                0x0000000000083148                ISA::~ISA()
 .text._ZN3ISA9handle521EP9CAN_FRAME
                0x0000000000083154       0xb0 /Users/b/Library/Caches/arduino/sketches/614B0FE48FF08243C6196A8E8167F892/libraries/ISA/ISA.cpp.o
                0x0000000000083154                ISA::handle521(CAN_FRAME*)
 .text._ZN3ISA9handle522EP9CAN_FRAME
                0x0000000000083204      0x138 /Users/b/Library/Caches/arduino/sketches/614B0FE48FF08243C6196A8E8167F892/libraries/ISA/ISA.cpp.o
                0x0000000000083204                ISA::handle522(CAN_FRAME*)
 .text._ZN3ISA9handle523EP9CAN_FRAME
                0x000000000008333c      0x124 /Users/b/Library/Caches/arduino/sketches/614B0FE48FF08243C6196A8E8167F892/libraries/ISA/ISA.cpp.o
                0x000000000008333c                ISA::handle523(CAN_FRAME*)
 .text._ZN3ISA9handle524EP9CAN_FRAME
                0x0000000000083460      0x114 /Users/b/Library/Caches/arduino/sketches/614B0FE48FF08243C6196A8E8167F892/libraries/ISA/ISA.cpp.o
                0x0000000000083460                ISA::handle524(CAN_FRAME*)
 .text._ZN3ISA9handle525EP9CAN_FRAME
                0x0000000000083574       0x84 /Users/b/Library/Caches/arduino/sketches/614B0FE48FF08243C6196A8E8167F892/libraries/ISA/ISA.cpp.o
                0x0000000000083574                ISA::handle525(CAN_FRAME*)
 .text._ZN3ISA9handle526EP9CAN_FRAME
                0x00000000000835f8       0xac /Users/b/Library/Caches/arduino/sketches/614B0FE48FF08243C6196A8E8167F892/libraries/ISA/ISA.cpp.o
                0x00000000000835f8                ISA::handle526(CAN_FRAME*)
 *fill*         0x00000000000836a4        0x4 
 .text._ZN3ISA9handle527EP9CAN_FRAME
                0x00000000000836a8      0x148 /Users/b/Library/Caches/arduino/sketches/614B0FE48FF08243C6196A8E8167F892/libraries/ISA/ISA.cpp.o
                0x00000000000836a8                ISA::handle527(CAN_FRAME*)
 .text._ZN3ISA9handle528EP9CAN_FRAME
                0x00000000000837f0       0xd8 /Users/b/Library/Caches/arduino/sketches/614B0FE48FF08243C6196A8E8167F892/libraries/ISA/ISA.cpp.o
                0x00000000000837f0                ISA::handle528(CAN_FRAME*)
 .text._ZN3ISA8printCANEP9CAN_FRAME
                0x00000000000838c8       0xfc /Users/b/Library/Caches/arduino/sketches/614B0FE48FF08243C6196A8E8167F892/libraries/ISA/ISA.cpp.o
                0x00000000000838c8                ISA::printCAN(CAN_FRAME*)
 .text._ZN3ISA8gotFrameEP9CAN_FRAMEi
                0x00000000000839c4       0x60 /Users/b/Library/Caches/arduino/sketches/614B0FE48FF08243C6196A8E8167F892/libraries/ISA/ISA.cpp.o
                0x00000000000839c4                ISA::gotFrame(CAN_FRAME*, int)
 .text._ZN3ISA4STOPEv
                0x0000000000083a24       0x64 /Users/b/Library/Caches/arduino/sketches/614B0FE48FF08243C6196A8E8167F892/libraries/ISA/ISA.cpp.o
                0x0000000000083a24                ISA::STOP()
 .text._ZN3ISA9sendSTOREEv
                0x0000000000083a88       0x64 /Users/b/Library/Caches/arduino/sketches/614B0FE48FF08243C6196A8E8167F892/libraries/ISA/ISA.cpp.o
                0x0000000000083a88                ISA::sendSTORE()
 .text._ZN3ISA5STARTEv
                0x0000000000083aec       0x64 /Users/b/Library/Caches/arduino/sketches/614B0FE48FF08243C6196A8E8167F892/libraries/ISA/ISA.cpp.o
                0x0000000000083aec                ISA::START()
 .text._ZN3ISA11initCurrentEv
                0x0000000000083b50       0xbc /Users/b/Library/Caches/arduino/sketches/614B0FE48FF08243C6196A8E8167F892/libraries/ISA/ISA.cpp.o
                0x0000000000083b50                ISA::initCurrent()
 .text._ZN11EEPROMCLASS5writeI5EPROMEEiiRKT_
                0x0000000000083c0c       0x7c /Users/b/Library/Caches/arduino/sketches/614B0FE48FF08243C6196A8E8167F892/libraries/ISA/ISA.cpp.o
                0x0000000000083c0c                int EEPROMCLASS::write<EPROM>(int, EPROM const&)
 .text._ZN3ISA15initializeEPROMEv
                0x0000000000083c88       0xc8 /Users/b/Library/Caches/arduino/sketches/614B0FE48FF08243C6196A8E8167F892/libraries/ISA/ISA.cpp.o
                0x0000000000083c88                ISA::initializeEPROM()
 .text._ZN3ISA5beginEii
                0x0000000000083d50       0x84 /Users/b/Library/Caches/arduino/sketches/614B0FE48FF08243C6196A8E8167F892/libraries/ISA/ISA.cpp.o
                0x0000000000083d50                ISA::begin(int, int)
 .text._ZL10SPI_0_Initv
                0x0000000000083dd4       0x48 /Users/b/Library/Caches/arduino/sketches/614B0FE48FF08243C6196A8E8167F892/libraries/SPI/SPI.cpp.o
 .text.startup._GLOBAL__sub_I__ZN8SPIClassC2EP3SpimPFvvE
                0x0000000000083e1c       0x24 /Users/b/Library/Caches/arduino/sketches/614B0FE48FF08243C6196A8E8167F892/libraries/SPI/SPI.cpp.o
 .text.TC0_Handler
                0x0000000000083e40       0x1c /Users/b/Library/Caches/arduino/sketches/614B0FE48FF08243C6196A8E8167F892/libraries/DueTimer/DueTimer.cpp.o
                0x0000000000083e40                TC0_Handler
 .text.TC1_Handler
                0x0000000000083e5c       0x1c /Users/b/Library/Caches/arduino/sketches/614B0FE48FF08243C6196A8E8167F892/libraries/DueTimer/DueTimer.cpp.o
                0x0000000000083e5c                TC1_Handler
 .text.TC2_Handler
                0x0000000000083e78       0x1c /Users/b/Library/Caches/arduino/sketches/614B0FE48FF08243C6196A8E8167F892/libraries/DueTimer/DueTimer.cpp.o
                0x0000000000083e78                TC2_Handler
 .text.TC3_Handler
                0x0000000000083e94       0x1c /Users/b/Library/Caches/arduino/sketches/614B0FE48FF08243C6196A8E8167F892/libraries/DueTimer/DueTimer.cpp.o
                0x0000000000083e94                TC3_Handler
 .text.TC4_Handler
                0x0000000000083eb0       0x1c /Users/b/Library/Caches/arduino/sketches/614B0FE48FF08243C6196A8E8167F892/libraries/DueTimer/DueTimer.cpp.o
                0x0000000000083eb0                TC4_Handler
 .text.TC5_Handler
                0x0000000000083ecc       0x1c /Users/b/Library/Caches/arduino/sketches/614B0FE48FF08243C6196A8E8167F892/libraries/DueTimer/DueTimer.cpp.o
                0x0000000000083ecc                TC5_Handler
 .text.TC6_Handler
                0x0000000000083ee8       0x1c /Users/b/Library/Caches/arduino/sketches/614B0FE48FF08243C6196A8E8167F892/libraries/DueTimer/DueTimer.cpp.o
                0x0000000000083ee8                TC6_Handler
 .text.TC7_Handler
                0x0000000000083f04       0x1c /Users/b/Library/Caches/arduino/sketches/614B0FE48FF08243C6196A8E8167F892/libraries/DueTimer/DueTimer.cpp.o
                0x0000000000083f04                TC7_Handler
 .text.TC8_Handler
                0x0000000000083f20       0x1c /Users/b/Library/Caches/arduino/sketches/614B0FE48FF08243C6196A8E8167F892/libraries/DueTimer/DueTimer.cpp.o
                0x0000000000083f20                TC8_Handler
 .text.startup._GLOBAL__sub_I__ZN8DueTimer6TimersE
                0x0000000000083f3c       0x64 /Users/b/Library/Caches/arduino/sketches/614B0FE48FF08243C6196A8E8167F892/libraries/DueTimer/DueTimer.cpp.o
 .text._Z11serialEventv
                0x0000000000083fa0        0x2 /Users/b/Library/Caches/arduino/sketches/614B0FE48FF08243C6196A8E8167F892/core/variant.cpp.o
                0x0000000000083fa0                serialEvent()
 *fill*         0x0000000000083fa2        0x2 
 .text.UART_Handler
                0x0000000000083fa4        0xc /Users/b/Library/Caches/arduino/sketches/614B0FE48FF08243C6196A8E8167F892/core/variant.cpp.o
                0x0000000000083fa4                UART_Handler
 .text._Z12serialEvent1v
                0x0000000000083fb0        0x2 /Users/b/Library/Caches/arduino/sketches/614B0FE48FF08243C6196A8E8167F892/core/variant.cpp.o
                0x0000000000083fb0                serialEvent1()
 .text._Z12serialEvent2v
                0x0000000000083fb2        0x2 /Users/b/Library/Caches/arduino/sketches/614B0FE48FF08243C6196A8E8167F892/core/variant.cpp.o
                0x0000000000083fb2                serialEvent2()
 .text._Z12serialEvent3v
                0x0000000000083fb4        0x2 /Users/b/Library/Caches/arduino/sketches/614B0FE48FF08243C6196A8E8167F892/core/variant.cpp.o
                0x0000000000083fb4                serialEvent3()
 *fill*         0x0000000000083fb6        0x2 
 .text.USART0_Handler
                0x0000000000083fb8        0xc /Users/b/Library/Caches/arduino/sketches/614B0FE48FF08243C6196A8E8167F892/core/variant.cpp.o
                0x0000000000083fb8                USART0_Handler
 .text.USART1_Handler
                0x0000000000083fc4        0xc /Users/b/Library/Caches/arduino/sketches/614B0FE48FF08243C6196A8E8167F892/core/variant.cpp.o
                0x0000000000083fc4                USART1_Handler
 .text.USART3_Handler
                0x0000000000083fd0        0xc /Users/b/Library/Caches/arduino/sketches/614B0FE48FF08243C6196A8E8167F892/core/variant.cpp.o
                0x0000000000083fd0                USART3_Handler
 .text.init     0x0000000000083fdc      0x128 /Users/b/Library/Caches/arduino/sketches/614B0FE48FF08243C6196A8E8167F892/core/variant.cpp.o
                0x0000000000083fdc                init
 .text.startup._GLOBAL__sub_I_g_APinDescription
                0x0000000000084104       0xd4 /Users/b/Library/Caches/arduino/sketches/614B0FE48FF08243C6196A8E8167F892/core/variant.cpp.o
 .text._Z14serialEventRunv
                0x00000000000841d8       0x44 /Users/b/Library/Caches/arduino/sketches/614B0FE48FF08243C6196A8E8167F892/core/variant.cpp.o
                0x00000000000841d8                serialEventRun()
 .text.PIO_PullUp
                0x000000000008421c        0xa /Users/b/Library/Arduino15/packages/arduino/hardware/sam/1.6.12/variants/arduino_due_x/libsam_sam3x8e_gcc_rel.a(pio.o)
                0x000000000008421c                PIO_PullUp
 .text.PIO_Get  0x0000000000084226       0x14 /Users/b/Library/Arduino15/packages/arduino/hardware/sam/1.6.12/variants/arduino_due_x/libsam_sam3x8e_gcc_rel.a(pio.o)
                0x0000000000084226                PIO_Get
 .text.PIO_SetPeripheral
                0x000000000008423a       0x26 /Users/b/Library/Arduino15/packages/arduino/hardware/sam/1.6.12/variants/arduino_due_x/libsam_sam3x8e_gcc_rel.a(pio.o)
                0x000000000008423a                PIO_SetPeripheral
 .text.PIO_SetInput
                0x0000000000084260       0x26 /Users/b/Library/Arduino15/packages/arduino/hardware/sam/1.6.12/variants/arduino_due_x/libsam_sam3x8e_gcc_rel.a(pio.o)
                0x0000000000084260                PIO_SetInput
 .text.PIO_SetOutput
                0x0000000000084286       0x24 /Users/b/Library/Arduino15/packages/arduino/hardware/sam/1.6.12/variants/arduino_due_x/libsam_sam3x8e_gcc_rel.a(pio.o)
                0x0000000000084286                PIO_SetOutput
 *fill*         0x00000000000842aa        0x2 
 .text.PIO_Configure
                0x00000000000842ac       0x64 /Users/b/Library/Arduino15/packages/arduino/hardware/sam/1.6.12/variants/arduino_due_x/libsam_sam3x8e_gcc_rel.a(pio.o)
                0x00000000000842ac                PIO_Configure
 .text.PIO_GetOutputDataStatus
                0x0000000000084310       0x14 /Users/b/Library/Arduino15/packages/arduino/hardware/sam/1.6.12/variants/arduino_due_x/libsam_sam3x8e_gcc_rel.a(pio.o)
                0x0000000000084310                PIO_GetOutputDataStatus
 .text.pmc_enable_upll_clock
                0x0000000000084324       0x14 /Users/b/Library/Arduino15/packages/arduino/hardware/sam/1.6.12/variants/arduino_due_x/libsam_sam3x8e_gcc_rel.a(pmc.o)
                0x0000000000084324                pmc_enable_upll_clock
 .text.pmc_enable_periph_clk
                0x0000000000084338       0x44 /Users/b/Library/Arduino15/packages/arduino/hardware/sam/1.6.12/variants/arduino_due_x/libsam_sam3x8e_gcc_rel.a(pmc.o)
                0x0000000000084338                pmc_enable_periph_clk
 .text.pmc_disable_periph_clk
                0x000000000008437c       0x40 /Users/b/Library/Arduino15/packages/arduino/hardware/sam/1.6.12/variants/arduino_due_x/libsam_sam3x8e_gcc_rel.a(pmc.o)
                0x000000000008437c                pmc_disable_periph_clk
 .text.pmc_switch_udpck_to_upllck
                0x00000000000843bc       0x14 /Users/b/Library/Arduino15/packages/arduino/hardware/sam/1.6.12/variants/arduino_due_x/libsam_sam3x8e_gcc_rel.a(pmc.o)
                0x00000000000843bc                pmc_switch_udpck_to_upllck
 .text.pmc_enable_udpck
                0x00000000000843d0        0xc /Users/b/Library/Arduino15/packages/arduino/hardware/sam/1.6.12/variants/arduino_due_x/libsam_sam3x8e_gcc_rel.a(pmc.o)
                0x00000000000843d0                pmc_enable_udpck
 .text.TC_Configure
                0x00000000000843dc       0x38 /Users/b/Library/Arduino15/packages/arduino/hardware/sam/1.6.12/variants/arduino_due_x/libsam_sam3x8e_gcc_rel.a(tc.o)
                0x00000000000843dc                TC_Configure
 .text.TC_Start
                0x0000000000084414       0x2c /Users/b/Library/Arduino15/packages/arduino/hardware/sam/1.6.12/variants/arduino_due_x/libsam_sam3x8e_gcc_rel.a(tc.o)
                0x0000000000084414                TC_Start
 .text.TC_GetStatus
                0x0000000000084440        0x8 /Users/b/Library/Arduino15/packages/arduino/hardware/sam/1.6.12/variants/arduino_due_x/libsam_sam3x8e_gcc_rel.a(tc.o)
                0x0000000000084440                TC_GetStatus
 .text.TC_SetRA
                0x0000000000084448        0x8 /Users/b/Library/Arduino15/packages/arduino/hardware/sam/1.6.12/variants/arduino_due_x/libsam_sam3x8e_gcc_rel.a(tc.o)
                0x0000000000084448                TC_SetRA
 .text.TC_SetRB
                0x0000000000084450        0x8 /Users/b/Library/Arduino15/packages/arduino/hardware/sam/1.6.12/variants/arduino_due_x/libsam_sam3x8e_gcc_rel.a(tc.o)
                0x0000000000084450                TC_SetRB
 .text.TC_SetRC
                0x0000000000084458        0x8 /Users/b/Library/Arduino15/packages/arduino/hardware/sam/1.6.12/variants/arduino_due_x/libsam_sam3x8e_gcc_rel.a(tc.o)
                0x0000000000084458                TC_SetRC
 .text.TWI_SetClock
                0x0000000000084460       0x58 /Users/b/Library/Arduino15/packages/arduino/hardware/sam/1.6.12/variants/arduino_due_x/libsam_sam3x8e_gcc_rel.a(twi.o)
                0x0000000000084460                TWI_SetClock
 .text.TWI_Disable
                0x00000000000844b8       0x2c /Users/b/Library/Arduino15/packages/arduino/hardware/sam/1.6.12/variants/arduino_due_x/libsam_sam3x8e_gcc_rel.a(twi.o)
                0x00000000000844b8                TWI_Disable
 .text.TWI_ConfigureMaster
                0x00000000000844e4       0x48 /Users/b/Library/Arduino15/packages/arduino/hardware/sam/1.6.12/variants/arduino_due_x/libsam_sam3x8e_gcc_rel.a(twi.o)
                0x00000000000844e4                TWI_ConfigureMaster
 .text.TWI_Stop
                0x000000000008452c       0x28 /Users/b/Library/Arduino15/packages/arduino/hardware/sam/1.6.12/variants/arduino_due_x/libsam_sam3x8e_gcc_rel.a(twi.o)
                0x000000000008452c                TWI_Stop
 .text.TWI_StartRead
                0x0000000000084554       0x70 /Users/b/Library/Arduino15/packages/arduino/hardware/sam/1.6.12/variants/arduino_due_x/libsam_sam3x8e_gcc_rel.a(twi.o)
                0x0000000000084554                TWI_StartRead
 .text.TWI_ReadByte
                0x00000000000845c4       0x28 /Users/b/Library/Arduino15/packages/arduino/hardware/sam/1.6.12/variants/arduino_due_x/libsam_sam3x8e_gcc_rel.a(twi.o)
                0x00000000000845c4                TWI_ReadByte
 .text.TWI_WriteByte
                0x00000000000845ec       0x24 /Users/b/Library/Arduino15/packages/arduino/hardware/sam/1.6.12/variants/arduino_due_x/libsam_sam3x8e_gcc_rel.a(twi.o)
                0x00000000000845ec                TWI_WriteByte
 .text.TWI_StartWrite
                0x0000000000084610       0x7c /Users/b/Library/Arduino15/packages/arduino/hardware/sam/1.6.12/variants/arduino_due_x/libsam_sam3x8e_gcc_rel.a(twi.o)
                0x0000000000084610                TWI_StartWrite
 .text.TWI_ByteReceived
                0x000000000008468c        0x8 /Users/b/Library/Arduino15/packages/arduino/hardware/sam/1.6.12/variants/arduino_due_x/libsam_sam3x8e_gcc_rel.a(twi.o)
                0x000000000008468c                TWI_ByteReceived
 .text.TWI_ByteSent
                0x0000000000084694        0x8 /Users/b/Library/Arduino15/packages/arduino/hardware/sam/1.6.12/variants/arduino_due_x/libsam_sam3x8e_gcc_rel.a(twi.o)
                0x0000000000084694                TWI_ByteSent
 .text.TWI_TransferComplete
                0x000000000008469c        0x8 /Users/b/Library/Arduino15/packages/arduino/hardware/sam/1.6.12/variants/arduino_due_x/libsam_sam3x8e_gcc_rel.a(twi.o)
                0x000000000008469c                TWI_TransferComplete
 .text.TWI_EnableIt
                0x00000000000846a4       0x40 /Users/b/Library/Arduino15/packages/arduino/hardware/sam/1.6.12/variants/arduino_due_x/libsam_sam3x8e_gcc_rel.a(twi.o)
                0x00000000000846a4                TWI_EnableIt
 .text.TWI_DisableIt
                0x00000000000846e4       0x40 /Users/b/Library/Arduino15/packages/arduino/hardware/sam/1.6.12/variants/arduino_due_x/libsam_sam3x8e_gcc_rel.a(twi.o)
                0x00000000000846e4                TWI_DisableIt
 .text.TWI_GetStatus
                0x0000000000084724       0x28 /Users/b/Library/Arduino15/packages/arduino/hardware/sam/1.6.12/variants/arduino_due_x/libsam_sam3x8e_gcc_rel.a(twi.o)
                0x0000000000084724                TWI_GetStatus
 .text.TWI_SendSTOPCondition
                0x000000000008474c       0x2c /Users/b/Library/Arduino15/packages/arduino/hardware/sam/1.6.12/variants/arduino_due_x/libsam_sam3x8e_gcc_rel.a(twi.o)
                0x000000000008474c                TWI_SendSTOPCondition
 .text.SystemInit
                0x0000000000084778       0x88 /Users/b/Library/Arduino15/packages/arduino/hardware/sam/1.6.12/variants/arduino_due_x/libsam_sam3x8e_gcc_rel.a(system_sam3xa.o)
                0x0000000000084778                SystemInit
 .text.Reset_Handler
                0x0000000000084800       0x78 /Users/b/Library/Arduino15/packages/arduino/hardware/sam/1.6.12/variants/arduino_due_x/libsam_sam3x8e_gcc_rel.a(startup_sam3xa.o)
                0x0000000000084800                Reset_Handler
 .text.adc_init
                0x0000000000084878       0x98 /Users/b/Library/Arduino15/packages/arduino/hardware/sam/1.6.12/variants/arduino_due_x/libsam_sam3x8e_gcc_rel.a(adc.o)
                0x0000000000084878                adc_init
 .text.adc_configure_trigger
                0x0000000000084910        0xe /Users/b/Library/Arduino15/packages/arduino/hardware/sam/1.6.12/variants/arduino_due_x/libsam_sam3x8e_gcc_rel.a(adc.o)
                0x0000000000084910                adc_configure_trigger
 .text.adc_configure_timing
                0x000000000008491e       0x1a /Users/b/Library/Arduino15/packages/arduino/hardware/sam/1.6.12/variants/arduino_due_x/libsam_sam3x8e_gcc_rel.a(adc.o)
                0x000000000008491e                adc_configure_timing
 .text.adc_start
                0x0000000000084938        0x6 /Users/b/Library/Arduino15/packages/arduino/hardware/sam/1.6.12/variants/arduino_due_x/libsam_sam3x8e_gcc_rel.a(adc.o)
                0x0000000000084938                adc_start
 .text.adc_enable_channel
                0x000000000008493e        0xa /Users/b/Library/Arduino15/packages/arduino/hardware/sam/1.6.12/variants/arduino_due_x/libsam_sam3x8e_gcc_rel.a(adc.o)
                0x000000000008493e                adc_enable_channel
 .text.adc_disable_channel
                0x0000000000084948        0xa /Users/b/Library/Arduino15/packages/arduino/hardware/sam/1.6.12/variants/arduino_due_x/libsam_sam3x8e_gcc_rel.a(adc.o)
                0x0000000000084948                adc_disable_channel
 .text.adc_disable_all_channel
                0x0000000000084952        0x8 /Users/b/Library/Arduino15/packages/arduino/hardware/sam/1.6.12/variants/arduino_due_x/libsam_sam3x8e_gcc_rel.a(adc.o)
                0x0000000000084952                adc_disable_all_channel
 .text.adc_get_channel_status
                0x000000000008495a        0xa /Users/b/Library/Arduino15/packages/arduino/hardware/sam/1.6.12/variants/arduino_due_x/libsam_sam3x8e_gcc_rel.a(adc.o)
                0x000000000008495a                adc_get_channel_status
 .text.adc_get_latest_value
                0x0000000000084964        0x4 /Users/b/Library/Arduino15/packages/arduino/hardware/sam/1.6.12/variants/arduino_due_x/libsam_sam3x8e_gcc_rel.a(adc.o)
                0x0000000000084964                adc_get_latest_value
 .text.adc_disable_interrupt
                0x0000000000084968        0x4 /Users/b/Library/Arduino15/packages/arduino/hardware/sam/1.6.12/variants/arduino_due_x/libsam_sam3x8e_gcc_rel.a(adc.o)
                0x0000000000084968                adc_disable_interrupt
 .text.adc_get_status
                0x000000000008496c        0x4 /Users/b/Library/Arduino15/packages/arduino/hardware/sam/1.6.12/variants/arduino_due_x/libsam_sam3x8e_gcc_rel.a(adc.o)
                0x000000000008496c                adc_get_status
 .text.UOTGHS_Handler
                0x0000000000084970       0x10 /Users/b/Library/Arduino15/packages/arduino/hardware/sam/1.6.12/variants/arduino_due_x/libsam_sam3x8e_gcc_rel.a(uotghs.o)
                0x0000000000084970                UOTGHS_Handler
 .text._ZN5Print5writeEPKhj
                0x0000000000084980       0x22 /Users/b/Library/Caches/arduino/sketches/614B0FE48FF08243C6196A8E8167F892/../../cores/arduino_sam_arduino_due_x_5280588e834c64e331c93ab3a2fd0cd0/core.a(Print.cpp.o)
                0x0000000000084980                Print::write(unsigned char const*, unsigned int)
 .text._ZN5Print5printEmi.part.3
                0x00000000000849a2        0xc /Users/b/Library/Caches/arduino/sketches/614B0FE48FF08243C6196A8E8167F892/../../cores/arduino_sam_arduino_due_x_5280588e834c64e331c93ab3a2fd0cd0/core.a(Print.cpp.o)
 .text._ZN5Print5writeEPKc
                0x00000000000849ae       0x1e /Users/b/Library/Caches/arduino/sketches/614B0FE48FF08243C6196A8E8167F892/../../cores/arduino_sam_arduino_due_x_5280588e834c64e331c93ab3a2fd0cd0/core.a(Print.cpp.o)
                0x00000000000849ae                Print::write(char const*)
 .text._ZN5Print5printEPKc
                0x00000000000849cc        0x8 /Users/b/Library/Caches/arduino/sketches/614B0FE48FF08243C6196A8E8167F892/../../cores/arduino_sam_arduino_due_x_5280588e834c64e331c93ab3a2fd0cd0/core.a(Print.cpp.o)
                0x00000000000849cc                Print::print(char const*)
 .text._ZN5Print5printEc
                0x00000000000849d4        0xa /Users/b/Library/Caches/arduino/sketches/614B0FE48FF08243C6196A8E8167F892/../../cores/arduino_sam_arduino_due_x_5280588e834c64e331c93ab3a2fd0cd0/core.a(Print.cpp.o)
                0x00000000000849d4                Print::print(char)
 *fill*         0x00000000000849de        0x2 
 .text._ZN5Print7printlnEv
                0x00000000000849e0       0x10 /Users/b/Library/Caches/arduino/sketches/614B0FE48FF08243C6196A8E8167F892/../../cores/arduino_sam_arduino_due_x_5280588e834c64e331c93ab3a2fd0cd0/core.a(Print.cpp.o)
                0x00000000000849e0                Print::println()
 .text._ZN5Print7printlnEPKc
                0x00000000000849f0       0x14 /Users/b/Library/Caches/arduino/sketches/614B0FE48FF08243C6196A8E8167F892/../../cores/arduino_sam_arduino_due_x_5280588e834c64e331c93ab3a2fd0cd0/core.a(Print.cpp.o)
                0x00000000000849f0                Print::println(char const*)
 .text._ZN5Print11printNumberEmh
                0x0000000000084a04       0x3e /Users/b/Library/Caches/arduino/sketches/614B0FE48FF08243C6196A8E8167F892/../../cores/arduino_sam_arduino_due_x_5280588e834c64e331c93ab3a2fd0cd0/core.a(Print.cpp.o)
                0x0000000000084a04                Print::printNumber(unsigned long, unsigned char)
 .text._ZN5Print5printEli
                0x0000000000084a42       0x3c /Users/b/Library/Caches/arduino/sketches/614B0FE48FF08243C6196A8E8167F892/../../cores/arduino_sam_arduino_due_x_5280588e834c64e331c93ab3a2fd0cd0/core.a(Print.cpp.o)
                0x0000000000084a42                Print::print(long, int)
 .text._ZN5Print5printEii
                0x0000000000084a7e        0x4 /Users/b/Library/Caches/arduino/sketches/614B0FE48FF08243C6196A8E8167F892/../../cores/arduino_sam_arduino_due_x_5280588e834c64e331c93ab3a2fd0cd0/core.a(Print.cpp.o)
                0x0000000000084a7e                Print::print(int, int)
 .text._ZN5Print7printlnEii
                0x0000000000084a82       0x14 /Users/b/Library/Caches/arduino/sketches/614B0FE48FF08243C6196A8E8167F892/../../cores/arduino_sam_arduino_due_x_5280588e834c64e331c93ab3a2fd0cd0/core.a(Print.cpp.o)
                0x0000000000084a82                Print::println(int, int)
 .text._ZN5Print5printEmi
                0x0000000000084a96        0xc /Users/b/Library/Caches/arduino/sketches/614B0FE48FF08243C6196A8E8167F892/../../cores/arduino_sam_arduino_due_x_5280588e834c64e331c93ab3a2fd0cd0/core.a(Print.cpp.o)
                0x0000000000084a96                Print::print(unsigned long, int)
 .text._ZN5Print5printEhi
                0x0000000000084aa2        0x4 /Users/b/Library/Caches/arduino/sketches/614B0FE48FF08243C6196A8E8167F892/../../cores/arduino_sam_arduino_due_x_5280588e834c64e331c93ab3a2fd0cd0/core.a(Print.cpp.o)
                0x0000000000084aa2                Print::print(unsigned char, int)
 .text._ZN5Print5printEji
                0x0000000000084aa6        0x4 /Users/b/Library/Caches/arduino/sketches/614B0FE48FF08243C6196A8E8167F892/../../cores/arduino_sam_arduino_due_x_5280588e834c64e331c93ab3a2fd0cd0/core.a(Print.cpp.o)
                0x0000000000084aa6                Print::print(unsigned int, int)
 .text._ZN5Print7printlnEji
                0x0000000000084aaa       0x14 /Users/b/Library/Caches/arduino/sketches/614B0FE48FF08243C6196A8E8167F892/../../cores/arduino_sam_arduino_due_x_5280588e834c64e331c93ab3a2fd0cd0/core.a(Print.cpp.o)
                0x0000000000084aaa                Print::println(unsigned int, int)
 .text._ZN5Print7printlnEmi
                0x0000000000084abe       0x14 /Users/b/Library/Caches/arduino/sketches/614B0FE48FF08243C6196A8E8167F892/../../cores/arduino_sam_arduino_due_x_5280588e834c64e331c93ab3a2fd0cd0/core.a(Print.cpp.o)
                0x0000000000084abe                Print::println(unsigned long, int)
 *fill*         0x0000000000084ad2        0x2 
 .text._ZN5Print10printFloatEdh
                0x0000000000084ad4      0x148 /Users/b/Library/Caches/arduino/sketches/614B0FE48FF08243C6196A8E8167F892/../../cores/arduino_sam_arduino_due_x_5280588e834c64e331c93ab3a2fd0cd0/core.a(Print.cpp.o)
                0x0000000000084ad4                Print::printFloat(double, unsigned char)
 .text._ZN5Print5printEdi
                0x0000000000084c1c        0xa /Users/b/Library/Caches/arduino/sketches/614B0FE48FF08243C6196A8E8167F892/../../cores/arduino_sam_arduino_due_x_5280588e834c64e331c93ab3a2fd0cd0/core.a(Print.cpp.o)
                0x0000000000084c1c                Print::print(double, int)
 .text._ZN5Print7printlnEdi
                0x0000000000084c26       0x1c /Users/b/Library/Caches/arduino/sketches/614B0FE48FF08243C6196A8E8167F892/../../cores/arduino_sam_arduino_due_x_5280588e834c64e331c93ab3a2fd0cd0/core.a(Print.cpp.o)
                0x0000000000084c26                Print::println(double, int)
 .text._ZN10RingBufferC2Ev
                0x0000000000084c42       0x1a /Users/b/Library/Caches/arduino/sketches/614B0FE48FF08243C6196A8E8167F892/../../cores/arduino_sam_arduino_due_x_5280588e834c64e331c93ab3a2fd0cd0/core.a(RingBuffer.cpp.o)
                0x0000000000084c42                RingBuffer::RingBuffer()
                0x0000000000084c42                RingBuffer::RingBuffer()
 .text._ZN10RingBuffer10store_charEh
                0x0000000000084c5c       0x1e /Users/b/Library/Caches/arduino/sketches/614B0FE48FF08243C6196A8E8167F892/../../cores/arduino_sam_arduino_due_x_5280588e834c64e331c93ab3a2fd0cd0/core.a(RingBuffer.cpp.o)
                0x0000000000084c5c                RingBuffer::store_char(unsigned char)
 .text._ZN6Stream9timedPeekEv
                0x0000000000084c7a       0x2a /Users/b/Library/Caches/arduino/sketches/614B0FE48FF08243C6196A8E8167F892/../../cores/arduino_sam_arduino_due_x_5280588e834c64e331c93ab3a2fd0cd0/core.a(Stream.cpp.o)
                0x0000000000084c7a                Stream::timedPeek()
 .text._ZN6Stream13peekNextDigitE13LookaheadModeb
                0x0000000000084ca4       0x54 /Users/b/Library/Caches/arduino/sketches/614B0FE48FF08243C6196A8E8167F892/../../cores/arduino_sam_arduino_due_x_5280588e834c64e331c93ab3a2fd0cd0/core.a(Stream.cpp.o)
                0x0000000000084ca4                Stream::peekNextDigit(LookaheadMode, bool)
 .text._ZN6Stream8parseIntE13LookaheadModec
                0x0000000000084cf8       0x58 /Users/b/Library/Caches/arduino/sketches/614B0FE48FF08243C6196A8E8167F892/../../cores/arduino_sam_arduino_due_x_5280588e834c64e331c93ab3a2fd0cd0/core.a(Stream.cpp.o)
                0x0000000000084cf8                Stream::parseInt(LookaheadMode, char)
 .text._ZN9UARTClasscvbEv
                0x0000000000084d50        0x4 /Users/b/Library/Caches/arduino/sketches/614B0FE48FF08243C6196A8E8167F892/../../cores/arduino_sam_arduino_due_x_5280588e834c64e331c93ab3a2fd0cd0/core.a(UARTClass.cpp.o)
                0x0000000000084d50                UARTClass::operator bool()
 .text._ZN9UARTClass9availableEv
                0x0000000000084d54       0x12 /Users/b/Library/Caches/arduino/sketches/614B0FE48FF08243C6196A8E8167F892/../../cores/arduino_sam_arduino_due_x_5280588e834c64e331c93ab3a2fd0cd0/core.a(UARTClass.cpp.o)
                0x0000000000084d54                UARTClass::available()
 .text._ZN9UARTClass4peekEv
                0x0000000000084d66       0x1c /Users/b/Library/Caches/arduino/sketches/614B0FE48FF08243C6196A8E8167F892/../../cores/arduino_sam_arduino_due_x_5280588e834c64e331c93ab3a2fd0cd0/core.a(UARTClass.cpp.o)
                0x0000000000084d66                UARTClass::peek()
 .text._ZN9UARTClass4readEv
                0x0000000000084d82       0x2a /Users/b/Library/Caches/arduino/sketches/614B0FE48FF08243C6196A8E8167F892/../../cores/arduino_sam_arduino_due_x_5280588e834c64e331c93ab3a2fd0cd0/core.a(UARTClass.cpp.o)
                0x0000000000084d82                UARTClass::read()
 .text._ZN9UARTClass5flushEv
                0x0000000000084dac       0x18 /Users/b/Library/Caches/arduino/sketches/614B0FE48FF08243C6196A8E8167F892/../../cores/arduino_sam_arduino_due_x_5280588e834c64e331c93ab3a2fd0cd0/core.a(UARTClass.cpp.o)
                0x0000000000084dac                UARTClass::flush()
 .text._ZN9UARTClass5writeEh
                0x0000000000084dc4       0x54 /Users/b/Library/Caches/arduino/sketches/614B0FE48FF08243C6196A8E8167F892/../../cores/arduino_sam_arduino_due_x_5280588e834c64e331c93ab3a2fd0cd0/core.a(UARTClass.cpp.o)
                0x0000000000084dc4                UARTClass::write(unsigned char)
 .text._ZN9UARTClass3endEv
                0x0000000000084e18       0x3c /Users/b/Library/Caches/arduino/sketches/614B0FE48FF08243C6196A8E8167F892/../../cores/arduino_sam_arduino_due_x_5280588e834c64e331c93ab3a2fd0cd0/core.a(UARTClass.cpp.o)
                0x0000000000084e18                UARTClass::end()
 .text._ZN9UARTClassC2EP4Uart4IRQnmP10RingBufferS4_
                0x0000000000084e54       0x24 /Users/b/Library/Caches/arduino/sketches/614B0FE48FF08243C6196A8E8167F892/../../cores/arduino_sam_arduino_due_x_5280588e834c64e331c93ab3a2fd0cd0/core.a(UARTClass.cpp.o)
                0x0000000000084e54                UARTClass::UARTClass(Uart*, IRQn, unsigned long, RingBuffer*, RingBuffer*)
                0x0000000000084e54                UARTClass::UARTClass(Uart*, IRQn, unsigned long, RingBuffer*, RingBuffer*)
 .text._ZN9UARTClass4initEmm
                0x0000000000084e78       0x70 /Users/b/Library/Caches/arduino/sketches/614B0FE48FF08243C6196A8E8167F892/../../cores/arduino_sam_arduino_due_x_5280588e834c64e331c93ab3a2fd0cd0/core.a(UARTClass.cpp.o)
                0x0000000000084e78                UARTClass::init(unsigned long, unsigned long)
 .text._ZN9UARTClass5beginEm
                0x0000000000084ee8        0x8 /Users/b/Library/Caches/arduino/sketches/614B0FE48FF08243C6196A8E8167F892/../../cores/arduino_sam_arduino_due_x_5280588e834c64e331c93ab3a2fd0cd0/core.a(UARTClass.cpp.o)
                0x0000000000084ee8                UARTClass::begin(unsigned long)
 .text._ZN9UARTClass10IrqHandlerEv
                0x0000000000084ef0       0x5a /Users/b/Library/Caches/arduino/sketches/614B0FE48FF08243C6196A8E8167F892/../../cores/arduino_sam_arduino_due_x_5280588e834c64e331c93ab3a2fd0cd0/core.a(UARTClass.cpp.o)
                0x0000000000084ef0                UARTClass::IrqHandler()
 .text._ZN10USARTClass5beginEm
                0x0000000000084f4a        0x8 /Users/b/Library/Caches/arduino/sketches/614B0FE48FF08243C6196A8E8167F892/../../cores/arduino_sam_arduino_due_x_5280588e834c64e331c93ab3a2fd0cd0/core.a(USARTClass.cpp.o)
                0x0000000000084f4a                USARTClass::begin(unsigned long)
 *fill*         0x0000000000084f52        0x2 
 .text._ZN10USARTClassC2EP5Usart4IRQnmP10RingBufferS4_
                0x0000000000084f54       0x24 /Users/b/Library/Caches/arduino/sketches/614B0FE48FF08243C6196A8E8167F892/../../cores/arduino_sam_arduino_due_x_5280588e834c64e331c93ab3a2fd0cd0/core.a(USARTClass.cpp.o)
                0x0000000000084f54                USARTClass::USARTClass(Usart*, IRQn, unsigned long, RingBuffer*, RingBuffer*)
                0x0000000000084f54                USARTClass::USARTClass(Usart*, IRQn, unsigned long, RingBuffer*, RingBuffer*)
 .text._ZN7Serial_9availableEv
                0x0000000000084f78       0x18 /Users/b/Library/Caches/arduino/sketches/614B0FE48FF08243C6196A8E8167F892/../../cores/arduino_sam_arduino_due_x_5280588e834c64e331c93ab3a2fd0cd0/core.a(CDC.cpp.o)
                0x0000000000084f78                Serial_::available()
 .text._ZN7Serial_17availableForWriteEv
                0x0000000000084f90        0x6 /Users/b/Library/Caches/arduino/sketches/614B0FE48FF08243C6196A8E8167F892/../../cores/arduino_sam_arduino_due_x_5280588e834c64e331c93ab3a2fd0cd0/core.a(CDC.cpp.o)
                0x0000000000084f90                Serial_::availableForWrite()
 *fill*         0x0000000000084f96        0x2 
 .text._ZN7Serial_4peekEv
                0x0000000000084f98       0x20 /Users/b/Library/Caches/arduino/sketches/614B0FE48FF08243C6196A8E8167F892/../../cores/arduino_sam_arduino_due_x_5280588e834c64e331c93ab3a2fd0cd0/core.a(CDC.cpp.o)
                0x0000000000084f98                Serial_::peek()
 .text._ZN7Serial_5writeEh
                0x0000000000084fb8       0x16 /Users/b/Library/Caches/arduino/sketches/614B0FE48FF08243C6196A8E8167F892/../../cores/arduino_sam_arduino_due_x_5280588e834c64e331c93ab3a2fd0cd0/core.a(CDC.cpp.o)
                0x0000000000084fb8                Serial_::write(unsigned char)
 *fill*         0x0000000000084fce        0x2 
 .text._ZN7Serial_4readEv
                0x0000000000084fd0       0x44 /Users/b/Library/Caches/arduino/sketches/614B0FE48FF08243C6196A8E8167F892/../../cores/arduino_sam_arduino_due_x_5280588e834c64e331c93ab3a2fd0cd0/core.a(CDC.cpp.o)
                0x0000000000084fd0                Serial_::read()
 .text._ZN7Serial_5flushEv
                0x0000000000085014        0x6 /Users/b/Library/Caches/arduino/sketches/614B0FE48FF08243C6196A8E8167F892/../../cores/arduino_sam_arduino_due_x_5280588e834c64e331c93ab3a2fd0cd0/core.a(CDC.cpp.o)
                0x0000000000085014                Serial_::flush()
 *fill*         0x000000000008501a        0x2 
 .text._ZN7Serial_6acceptEv
                0x000000000008501c       0x70 /Users/b/Library/Caches/arduino/sketches/614B0FE48FF08243C6196A8E8167F892/../../cores/arduino_sam_arduino_due_x_5280588e834c64e331c93ab3a2fd0cd0/core.a(CDC.cpp.o)
                0x000000000008501c                Serial_::accept()
 .text._ZN7Serial_5writeEPKhj
                0x000000000008508c       0x2c /Users/b/Library/Caches/arduino/sketches/614B0FE48FF08243C6196A8E8167F892/../../cores/arduino_sam_arduino_due_x_5280588e834c64e331c93ab3a2fd0cd0/core.a(CDC.cpp.o)
                0x000000000008508c                Serial_::write(unsigned char const*, unsigned int)
 .text._Z16CDC_GetInterfacePh
                0x00000000000850b8       0x14 /Users/b/Library/Caches/arduino/sketches/614B0FE48FF08243C6196A8E8167F892/../../cores/arduino_sam_arduino_due_x_5280588e834c64e331c93ab3a2fd0cd0/core.a(CDC.cpp.o)
                0x00000000000850b8                CDC_GetInterface(unsigned char*)
 .text._Z21CDC_GetOtherInterfacePh
                0x00000000000850cc       0x14 /Users/b/Library/Caches/arduino/sketches/614B0FE48FF08243C6196A8E8167F892/../../cores/arduino_sam_arduino_due_x_5280588e834c64e331c93ab3a2fd0cd0/core.a(CDC.cpp.o)
                0x00000000000850cc                CDC_GetOtherInterface(unsigned char*)
 .text._Z9CDC_SetupR8USBSetup
                0x00000000000850e0       0x78 /Users/b/Library/Caches/arduino/sketches/614B0FE48FF08243C6196A8E8167F892/../../cores/arduino_sam_arduino_due_x_5280588e834c64e331c93ab3a2fd0cd0/core.a(CDC.cpp.o)
                0x00000000000850e0                CDC_Setup(USBSetup&)
 .text._ZN7Serial_5beginEm
                0x0000000000085158        0x2 /Users/b/Library/Caches/arduino/sketches/614B0FE48FF08243C6196A8E8167F892/../../cores/arduino_sam_arduino_due_x_5280588e834c64e331c93ab3a2fd0cd0/core.a(CDC.cpp.o)
                0x0000000000085158                Serial_::begin(unsigned long)
 *fill*         0x000000000008515a        0x2 
 .text.startup._GLOBAL__sub_I_cdc_rx_buffer
                0x000000000008515c       0x1c /Users/b/Library/Caches/arduino/sketches/614B0FE48FF08243C6196A8E8167F892/../../cores/arduino_sam_arduino_due_x_5280588e834c64e331c93ab3a2fd0cd0/core.a(CDC.cpp.o)
 .text.unlikely._ZL11USB_SendZlpv
                0x0000000000085178       0x20 /Users/b/Library/Caches/arduino/sketches/614B0FE48FF08243C6196A8E8167F892/../../cores/arduino_sam_arduino_due_x_5280588e834c64e331c93ab3a2fd0cd0/core.a(USBCore.cpp.o)
 .text._Z14USBD_Availablem
                0x0000000000085198       0x2c /Users/b/Library/Caches/arduino/sketches/614B0FE48FF08243C6196A8E8167F892/../../cores/arduino_sam_arduino_due_x_5280588e834c64e331c93ab3a2fd0cd0/core.a(USBCore.cpp.o)
                0x0000000000085198                USBD_Available(unsigned long)
 .text._Z9USBD_RecvmPvm
                0x00000000000851c4       0x7c /Users/b/Library/Caches/arduino/sketches/614B0FE48FF08243C6196A8E8167F892/../../cores/arduino_sam_arduino_due_x_5280588e834c64e331c93ab3a2fd0cd0/core.a(USBCore.cpp.o)
                0x00000000000851c4                USBD_Recv(unsigned long, void*, unsigned long)
 .text._Z9USBD_Recvm
                0x0000000000085240       0x22 /Users/b/Library/Caches/arduino/sketches/614B0FE48FF08243C6196A8E8167F892/../../cores/arduino_sam_arduino_due_x_5280588e834c64e331c93ab3a2fd0cd0/core.a(USBCore.cpp.o)
                0x0000000000085240                USBD_Recv(unsigned long)
 *fill*         0x0000000000085262        0x2 
 .text._Z9USBD_SendmPKvm
                0x0000000000085264       0x4c /Users/b/Library/Caches/arduino/sketches/614B0FE48FF08243C6196A8E8167F892/../../cores/arduino_sam_arduino_due_x_5280588e834c64e331c93ab3a2fd0cd0/core.a(USBCore.cpp.o)
                0x0000000000085264                USBD_Send(unsigned long, void const*, unsigned long)
 .text._Z16USBD_SendControlhPKvm
                0x00000000000852b0       0x40 /Users/b/Library/Caches/arduino/sketches/614B0FE48FF08243C6196A8E8167F892/../../cores/arduino_sam_arduino_due_x_5280588e834c64e331c93ab3a2fd0cd0/core.a(USBCore.cpp.o)
                0x00000000000852b0                USBD_SendControl(unsigned char, void const*, unsigned long)
 .text.unlikely._ZL24USB_SendStringDescriptorPKhi
                0x00000000000852f0       0x64 /Users/b/Library/Caches/arduino/sketches/614B0FE48FF08243C6196A8E8167F892/../../cores/arduino_sam_arduino_due_x_5280588e834c64e331c93ab3a2fd0cd0/core.a(USBCore.cpp.o)
 .text._Z16USBD_RecvControlPvm
                0x0000000000085354       0x1c /Users/b/Library/Caches/arduino/sketches/614B0FE48FF08243C6196A8E8167F892/../../cores/arduino_sam_arduino_due_x_5280588e834c64e331c93ab3a2fd0cd0/core.a(USBCore.cpp.o)
                0x0000000000085354                USBD_RecvControl(void*, unsigned long)
 .text._Z26USBD_ClassInterfaceRequestR8USBSetup
                0x0000000000085370       0x1e /Users/b/Library/Caches/arduino/sketches/614B0FE48FF08243C6196A8E8167F892/../../cores/arduino_sam_arduino_due_x_5280588e834c64e331c93ab3a2fd0cd0/core.a(USBCore.cpp.o)
                0x0000000000085370                USBD_ClassInterfaceRequest(USBSetup&)
 .text._Z19USBD_SendInterfacesv
                0x000000000008538e       0x22 /Users/b/Library/Caches/arduino/sketches/614B0FE48FF08243C6196A8E8167F892/../../cores/arduino_sam_arduino_due_x_5280588e834c64e331c93ab3a2fd0cd0/core.a(USBCore.cpp.o)
                0x000000000008538e                USBD_SendInterfaces()
 .text._Z24USBD_SendOtherInterfacesv
                0x00000000000853b0       0x22 /Users/b/Library/Caches/arduino/sketches/614B0FE48FF08243C6196A8E8167F892/../../cores/arduino_sam_arduino_due_x_5280588e834c64e331c93ab3a2fd0cd0/core.a(USBCore.cpp.o)
                0x00000000000853b0                USBD_SendOtherInterfaces()
 .text._Z10USBD_Flushm
                0x00000000000853d2       0x16 /Users/b/Library/Caches/arduino/sketches/614B0FE48FF08243C6196A8E8167F892/../../cores/arduino_sam_arduino_due_x_5280588e834c64e331c93ab3a2fd0cd0/core.a(USBCore.cpp.o)
                0x00000000000853d2                USBD_Flush(unsigned long)
 .text._ZN10USBDevice_C2Ev
                0x00000000000853e8       0x24 /Users/b/Library/Caches/arduino/sketches/614B0FE48FF08243C6196A8E8167F892/../../cores/arduino_sam_arduino_due_x_5280588e834c64e331c93ab3a2fd0cd0/core.a(USBCore.cpp.o)
                0x00000000000853e8                USBDevice_::USBDevice_()
                0x00000000000853e8                USBDevice_::USBDevice_()
 .text._ZN10USBDevice_6attachEv
                0x000000000008540c       0x20 /Users/b/Library/Caches/arduino/sketches/614B0FE48FF08243C6196A8E8167F892/../../cores/arduino_sam_arduino_due_x_5280588e834c64e331c93ab3a2fd0cd0/core.a(USBCore.cpp.o)
                0x000000000008540c                USBDevice_::attach()
 .text.startup._GLOBAL__sub_I_EndPoints
                0x000000000008542c        0xc /Users/b/Library/Caches/arduino/sketches/614B0FE48FF08243C6196A8E8167F892/../../cores/arduino_sam_arduino_due_x_5280588e834c64e331c93ab3a2fd0cd0/core.a(USBCore.cpp.o)
 .text._ZL7USB_ISRv
                0x0000000000085438      0x454 /Users/b/Library/Caches/arduino/sketches/614B0FE48FF08243C6196A8E8167F892/../../cores/arduino_sam_arduino_due_x_5280588e834c64e331c93ab3a2fd0cd0/core.a(USBCore.cpp.o)
 .text.PIOA_Handler
                0x000000000008588c       0x38 /Users/b/Library/Caches/arduino/sketches/614B0FE48FF08243C6196A8E8167F892/../../cores/arduino_sam_arduino_due_x_5280588e834c64e331c93ab3a2fd0cd0/core.a(WInterrupts.c.o)
                0x000000000008588c                PIOA_Handler
 .text.PIOB_Handler
                0x00000000000858c4       0x38 /Users/b/Library/Caches/arduino/sketches/614B0FE48FF08243C6196A8E8167F892/../../cores/arduino_sam_arduino_due_x_5280588e834c64e331c93ab3a2fd0cd0/core.a(WInterrupts.c.o)
                0x00000000000858c4                PIOB_Handler
 .text.PIOC_Handler
                0x00000000000858fc       0x38 /Users/b/Library/Caches/arduino/sketches/614B0FE48FF08243C6196A8E8167F892/../../cores/arduino_sam_arduino_due_x_5280588e834c64e331c93ab3a2fd0cd0/core.a(WInterrupts.c.o)
                0x00000000000858fc                PIOC_Handler
 .text.PIOD_Handler
                0x0000000000085934       0x38 /Users/b/Library/Caches/arduino/sketches/614B0FE48FF08243C6196A8E8167F892/../../cores/arduino_sam_arduino_due_x_5280588e834c64e331c93ab3a2fd0cd0/core.a(WInterrupts.c.o)
                0x0000000000085934                PIOD_Handler
 .text._Z3maplllll
                0x000000000008596c       0x14 /Users/b/Library/Caches/arduino/sketches/614B0FE48FF08243C6196A8E8167F892/../../cores/arduino_sam_arduino_due_x_5280588e834c64e331c93ab3a2fd0cd0/core.a(WMath.cpp.o)
                0x000000000008596c                map(long, long, long, long, long)
 .text.__cxa_pure_virtual
                0x0000000000085980        0x2 /Users/b/Library/Caches/arduino/sketches/614B0FE48FF08243C6196A8E8167F892/../../cores/arduino_sam_arduino_due_x_5280588e834c64e331c93ab3a2fd0cd0/core.a(abi.cpp.o)
                0x0000000000085980                __cxa_pure_virtual
 .text.__halt   0x0000000000085982        0x2 /Users/b/Library/Caches/arduino/sketches/614B0FE48FF08243C6196A8E8167F892/../../cores/arduino_sam_arduino_due_x_5280588e834c64e331c93ab3a2fd0cd0/core.a(cortex_handlers.c.o)
                0x0000000000085982                SPI0_Handler
                0x0000000000085982                DebugMon_Handler
                0x0000000000085982                DMAC_Handler
                0x0000000000085982                TRNG_Handler
                0x0000000000085982                HardFault_Handler
                0x0000000000085982                NMI_Handler
                0x0000000000085982                ADC_Handler
                0x0000000000085982                SMC_Handler
                0x0000000000085982                RTT_Handler
                0x0000000000085982                EFC1_Handler
                0x0000000000085982                RTC_Handler
                0x0000000000085982                UsageFault_Handler
                0x0000000000085982                WDT_Handler
                0x0000000000085982                HSMCI_Handler
                0x0000000000085982                SSC_Handler
                0x0000000000085982                EFC0_Handler
                0x0000000000085982                PMC_Handler
                0x0000000000085982                PWM_Handler
                0x0000000000085982                MemManage_Handler
                0x0000000000085982                SUPC_Handler
                0x0000000000085982                USART2_Handler
                0x0000000000085982                EMAC_Handler
                0x0000000000085982                BusFault_Handler
                0x0000000000085982                RSTC_Handler
                0x0000000000085982                DACC_Handler
 .text.SVC_Handler
                0x0000000000085984        0x4 /Users/b/Library/Caches/arduino/sketches/614B0FE48FF08243C6196A8E8167F892/../../cores/arduino_sam_arduino_due_x_5280588e834c64e331c93ab3a2fd0cd0/core.a(cortex_handlers.c.o)
                0x0000000000085984                SVC_Handler
 .text.PendSV_Handler
                0x0000000000085988        0x4 /Users/b/Library/Caches/arduino/sketches/614B0FE48FF08243C6196A8E8167F892/../../cores/arduino_sam_arduino_due_x_5280588e834c64e331c93ab3a2fd0cd0/core.a(cortex_handlers.c.o)
                0x0000000000085988                PendSV_Handler
 .text.SysTick_Handler
                0x000000000008598c       0x16 /Users/b/Library/Caches/arduino/sketches/614B0FE48FF08243C6196A8E8167F892/../../cores/arduino_sam_arduino_due_x_5280588e834c64e331c93ab3a2fd0cd0/core.a(cortex_handlers.c.o)
                0x000000000008598c                SysTick_Handler
 .text.__empty  0x00000000000859a2        0x2 /Users/b/Library/Caches/arduino/sketches/614B0FE48FF08243C6196A8E8167F892/../../cores/arduino_sam_arduino_due_x_5280588e834c64e331c93ab3a2fd0cd0/core.a(hooks.c.o)
                0x00000000000859a2                yield
 .text.__false  0x00000000000859a4        0x4 /Users/b/Library/Caches/arduino/sketches/614B0FE48FF08243C6196A8E8167F892/../../cores/arduino_sam_arduino_due_x_5280588e834c64e331c93ab3a2fd0cd0/core.a(hooks.c.o)
                0x00000000000859a4                sysTickHook
 .text.__halt   0x00000000000859a8        0x2 /Users/b/Library/Caches/arduino/sketches/614B0FE48FF08243C6196A8E8167F892/../../cores/arduino_sam_arduino_due_x_5280588e834c64e331c93ab3a2fd0cd0/core.a(hooks.c.o)
                0x00000000000859a8                pendSVHook
                0x00000000000859a8                svcHook
 .text.initVariant
                0x00000000000859aa        0x2 /Users/b/Library/Caches/arduino/sketches/614B0FE48FF08243C6196A8E8167F892/../../cores/arduino_sam_arduino_due_x_5280588e834c64e331c93ab3a2fd0cd0/core.a(main.cpp.o)
                0x00000000000859aa                initVariant
 .text.startup.main
                0x00000000000859ac       0x38 /Users/b/Library/Caches/arduino/sketches/614B0FE48FF08243C6196A8E8167F892/../../cores/arduino_sam_arduino_due_x_5280588e834c64e331c93ab3a2fd0cd0/core.a(main.cpp.o)
                0x00000000000859ac                main
 .text._Znaj    0x00000000000859e4        0x4 /Users/b/Library/Caches/arduino/sketches/614B0FE48FF08243C6196A8E8167F892/../../cores/arduino_sam_arduino_due_x_5280588e834c64e331c93ab3a2fd0cd0/core.a(new.cpp.o)
                0x00000000000859e4                operator new[](unsigned int)
 .text._sbrk    0x00000000000859e8       0x1c /Users/b/Library/Caches/arduino/sketches/614B0FE48FF08243C6196A8E8167F892/../../cores/arduino_sam_arduino_due_x_5280588e834c64e331c93ab3a2fd0cd0/core.a(syscalls_sam3.c.o)
                0x00000000000859e8                _sbrk
 .text.link     0x0000000000085a04        0x6 /Users/b/Library/Caches/arduino/sketches/614B0FE48FF08243C6196A8E8167F892/../../cores/arduino_sam_arduino_due_x_5280588e834c64e331c93ab3a2fd0cd0/core.a(syscalls_sam3.c.o)
                0x0000000000085a04                link
 .text._close   0x0000000000085a0a        0x6 /Users/b/Library/Caches/arduino/sketches/614B0FE48FF08243C6196A8E8167F892/../../cores/arduino_sam_arduino_due_x_5280588e834c64e331c93ab3a2fd0cd0/core.a(syscalls_sam3.c.o)
                0x0000000000085a0a                _close
 .text._fstat   0x0000000000085a10        0xa /Users/b/Library/Caches/arduino/sketches/614B0FE48FF08243C6196A8E8167F892/../../cores/arduino_sam_arduino_due_x_5280588e834c64e331c93ab3a2fd0cd0/core.a(syscalls_sam3.c.o)
                0x0000000000085a10                _fstat
 .text._isatty  0x0000000000085a1a        0x4 /Users/b/Library/Caches/arduino/sketches/614B0FE48FF08243C6196A8E8167F892/../../cores/arduino_sam_arduino_due_x_5280588e834c64e331c93ab3a2fd0cd0/core.a(syscalls_sam3.c.o)
                0x0000000000085a1a                _isatty
 .text._lseek   0x0000000000085a1e        0x4 /Users/b/Library/Caches/arduino/sketches/614B0FE48FF08243C6196A8E8167F892/../../cores/arduino_sam_arduino_due_x_5280588e834c64e331c93ab3a2fd0cd0/core.a(syscalls_sam3.c.o)
                0x0000000000085a1e                _lseek
 .text._read    0x0000000000085a22        0x4 /Users/b/Library/Caches/arduino/sketches/614B0FE48FF08243C6196A8E8167F892/../../cores/arduino_sam_arduino_due_x_5280588e834c64e331c93ab3a2fd0cd0/core.a(syscalls_sam3.c.o)
                0x0000000000085a22                _read
 *fill*         0x0000000000085a26        0x2 
 .text._write   0x0000000000085a28       0x24 /Users/b/Library/Caches/arduino/sketches/614B0FE48FF08243C6196A8E8167F892/../../cores/arduino_sam_arduino_due_x_5280588e834c64e331c93ab3a2fd0cd0/core.a(syscalls_sam3.c.o)
                0x0000000000085a28                _write
 .text._exit    0x0000000000085a4c        0x2 /Users/b/Library/Caches/arduino/sketches/614B0FE48FF08243C6196A8E8167F892/../../cores/arduino_sam_arduino_due_x_5280588e834c64e331c93ab3a2fd0cd0/core.a(syscalls_sam3.c.o)
                0x0000000000085a4c                _exit
 .text._kill    0x0000000000085a4e        0x2 /Users/b/Library/Caches/arduino/sketches/614B0FE48FF08243C6196A8E8167F892/../../cores/arduino_sam_arduino_due_x_5280588e834c64e331c93ab3a2fd0cd0/core.a(syscalls_sam3.c.o)
                0x0000000000085a4e                _kill
 .text._getpid  0x0000000000085a50        0x6 /Users/b/Library/Caches/arduino/sketches/614B0FE48FF08243C6196A8E8167F892/../../cores/arduino_sam_arduino_due_x_5280588e834c64e331c93ab3a2fd0cd0/core.a(syscalls_sam3.c.o)
                0x0000000000085a50                _getpid
 *fill*         0x0000000000085a56        0x2 
 .text._watchdogDefaultSetup
                0x0000000000085a58        0xc /Users/b/Library/Caches/arduino/sketches/614B0FE48FF08243C6196A8E8167F892/../../cores/arduino_sam_arduino_due_x_5280588e834c64e331c93ab3a2fd0cd0/core.a(watchdog.cpp.o)
                0x0000000000085a58                watchdogSetup()
                0x0000000000085a58                _watchdogDefaultSetup
 .text.millis   0x0000000000085a64        0x4 /Users/b/Library/Caches/arduino/sketches/614B0FE48FF08243C6196A8E8167F892/../../cores/arduino_sam_arduino_due_x_5280588e834c64e331c93ab3a2fd0cd0/core.a(wiring.c.o)
                0x0000000000085a64                millis
 .text.micros   0x0000000000085a68       0x74 /Users/b/Library/Caches/arduino/sketches/614B0FE48FF08243C6196A8E8167F892/../../cores/arduino_sam_arduino_due_x_5280588e834c64e331c93ab3a2fd0cd0/core.a(wiring.c.o)
                0x0000000000085a68                micros
 .text.delay    0x0000000000085adc       0x1c /Users/b/Library/Caches/arduino/sketches/614B0FE48FF08243C6196A8E8167F892/../../cores/arduino_sam_arduino_due_x_5280588e834c64e331c93ab3a2fd0cd0/core.a(wiring.c.o)
                0x0000000000085adc                delay
 .text.mapResolution
                0x0000000000085af8       0x12 /Users/b/Library/Caches/arduino/sketches/614B0FE48FF08243C6196A8E8167F892/../../cores/arduino_sam_arduino_due_x_5280588e834c64e331c93ab3a2fd0cd0/core.a(wiring_analog.c.o)
 *fill*         0x0000000000085b0a        0x2 
 .text.analogRead
                0x0000000000085b0c       0x9c /Users/b/Library/Caches/arduino/sketches/614B0FE48FF08243C6196A8E8167F892/../../cores/arduino_sam_arduino_due_x_5280588e834c64e331c93ab3a2fd0cd0/core.a(wiring_analog.c.o)
                0x0000000000085b0c                analogRead
 .text.analogOutputInit
                0x0000000000085ba8        0x2 /Users/b/Library/Caches/arduino/sketches/614B0FE48FF08243C6196A8E8167F892/../../cores/arduino_sam_arduino_due_x_5280588e834c64e331c93ab3a2fd0cd0/core.a(wiring_analog.c.o)
                0x0000000000085ba8                analogOutputInit
 *fill*         0x0000000000085baa        0x2 
 .text.analogWrite
                0x0000000000085bac      0x2c0 /Users/b/Library/Caches/arduino/sketches/614B0FE48FF08243C6196A8E8167F892/../../cores/arduino_sam_arduino_due_x_5280588e834c64e331c93ab3a2fd0cd0/core.a(wiring_analog.c.o)
                0x0000000000085bac                analogWrite
 .text.pinMode  0x0000000000085e6c      0x108 /Users/b/Library/Caches/arduino/sketches/614B0FE48FF08243C6196A8E8167F892/../../cores/arduino_sam_arduino_due_x_5280588e834c64e331c93ab3a2fd0cd0/core.a(wiring_digital.c.o)
                0x0000000000085e6c                pinMode
 .text.digitalWrite
                0x0000000000085f74       0x70 /Users/b/Library/Caches/arduino/sketches/614B0FE48FF08243C6196A8E8167F892/../../cores/arduino_sam_arduino_due_x_5280588e834c64e331c93ab3a2fd0cd0/core.a(wiring_digital.c.o)
                0x0000000000085f74                digitalWrite
 .text.digitalRead
                0x0000000000085fe4       0x44 /Users/b/Library/Caches/arduino/sketches/614B0FE48FF08243C6196A8E8167F892/../../cores/arduino_sam_arduino_due_x_5280588e834c64e331c93ab3a2fd0cd0/core.a(wiring_digital.c.o)
                0x0000000000085fe4                digitalRead
 .text.initiateReset
                0x0000000000086028        0xc /Users/b/Library/Caches/arduino/sketches/614B0FE48FF08243C6196A8E8167F892/../../cores/arduino_sam_arduino_due_x_5280588e834c64e331c93ab3a2fd0cd0/core.a(Reset.cpp.o)
                0x0000000000086028                initiateReset
 .text.cancelReset
                0x0000000000086034       0x10 /Users/b/Library/Caches/arduino/sketches/614B0FE48FF08243C6196A8E8167F892/../../cores/arduino_sam_arduino_due_x_5280588e834c64e331c93ab3a2fd0cd0/core.a(Reset.cpp.o)
                0x0000000000086034                cancelReset
 .text.tickReset
                0x0000000000086044       0x20 /Users/b/Library/Caches/arduino/sketches/614B0FE48FF08243C6196A8E8167F892/../../cores/arduino_sam_arduino_due_x_5280588e834c64e331c93ab3a2fd0cd0/core.a(Reset.cpp.o)
                0x0000000000086044                tickReset
 .text._ZN13PluggableUSB_12getInterfaceEPh
                0x0000000000086064       0x28 /Users/b/Library/Caches/arduino/sketches/614B0FE48FF08243C6196A8E8167F892/../../cores/arduino_sam_arduino_due_x_5280588e834c64e331c93ab3a2fd0cd0/core.a(PluggableUSB.cpp.o)
                0x0000000000086064                PluggableUSB_::getInterface(unsigned char*)
 .text._ZN13PluggableUSB_13getDescriptorER8USBSetup
                0x000000000008608c       0x1c /Users/b/Library/Caches/arduino/sketches/614B0FE48FF08243C6196A8E8167F892/../../cores/arduino_sam_arduino_due_x_5280588e834c64e331c93ab3a2fd0cd0/core.a(PluggableUSB.cpp.o)
                0x000000000008608c                PluggableUSB_::getDescriptor(USBSetup&)
 .text._ZN13PluggableUSB_12getShortNameEPc
                0x00000000000860a8       0x1c /Users/b/Library/Caches/arduino/sketches/614B0FE48FF08243C6196A8E8167F892/../../cores/arduino_sam_arduino_due_x_5280588e834c64e331c93ab3a2fd0cd0/core.a(PluggableUSB.cpp.o)
                0x00000000000860a8                PluggableUSB_::getShortName(char*)
 .text._ZN13PluggableUSB_5setupER8USBSetup
                0x00000000000860c4       0x20 /Users/b/Library/Caches/arduino/sketches/614B0FE48FF08243C6196A8E8167F892/../../cores/arduino_sam_arduino_due_x_5280588e834c64e331c93ab3a2fd0cd0/core.a(PluggableUSB.cpp.o)
                0x00000000000860c4                PluggableUSB_::setup(USBSetup&)
 .text._Z12PluggableUSBv
                0x00000000000860e4       0x28 /Users/b/Library/Caches/arduino/sketches/614B0FE48FF08243C6196A8E8167F892/../../cores/arduino_sam_arduino_due_x_5280588e834c64e331c93ab3a2fd0cd0/core.a(PluggableUSB.cpp.o)
                0x00000000000860e4                PluggableUSB()
 .text.FindClockConfiguration
                0x000000000008610c       0x7c /Users/b/Library/Arduino15/packages/arduino/hardware/sam/1.6.12/variants/arduino_due_x/libsam_sam3x8e_gcc_rel.a(pwmc.o)
 .text.PWMC_ConfigureChannel
                0x0000000000086188       0x60 /Users/b/Library/Arduino15/packages/arduino/hardware/sam/1.6.12/variants/arduino_due_x/libsam_sam3x8e_gcc_rel.a(pwmc.o)
                0x0000000000086188                PWMC_ConfigureChannel
 .text.PWMC_ConfigureClocks
                0x00000000000861e8       0x54 /Users/b/Library/Arduino15/packages/arduino/hardware/sam/1.6.12/variants/arduino_due_x/libsam_sam3x8e_gcc_rel.a(pwmc.o)
                0x00000000000861e8                PWMC_ConfigureClocks
 .text.PWMC_SetPeriod
                0x000000000008623c       0x1a /Users/b/Library/Arduino15/packages/arduino/hardware/sam/1.6.12/variants/arduino_due_x/libsam_sam3x8e_gcc_rel.a(pwmc.o)
                0x000000000008623c                PWMC_SetPeriod
 *fill*         0x0000000000086256        0x2 
 .text.PWMC_SetDutyCycle
                0x0000000000086258       0x44 /Users/b/Library/Arduino15/packages/arduino/hardware/sam/1.6.12/variants/arduino_due_x/libsam_sam3x8e_gcc_rel.a(pwmc.o)
                0x0000000000086258                PWMC_SetDutyCycle
 .text.PWMC_EnableChannel
                0x000000000008629c        0xa /Users/b/Library/Arduino15/packages/arduino/hardware/sam/1.6.12/variants/arduino_due_x/libsam_sam3x8e_gcc_rel.a(pwmc.o)
                0x000000000008629c                PWMC_EnableChannel
 *fill*         0x00000000000862a6        0x2 
 .text.TimeTick_Increment
                0x00000000000862a8       0x10 /Users/b/Library/Arduino15/packages/arduino/hardware/sam/1.6.12/variants/arduino_due_x/libsam_sam3x8e_gcc_rel.a(timetick.o)
                0x00000000000862a8                TimeTick_Increment
 .text.GetTickCount
                0x00000000000862b8        0xc /Users/b/Library/Arduino15/packages/arduino/hardware/sam/1.6.12/variants/arduino_due_x/libsam_sam3x8e_gcc_rel.a(timetick.o)
                0x00000000000862b8                GetTickCount
 .text.WDT_Disable
                0x00000000000862c4        0x8 /Users/b/Library/Arduino15/packages/arduino/hardware/sam/1.6.12/variants/arduino_due_x/libsam_sam3x8e_gcc_rel.a(wdt.o)
                0x00000000000862c4                WDT_Disable
 .text.UDD_SetStack
                0x00000000000862cc        0xc /Users/b/Library/Arduino15/packages/arduino/hardware/sam/1.6.12/variants/arduino_due_x/libsam_sam3x8e_gcc_rel.a(uotghs_device.o)
                0x00000000000862cc                UDD_SetStack
 .text.UDD_Init
                0x00000000000862d8       0xd0 /Users/b/Library/Arduino15/packages/arduino/hardware/sam/1.6.12/variants/arduino_due_x/libsam_sam3x8e_gcc_rel.a(uotghs_device.o)
                0x00000000000862d8                UDD_Init
 .text.UDD_Attach
                0x00000000000863a8       0x50 /Users/b/Library/Arduino15/packages/arduino/hardware/sam/1.6.12/variants/arduino_due_x/libsam_sam3x8e_gcc_rel.a(uotghs_device.o)
                0x00000000000863a8                UDD_Attach
 .text.UDD_InitEP
                0x00000000000863f8       0x2c /Users/b/Library/Arduino15/packages/arduino/hardware/sam/1.6.12/variants/arduino_due_x/libsam_sam3x8e_gcc_rel.a(uotghs_device.o)
                0x00000000000863f8                UDD_InitEP
 .text.UDD_InitEndpoints
                0x0000000000086424       0x3c /Users/b/Library/Arduino15/packages/arduino/hardware/sam/1.6.12/variants/arduino_due_x/libsam_sam3x8e_gcc_rel.a(uotghs_device.o)
                0x0000000000086424                UDD_InitEndpoints
 .text.UDD_WaitIN
                0x0000000000086460       0x10 /Users/b/Library/Arduino15/packages/arduino/hardware/sam/1.6.12/variants/arduino_due_x/libsam_sam3x8e_gcc_rel.a(uotghs_device.o)
                0x0000000000086460                UDD_WaitIN
 .text.UDD_WaitOUT
                0x0000000000086470       0x10 /Users/b/Library/Arduino15/packages/arduino/hardware/sam/1.6.12/variants/arduino_due_x/libsam_sam3x8e_gcc_rel.a(uotghs_device.o)
                0x0000000000086470                UDD_WaitOUT
 .text.UDD_ClearIN
                0x0000000000086480       0x18 /Users/b/Library/Arduino15/packages/arduino/hardware/sam/1.6.12/variants/arduino_due_x/libsam_sam3x8e_gcc_rel.a(uotghs_device.o)
                0x0000000000086480                UDD_ClearIN
 .text.UDD_ClearOUT
                0x0000000000086498       0x18 /Users/b/Library/Arduino15/packages/arduino/hardware/sam/1.6.12/variants/arduino_due_x/libsam_sam3x8e_gcc_rel.a(uotghs_device.o)
                0x0000000000086498                UDD_ClearOUT
 .text.UDD_ReceivedSetupInt
                0x00000000000864b0       0x10 /Users/b/Library/Arduino15/packages/arduino/hardware/sam/1.6.12/variants/arduino_due_x/libsam_sam3x8e_gcc_rel.a(uotghs_device.o)