Archive member included because of file (symbol)

/Users/b/Library/Arduino15/packages/arduino/hardware/sam/1.6.12/variants/arduino_due_x/libsam_sam3x8e_gcc_rel.a(pio.o)
                              /Users/b/Library/Caches/arduino/sketches/B7C5110D6C6C74C4C3A122112789ED50/libraries/due_wire/due_wire.cpp.o (PIO_Configure)
/Users/b/Library/Arduino15/packages/arduino/hardware/sam/1.6.12/variants/arduino_due_x/libsam_sam3x8e_gcc_rel.a(pmc.o)
                              /Users/b/Library/Caches/arduino/sketches/B7C5110D6C6C74C4C3A122112789ED50/libraries/due_can-master/due_can.cpp.o (pmc_enable_periph_clk)
/Users/b/Library/Arduino15/packages/arduino/hardware/sam/1.6.12/variants/arduino_due_x/libsam_sam3x8e_gcc_rel.a(spi.o)
                              /Users/b/Library/Caches/arduino/sketches/B7C5110D6C6C74C4C3A122112789ED50/libraries/SPI/SPI.cpp.o (SPI_Enable)
/Users/b/Library/Arduino15/packages/arduino/hardware/sam/1.6.12/variants/arduino_due_x/libsam_sam3x8e_gcc_rel.a(tc.o)
                              /Users/b/Library/Caches/arduino/sketches/B7C5110D6C6C74C4C3A122112789ED50/libraries/DueTimer/DueTimer.cpp.o (TC_Configure)
/Users/b/Library/Arduino15/packages/arduino/hardware/sam/1.6.12/variants/arduino_due_x/libsam_sam3x8e_gcc_rel.a(twi.o)
                              /Users/b/Library/Caches/arduino/sketches/B7C5110D6C6C74C4C3A122112789ED50/libraries/due_wire/due_wire.cpp.o (TWI_ConfigureMaster)
/Users/b/Library/Arduino15/packages/arduino/hardware/sam/1.6.12/variants/arduino_due_x/libsam_sam3x8e_gcc_rel.a(system_sam3xa.o)
                              /Users/b/Library/Caches/arduino/sketches/B7C5110D6C6C74C4C3A122112789ED50/core/variant.cpp.o (SystemInit)
/Users/b/Library/Arduino15/packages/arduino/hardware/sam/1.6.12/variants/arduino_due_x/libsam_sam3x8e_gcc_rel.a(startup_sam3xa.o)
                              (Reset_Handler)
/Users/b/Library/Arduino15/packages/arduino/hardware/sam/1.6.12/variants/arduino_due_x/libsam_sam3x8e_gcc_rel.a(adc.o)
                              /Users/b/Library/Caches/arduino/sketches/B7C5110D6C6C74C4C3A122112789ED50/core/variant.cpp.o (adc_init)
/Users/b/Library/Arduino15/packages/arduino/hardware/sam/1.6.12/variants/arduino_due_x/libsam_sam3x8e_gcc_rel.a(uotghs.o)
                              /Users/b/Library/Arduino15/packages/arduino/hardware/sam/1.6.12/variants/arduino_due_x/libsam_sam3x8e_gcc_rel.a(startup_sam3xa.o) (UOTGHS_Handler)
/Users/b/Library/Caches/arduino/sketches/B7C5110D6C6C74C4C3A122112789ED50/../../cores/arduino_sam_arduino_due_x_5280588e834c64e331c93ab3a2fd0cd0/core.a(Print.cpp.o)
                              /Users/b/Library/Caches/arduino/sketches/B7C5110D6C6C74C4C3A122112789ED50/libraries/due_wire/due_wire.cpp.o (Print::write(unsigned char const*, unsigned int))
/Users/b/Library/Caches/arduino/sketches/B7C5110D6C6C74C4C3A122112789ED50/../../cores/arduino_sam_arduino_due_x_5280588e834c64e331c93ab3a2fd0cd0/core.a(RingBuffer.cpp.o)
                              /Users/b/Library/Caches/arduino/sketches/B7C5110D6C6C74C4C3A122112789ED50/core/variant.cpp.o (RingBuffer::RingBuffer())
/Users/b/Library/Caches/arduino/sketches/B7C5110D6C6C74C4C3A122112789ED50/../../cores/arduino_sam_arduino_due_x_5280588e834c64e331c93ab3a2fd0cd0/core.a(Stream.cpp.o)
                              /Users/b/Library/Caches/arduino/sketches/B7C5110D6C6C74C4C3A122112789ED50/sketch/gs450h_v3_user.ino.cpp.o (Stream::parseInt(LookaheadMode, char))
/Users/b/Library/Caches/arduino/sketches/B7C5110D6C6C74C4C3A122112789ED50/../../cores/arduino_sam_arduino_due_x_5280588e834c64e331c93ab3a2fd0cd0/core.a(UARTClass.cpp.o)
                              /Users/b/Library/Caches/arduino/sketches/B7C5110D6C6C74C4C3A122112789ED50/sketch/gs450h_v3_user.ino.cpp.o (UARTClass::available())
/Users/b/Library/Caches/arduino/sketches/B7C5110D6C6C74C4C3A122112789ED50/../../cores/arduino_sam_arduino_due_x_5280588e834c64e331c93ab3a2fd0cd0/core.a(USARTClass.cpp.o)
                              /Users/b/Library/Caches/arduino/sketches/B7C5110D6C6C74C4C3A122112789ED50/sketch/gs450h_v3_user.ino.cpp.o (USARTClass::begin(unsigned long))
/Users/b/Library/Caches/arduino/sketches/B7C5110D6C6C74C4C3A122112789ED50/../../cores/arduino_sam_arduino_due_x_5280588e834c64e331c93ab3a2fd0cd0/core.a(CDC.cpp.o)
                              /Users/b/Library/Caches/arduino/sketches/B7C5110D6C6C74C4C3A122112789ED50/sketch/gs450h_v3_user.ino.cpp.o (Serial_::available())
/Users/b/Library/Caches/arduino/sketches/B7C5110D6C6C74C4C3A122112789ED50/../../cores/arduino_sam_arduino_due_x_5280588e834c64e331c93ab3a2fd0cd0/core.a(USBCore.cpp.o)
                              /Users/b/Library/Caches/arduino/sketches/B7C5110D6C6C74C4C3A122112789ED50/../../cores/arduino_sam_arduino_due_x_5280588e834c64e331c93ab3a2fd0cd0/core.a(CDC.cpp.o) (USBD_Available(unsigned long))
/Users/b/Library/Caches/arduino/sketches/B7C5110D6C6C74C4C3A122112789ED50/../../cores/arduino_sam_arduino_due_x_5280588e834c64e331c93ab3a2fd0cd0/core.a(WInterrupts.c.o)
[...]
Memory Configuration

Name             Origin             Length             Attributes
rom              0x0000000000080000 0x0000000000080000 xr
sram0            0x0000000020000000 0x0000000000010000 xrw
sram1            0x0000000020080000 0x0000000000008000 xrw
ram              0x0000000020070000 0x0000000000018000 xrw
*default*        0x0000000000000000 0xffffffffffffffff

Linker script and memory map

LOAD /Users/b/Library/Arduino15/packages/arduino/tools/arm-none-eabi-gcc/4.8.3-2014q1/bin/../lib/gcc/arm-none-eabi/4.8.3/armv7-m/crti.o
LOAD /Users/b/Library/Arduino15/packages/arduino/tools/arm-none-eabi-gcc/4.8.3-2014q1/bin/../lib/gcc/arm-none-eabi/4.8.3/armv7-m/crtbegin.o
LOAD /Users/b/Library/Arduino15/packages/arduino/tools/arm-none-eabi-gcc/4.8.3-2014q1/bin/../lib/gcc/arm-none-eabi/4.8.3/../../../../arm-none-eabi/lib/armv7-m/crt0.o
START GROUP
LOAD /Users/b/Library/Caches/arduino/sketches/B7C5110D6C6C74C4C3A122112789ED50/sketch/gs450h_v3_user.ino.cpp.o
LOAD /Users/b/Library/Caches/arduino/sketches/B7C5110D6C6C74C4C3A122112789ED50/libraries/Metro/Metro.cpp.o
LOAD /Users/b/Library/Caches/arduino/sketches/B7C5110D6C6C74C4C3A122112789ED50/libraries/due_can-master/due_can.cpp.o
LOAD /Users/b/Library/Caches/arduino/sketches/B7C5110D6C6C74C4C3A122112789ED50/libraries/can_common/can_common.cpp.o
LOAD /Users/b/Library/Caches/arduino/sketches/B7C5110D6C6C74C4C3A122112789ED50/libraries/due_wire/due_wire.cpp.o
LOAD /Users/b/Library/Caches/arduino/sketches/B7C5110D6C6C74C4C3A122112789ED50/libraries/Wire_EEPROM/Wire_EEPROM.cpp.o
LOAD /Users/b/Library/Caches/arduino/sketches/B7C5110D6C6C74C4C3A122112789ED50/libraries/ISA/ISA.cpp.o
LOAD /Users/b/Library/Caches/arduino/sketches/B7C5110D6C6C74C4C3A122112789ED50/libraries/SPI/SPI.cpp.o
LOAD /Users/b/Library/Caches/arduino/sketches/B7C5110D6C6C74C4C3A122112789ED50/libraries/DueTimer/DueTimer.cpp.o
LOAD /Users/b/Library/Caches/arduino/sketches/B7C5110D6C6C74C4C3A122112789ED50/core/variant.cpp.o
LOAD /Users/b/Library/Arduino15/packages/arduino/hardware/sam/1.6.12/variants/arduino_due_x/libsam_sam3x8e_gcc_rel.a
LOAD /Users/b/Library/Caches/arduino/sketches/B7C5110D6C6C74C4C3A122112789ED50/../../cores/arduino_sam_arduino_due_x_5280588e834c64e331c93ab3a2fd0cd0/core.a
END GROUP
LOAD /Users/b/Library/Arduino15/packages/arduino/tools/arm-none-eabi-gcc/4.8.3-2014q1/bin/../lib/gcc/arm-none-eabi/4.8.3/../../../../arm-none-eabi/lib/armv7-m/libm.a
LOAD /Users/b/Library/Arduino15/packages/arduino/tools/arm-none-eabi-gcc/4.8.3-2014q1/bin/../lib/gcc/arm-none-eabi/4.8.3/armv7-m/libgcc.a
START GROUP
LOAD /Users/b/Library/Arduino15/packages/arduino/tools/arm-none-eabi-gcc/4.8.3-2014q1/bin/../lib/gcc/arm-none-eabi/4.8.3/armv7-m/libgcc.a
LOAD /Users/b/Library/Arduino15/packages/arduino/tools/arm-none-eabi-gcc/4.8.3-2014q1/bin/../lib/gcc/arm-none-eabi/4.8.3/../../../../arm-none-eabi/lib/armv7-m/libc.a
END GROUP
LOAD /Users/b/Library/Arduino15/packages/arduino/tools/arm-none-eabi-gcc/4.8.3-2014q1/bin/../lib/gcc/arm-none-eabi/4.8.3/armv7-m/crtend.o
LOAD /Users/b/Library/Arduino15/packages/arduino/tools/arm-none-eabi-gcc/4.8.3-2014q1/bin/../lib/gcc/arm-none-eabi/4.8.3/armv7-m/crtn.o

.text           0x0000000000080000     0xf324
                0x0000000000080000                . = ALIGN (0x4)
                0x0000000000080000                _sfixed = .
 *(.vectors .vectors.*)
 .vectors       0x0000000000080000       0xf4 /Users/b/Library/Arduino15/packages/arduino/hardware/sam/1.6.12/variants/arduino_due_x/libsam_sam3x8e_gcc_rel.a(startup_sam3xa.o)
                0x0000000000080000                exception_table
 *(.text .text.* .gnu.linkonce.t.*)
 .text          0x00000000000800f4       0x54 /Users/b/Library/Arduino15/packages/arduino/tools/arm-none-eabi-gcc/4.8.3-2014q1/bin/../lib/gcc/arm-none-eabi/4.8.3/armv7-m/crtbegin.o
 .text._Z14readThermistorifffRf.part.1
                0x0000000000080148      0x100 /Users/b/Library/Caches/arduino/sketches/B7C5110D6C6C74C4C3A122112789ED50/sketch/gs450h_v3_user.ino.cpp.o
 .text._Z8get_gearv
                0x0000000000080248       0x1e /Users/b/Library/Caches/arduino/sketches/B7C5110D6C6C74C4C3A122112789ED50/sketch/gs450h_v3_user.ino.cpp.o
                0x0000000000080248                get_gear()
 *fill*         0x0000000000080266        0x2 
 .text._Z10get_torquev
                0x0000000000080268      0x3dc /Users/b/Library/Caches/arduino/sketches/B7C5110D6C6C74C4C3A122112789ED50/sketch/gs450h_v3_user.ino.cpp.o
                0x0000000000080268                get_torque()
 .text._Z11handle_wifiv
                0x0000000000080644      0x45c /Users/b/Library/Caches/arduino/sketches/B7C5110D6C6C74C4C3A122112789ED50/sketch/gs450h_v3_user.ino.cpp.o
                0x0000000000080644                handle_wifi()
 .text._Z8diag_mthv
                0x0000000000080aa0      0x2c0 /Users/b/Library/Caches/arduino/sketches/B7C5110D6C6C74C4C3A122112789ED50/sketch/gs450h_v3_user.ino.cpp.o
                0x0000000000080aa0                diag_mth()
 .text._Z9printMenuv
                0x0000000000080d60       0xd0 /Users/b/Library/Caches/arduino/sketches/B7C5110D6C6C74C4C3A122112789ED50/sketch/gs450h_v3_user.ino.cpp.o
                0x0000000000080d60                printMenu()
 .text._Z12PrintRawDatav
                0x0000000000080e30      0x208 /Users/b/Library/Caches/arduino/sketches/B7C5110D6C6C74C4C3A122112789ED50/sketch/gs450h_v3_user.ino.cpp.o
                0x0000000000080e30                PrintRawData()
 .text._Z15Cal_minthrottlev
                0x0000000000081038       0x44 /Users/b/Library/Caches/arduino/sketches/B7C5110D6C6C74C4C3A122112789ED50/sketch/gs450h_v3_user.ino.cpp.o
                0x0000000000081038                Cal_minthrottle()
 .text._Z15Cal_maxthrottlev
                0x000000000008107c       0x4c /Users/b/Library/Caches/arduino/sketches/B7C5110D6C6C74C4C3A122112789ED50/sketch/gs450h_v3_user.ino.cpp.o
                0x000000000008107c                Cal_maxthrottle()
 .text._Z10changeGearv
                0x00000000000810c8       0xcc /Users/b/Library/Caches/arduino/sketches/B7C5110D6C6C74C4C3A122112789ED50/sketch/gs450h_v3_user.ino.cpp.o
                0x00000000000810c8                changeGear()
 *fill*         0x0000000000081194        0x4 
 .text._Z12processTempsv
                0x0000000000081198      0x110 /Users/b/Library/Caches/arduino/sketches/B7C5110D6C6C74C4C3A122112789ED50/sketch/gs450h_v3_user.ino.cpp.o
                0x0000000000081198                processTemps()
 .text.startup._GLOBAL__sub_I__Z8get_gearv
                0x00000000000812a8       0x78 /Users/b/Library/Caches/arduino/sketches/B7C5110D6C6C74C4C3A122112789ED50/sketch/gs450h_v3_user.ino.cpp.o
 .text._ZN11EEPROMCLASS5writeI13ControlParamsEEiiRKT_.part.2
                0x0000000000081320       0x5c /Users/b/Library/Caches/arduino/sketches/B7C5110D6C6C74C4C3A122112789ED50/sketch/gs450h_v3_user.ino.cpp.o
 .text.setup    0x000000000008137c      0x218 /Users/b/Library/Caches/arduino/sketches/B7C5110D6C6C74C4C3A122112789ED50/sketch/gs450h_v3_user.ino.cpp.o
                0x000000000008137c                setup
 .text._Z16control_inverterv
                0x0000000000081594      0x2bc /Users/b/Library/Caches/arduino/sketches/B7C5110D6C6C74C4C3A122112789ED50/sketch/gs450h_v3_user.ino.cpp.o
                0x0000000000081594                control_inverter()
 .text._Z12Cal_torque_Dv
                0x0000000000081850       0x60 /Users/b/Library/Caches/arduino/sketches/B7C5110D6C6C74C4C3A122112789ED50/sketch/gs450h_v3_user.ino.cpp.o
                0x0000000000081850                Cal_torque_D()
 .text._Z12Cal_torque_Rv
                0x00000000000818b0       0x60 /Users/b/Library/Caches/arduino/sketches/B7C5110D6C6C74C4C3A122112789ED50/sketch/gs450h_v3_user.ino.cpp.o
                0x00000000000818b0                Cal_torque_R()
 .text._Z12SetPumpSpeedv
                0x0000000000081910       0x50 /Users/b/Library/Caches/arduino/sketches/B7C5110D6C6C74C4C3A122112789ED50/sketch/gs450h_v3_user.ino.cpp.o
                0x0000000000081910                SetPumpSpeed()
 .text._Z13checkforinputv
                0x0000000000081960       0xe4 /Users/b/Library/Caches/arduino/sketches/B7C5110D6C6C74C4C3A122112789ED50/sketch/gs450h_v3_user.ino.cpp.o
                0x0000000000081960                checkforinput()
 *fill*         0x0000000000081a44        0x4 
 .text._Z11Frames100MSv
                0x0000000000081a48      0x218 /Users/b/Library/Caches/arduino/sketches/B7C5110D6C6C74C4C3A122112789ED50/sketch/gs450h_v3_user.ino.cpp.o
                0x0000000000081a48                Frames100MS()
 .text.loop     0x0000000000081c60       0x4c /Users/b/Library/Caches/arduino/sketches/B7C5110D6C6C74C4C3A122112789ED50/sketch/gs450h_v3_user.ino.cpp.o
                0x0000000000081c60                loop
 .text._ZN5MetroC2Em
                0x0000000000081cac        0x4 /Users/b/Library/Caches/arduino/sketches/B7C5110D6C6C74C4C3A122112789ED50/libraries/Metro/Metro.cpp.o
                0x0000000000081cac                Metro::Metro(unsigned long)
                0x0000000000081cac                Metro::Metro(unsigned long)
 .text._ZN5Metro5checkEv
                0x0000000000081cb0       0x24 /Users/b/Library/Caches/arduino/sketches/B7C5110D6C6C74C4C3A122112789ED50/libraries/Metro/Metro.cpp.o
                0x0000000000081cb0                Metro::check()
 .text._ZN6CANRaw12set_baudrateEm
                0x0000000000081cd4       0xcc /Users/b/Library/Caches/arduino/sketches/B7C5110D6C6C74C4C3A122112789ED50/libraries/due_can-master/due_can.cpp.o
                0x0000000000081cd4                CANRaw::set_baudrate(unsigned long)
 .text._ZN6CANRaw6enableEv
                0x0000000000081da0       0x18 /Users/b/Library/Caches/arduino/sketches/B7C5110D6C6C74C4C3A122112789ED50/libraries/due_can-master/due_can.cpp.o
                0x0000000000081da0                CANRaw::enable()
 .text._ZN6CANRaw7disableEv
                0x0000000000081db8       0x18 /Users/b/Library/Caches/arduino/sketches/B7C5110D6C6C74C4C3A122112789ED50/libraries/due_can-master/due_can.cpp.o
                0x0000000000081db8                CANRaw::disable()
 .text._ZN6CANRaw8rx_availEv
                0x0000000000081dd0       0x3e /Users/b/Library/Caches/arduino/sketches/B7C5110D6C6C74C4C3A122112789ED50/libraries/due_can-master/due_can.cpp.o
                0x0000000000081dd0                CANRaw::rx_avail()
 *fill*         0x0000000000081e0e        0x2 
 .text._ZN6CANRaw7irqLockEv
                0x0000000000081e10       0x20 /Users/b/Library/Caches/arduino/sketches/B7C5110D6C6C74C4C3A122112789ED50/libraries/due_can-master/due_can.cpp.o
                0x0000000000081e10                CANRaw::irqLock()
 .text._ZN6CANRaw10irqReleaseEv
                0x0000000000081e30       0x20 /Users/b/Library/Caches/arduino/sketches/B7C5110D6C6C74C4C3A122112789ED50/libraries/due_can-master/due_can.cpp.o
                0x0000000000081e30                CANRaw::irqRelease()
 .text._ZN6CANRaw17initializeBuffersEv
                0x0000000000081e50       0x6c /Users/b/Library/Caches/arduino/sketches/B7C5110D6C6C74C4C3A122112789ED50/libraries/due_can-master/due_can.cpp.o
                0x0000000000081e50                CANRaw::initializeBuffers()
 .text._ZN6CANRaw15addToRingBufferERNS_12ringbuffer_tERK9CAN_FRAME
                0x0000000000081ebc       0x40 /Users/b/Library/Caches/arduino/sketches/B7C5110D6C6C74C4C3A122112789ED50/libraries/due_can-master/due_can.cpp.o
                0x0000000000081ebc                CANRaw::addToRingBuffer(CANRaw::ringbuffer_t&, CAN_FRAME const&)
 .text._ZN6CANRaw20removeFromRingBufferERNS_12ringbuffer_tER9CAN_FRAME
                0x0000000000081efc       0x44 /Users/b/Library/Caches/arduino/sketches/B7C5110D6C6C74C4C3A122112789ED50/libraries/due_can-master/due_can.cpp.o
                0x0000000000081efc                CANRaw::removeFromRingBuffer(CANRaw::ringbuffer_t&, CAN_FRAME&)
 .text._ZN6CANRaw11get_rx_buffER9CAN_FRAME
                0x0000000000081f40       0x22 /Users/b/Library/Caches/arduino/sketches/B7C5110D6C6C74C4C3A122112789ED50/libraries/due_can-master/due_can.cpp.o
                0x0000000000081f40                CANRaw::get_rx_buff(CAN_FRAME&)
 .text._ZN6CANRaw15ringBufferCountERNS_12ringbuffer_tE
                0x0000000000081f62       0x32 /Users/b/Library/Caches/arduino/sketches/B7C5110D6C6C74C4C3A122112789ED50/libraries/due_can-master/due_can.cpp.o
                0x0000000000081f62                CANRaw::ringBufferCount(CANRaw::ringbuffer_t&)
 .text._ZN6CANRaw9availableEv
                0x0000000000081f94       0x1e /Users/b/Library/Caches/arduino/sketches/B7C5110D6C6C74C4C3A122112789ED50/libraries/due_can-master/due_can.cpp.o
                0x0000000000081f94                CANRaw::available()
 .text._ZN6CANRaw10setModeBitEm
                0x0000000000081fb2       0x1c /Users/b/Library/Caches/arduino/sketches/B7C5110D6C6C74C4C3A122112789ED50/libraries/due_can-master/due_can.cpp.o
                0x0000000000081fb2                CANRaw::setModeBit(unsigned long)
 .text._ZN6CANRaw12unsetModeBitEm
                0x0000000000081fce       0x1e /Users/b/Library/Caches/arduino/sketches/B7C5110D6C6C74C4C3A122112789ED50/libraries/due_can-master/due_can.cpp.o
                0x0000000000081fce                CANRaw::unsetModeBit(unsigned long)
 .text._ZN6CANRaw28disable_autobaud_listen_modeEv
                0x0000000000081fec        0x6 /Users/b/Library/Caches/arduino/sketches/B7C5110D6C6C74C4C3A122112789ED50/libraries/due_can-master/due_can.cpp.o
                0x0000000000081fec                CANRaw::disable_autobaud_listen_mode()
 *fill*         0x0000000000081ff2        0x2 
 .text._ZN6CANRawC2EP3Canm
                0x0000000000081ff4       0x7c /Users/b/Library/Caches/arduino/sketches/B7C5110D6C6C74C4C3A122112789ED50/libraries/due_can-master/due_can.cpp.o
                0x0000000000081ff4                CANRaw::CANRaw(Can*, unsigned long)
                0x0000000000081ff4                CANRaw::CANRaw(Can*, unsigned long)
 .text._ZN6CANRaw27enable_autobaud_listen_modeEv
                0x0000000000082070        0x6 /Users/b/Library/Caches/arduino/sketches/B7C5110D6C6C74C4C3A122112789ED50/libraries/due_can-master/due_can.cpp.o
                0x0000000000082070                CANRaw::enable_autobaud_listen_mode()
 .text._ZN6CANRaw17setListenOnlyModeEb
                0x0000000000082076        0xa /Users/b/Library/Caches/arduino/sketches/B7C5110D6C6C74C4C3A122112789ED50/libraries/due_can-master/due_can.cpp.o
                0x0000000000082076                CANRaw::setListenOnlyMode(bool)
 .text._ZN6CANRaw25mailbox_send_transfer_cmdEh
                0x0000000000082080       0x1a /Users/b/Library/Caches/arduino/sketches/B7C5110D6C6C74C4C3A122112789ED50/libraries/due_can-master/due_can.cpp.o
                0x0000000000082080                CANRaw::mailbox_send_transfer_cmd(unsigned char)
 .text._ZN6CANRaw12mailbox_initEh
                0x000000000008209a       0x28 /Users/b/Library/Caches/arduino/sketches/B7C5110D6C6C74C4C3A122112789ED50/libraries/due_can-master/due_can.cpp.o
                0x000000000008209a                CANRaw::mailbox_init(unsigned char)
 .text._ZN6CANRaw17reset_all_mailboxEv
                0x00000000000820c2       0x1e /Users/b/Library/Caches/arduino/sketches/B7C5110D6C6C74C4C3A122112789ED50/libraries/due_can-master/due_can.cpp.o
                0x00000000000820c2                CANRaw::reset_all_mailbox()
 .text._ZN6CANRaw14beginAutoSpeedEv
                0x00000000000820e0       0xb8 /Users/b/Library/Caches/arduino/sketches/B7C5110D6C6C74C4C3A122112789ED50/libraries/due_can-master/due_can.cpp.o
                0x00000000000820e0                CANRaw::beginAutoSpeed()
 .text._ZN6CANRaw12mailbox_readEhPV9CAN_FRAME
                0x0000000000082198       0x8a /Users/b/Library/Caches/arduino/sketches/B7C5110D6C6C74C4C3A122112789ED50/libraries/due_can-master/due_can.cpp.o
                0x0000000000082198                CANRaw::mailbox_read(unsigned char, CAN_FRAME volatile*)
 *fill*         0x0000000000082222        0x2 
 .text._ZN6CANRaw14mailbox_set_idEhmb
                0x0000000000082224       0x2c /Users/b/Library/Caches/arduino/sketches/B7C5110D6C6C74C4C3A122112789ED50/libraries/due_can-master/due_can.cpp.o
                0x0000000000082224                CANRaw::mailbox_set_id(unsigned char, unsigned long, bool)
 .text._ZN6CANRaw20mailbox_set_priorityEhh
                0x0000000000082250       0x1e /Users/b/Library/Caches/arduino/sketches/B7C5110D6C6C74C4C3A122112789ED50/libraries/due_can-master/due_can.cpp.o
                0x0000000000082250                CANRaw::mailbox_set_priority(unsigned char, unsigned char)
 *fill*         0x000000000008226e        0x2 
 .text._ZN6CANRaw23mailbox_set_accept_maskEhmb
                0x0000000000082270       0x48 /Users/b/Library/Caches/arduino/sketches/B7C5110D6C6C74C4C3A122112789ED50/libraries/due_can-master/due_can.cpp.o
                0x0000000000082270                CANRaw::mailbox_set_accept_mask(unsigned char, unsigned long, bool)
 .text._ZN6CANRaw18_setFilterSpecificEhmmb
                0x00000000000822b8       0x44 /Users/b/Library/Caches/arduino/sketches/B7C5110D6C6C74C4C3A122112789ED50/libraries/due_can-master/due_can.cpp.o
                0x00000000000822b8                CANRaw::_setFilterSpecific(unsigned char, unsigned long, unsigned long, bool)
 .text._ZN6CANRaw16mailbox_set_modeEhh
                0x00000000000822fc       0x24 /Users/b/Library/Caches/arduino/sketches/B7C5110D6C6C74C4C3A122112789ED50/libraries/due_can-master/due_can.cpp.o
                0x00000000000822fc                CANRaw::mailbox_set_mode(unsigned char, unsigned char)
 .text._ZN6CANRaw13setNumTXBoxesEi
                0x0000000000082320       0x7e /Users/b/Library/Caches/arduino/sketches/B7C5110D6C6C74C4C3A122112789ED50/libraries/due_can-master/due_can.cpp.o
                0x0000000000082320                CANRaw::setNumTXBoxes(int)
 *fill*         0x000000000008239e        0x2 
 .text._ZN6CANRaw4initEm
                0x00000000000823a0       0xfc /Users/b/Library/Caches/arduino/sketches/B7C5110D6C6C74C4C3A122112789ED50/libraries/due_can-master/due_can.cpp.o
                0x00000000000823a0                CANRaw::init(unsigned long)
 .text._ZN6CANRaw20mailbox_set_databyteEhhh
                0x000000000008249c       0x52 /Users/b/Library/Caches/arduino/sketches/B7C5110D6C6C74C4C3A122112789ED50/libraries/due_can-master/due_can.cpp.o
                0x000000000008249c                CANRaw::mailbox_set_databyte(unsigned char, unsigned char, unsigned char)
 .text._ZN6CANRaw15mailbox_set_rtrEhh
                0x00000000000824ee       0x22 /Users/b/Library/Caches/arduino/sketches/B7C5110D6C6C74C4C3A122112789ED50/libraries/due_can-master/due_can.cpp.o
                0x00000000000824ee                CANRaw::mailbox_set_rtr(unsigned char, unsigned char)
 .text._ZN6CANRaw19mailbox_set_datalenEhh
                0x0000000000082510       0x28 /Users/b/Library/Caches/arduino/sketches/B7C5110D6C6C74C4C3A122112789ED50/libraries/due_can-master/due_can.cpp.o
                0x0000000000082510                CANRaw::mailbox_set_datalen(unsigned char, unsigned char)
 .text._ZN6CANRaw16writeTxRegistersERK9CAN_FRAMEh
                0x0000000000082538       0x5a /Users/b/Library/Caches/arduino/sketches/B7C5110D6C6C74C4C3A122112789ED50/libraries/due_can-master/due_can.cpp.o
                0x0000000000082538                CANRaw::writeTxRegisters(CAN_FRAME const&, unsigned char)
 .text._ZN6CANRaw9sendFrameER9CAN_FRAME
                0x0000000000082592       0x7c /Users/b/Library/Caches/arduino/sketches/B7C5110D6C6C74C4C3A122112789ED50/libraries/due_can-master/due_can.cpp.o
                0x0000000000082592                CANRaw::sendFrame(CAN_FRAME&)
 .text._ZN6CANRaw17findFreeRXMailboxEv
                0x000000000008260e       0x1a /Users/b/Library/Caches/arduino/sketches/B7C5110D6C6C74C4C3A122112789ED50/libraries/due_can-master/due_can.cpp.o
                0x000000000008260e                CANRaw::findFreeRXMailbox()
 .text._ZN6CANRaw10_setFilterEmmb
                0x0000000000082628       0x58 /Users/b/Library/Caches/arduino/sketches/B7C5110D6C6C74C4C3A122112789ED50/libraries/due_can-master/due_can.cpp.o
                0x0000000000082628                CANRaw::_setFilter(unsigned long, unsigned long, bool)
 .text._ZN6CANRaw19mailbox_int_handlerEhm
                0x0000000000082680       0xee /Users/b/Library/Caches/arduino/sketches/B7C5110D6C6C74C4C3A122112789ED50/libraries/due_can-master/due_can.cpp.o
                0x0000000000082680                CANRaw::mailbox_int_handler(unsigned char, unsigned long)
 .text._ZN6CANRaw16interruptHandlerEv
                0x000000000008276e       0xcc /Users/b/Library/Caches/arduino/sketches/B7C5110D6C6C74C4C3A122112789ED50/libraries/due_can-master/due_can.cpp.o
                0x000000000008276e                CANRaw::interruptHandler()
 *fill*         0x000000000008283a        0x2 
 .text.CAN0_Handler
                0x000000000008283c        0xc /Users/b/Library/Caches/arduino/sketches/B7C5110D6C6C74C4C3A122112789ED50/libraries/due_can-master/due_can.cpp.o
                0x000000000008283c                CAN0_Handler
 .text.CAN1_Handler
                0x0000000000082848        0xc /Users/b/Library/Caches/arduino/sketches/B7C5110D6C6C74C4C3A122112789ED50/libraries/due_can-master/due_can.cpp.o
                0x0000000000082848                CAN1_Handler
 .text.startup._GLOBAL__sub_I__ZN6CANRawC2EP3Canm
                0x0000000000082854       0x2c /Users/b/Library/Caches/arduino/sketches/B7C5110D6C6C74C4C3A122112789ED50/libraries/due_can-master/due_can.cpp.o
 .text._ZN11CANListener8gotFrameEP9CAN_FRAMEi
                0x0000000000082880        0x2 /Users/b/Library/Caches/arduino/sketches/B7C5110D6C6C74C4C3A122112789ED50/libraries/can_common/can_common.cpp.o
                0x0000000000082880                CANListener::gotFrame(CAN_FRAME*, int)
 *fill*         0x0000000000082882        0x2 
 .text._ZN11CANListenerC2Ev
                0x0000000000082884       0x14 /Users/b/Library/Caches/arduino/sketches/B7C5110D6C6C74C4C3A122112789ED50/libraries/can_common/can_common.cpp.o
                0x0000000000082884                CANListener::CANListener()
                0x0000000000082884                CANListener::CANListener()
 .text._ZN11CANListener15attachMBHandlerEh
                0x0000000000082898       0x14 /Users/b/Library/Caches/arduino/sketches/B7C5110D6C6C74C4C3A122112789ED50/libraries/can_common/can_common.cpp.o
                0x0000000000082898                CANListener::attachMBHandler(unsigned char)
 .text._ZN11CANListener16isCallbackActiveEi
                0x00000000000828ac        0xa /Users/b/Library/Caches/arduino/sketches/B7C5110D6C6C74C4C3A122112789ED50/libraries/can_common/can_common.cpp.o
                0x00000000000828ac                CANListener::isCallbackActive(int)
 *fill*         0x00000000000828b6        0x2 
 .text._ZN10CAN_COMMONC2Ei
                0x00000000000828b8       0x30 /Users/b/Library/Caches/arduino/sketches/B7C5110D6C6C74C4C3A122112789ED50/libraries/can_common/can_common.cpp.o
                0x00000000000828b8                CAN_COMMON::CAN_COMMON(int)
                0x00000000000828b8                CAN_COMMON::CAN_COMMON(int)
 .text._ZN10CAN_COMMON5beginEm
                0x00000000000828e8        0xa /Users/b/Library/Caches/arduino/sketches/B7C5110D6C6C74C4C3A122112789ED50/libraries/can_common/can_common.cpp.o
                0x00000000000828e8                CAN_COMMON::begin(unsigned long)
 .text._ZN10CAN_COMMON5beginEmh
                0x00000000000828f2        0xc /Users/b/Library/Caches/arduino/sketches/B7C5110D6C6C74C4C3A122112789ED50/libraries/can_common/can_common.cpp.o
                0x00000000000828f2                CAN_COMMON::begin(unsigned long, unsigned char)
 .text._ZN10CAN_COMMON9attachObjEP11CANListener
                0x00000000000828fe       0x1e /Users/b/Library/Caches/arduino/sketches/B7C5110D6C6C74C4C3A122112789ED50/libraries/can_common/can_common.cpp.o
                0x00000000000828fe                CAN_COMMON::attachObj(CANListener*)
 .text._ZN10CAN_COMMON11setRXFilterEhmmb
                0x000000000008291c       0x12 /Users/b/Library/Caches/arduino/sketches/B7C5110D6C6C74C4C3A122112789ED50/libraries/can_common/can_common.cpp.o
                0x000000000008291c                CAN_COMMON::setRXFilter(unsigned char, unsigned long, unsigned long, bool)
 .text._ZN7TwoWire5writeEPKht
                0x000000000008292e       0x5a /Users/b/Library/Caches/arduino/sketches/B7C5110D6C6C74C4C3A122112789ED50/libraries/due_wire/due_wire.cpp.o
                0x000000000008292e                TwoWire::write(unsigned char const*, unsigned short)
 .text._ZN7TwoWire5writeEPKhi
                0x0000000000082988        0xc /Users/b/Library/Caches/arduino/sketches/B7C5110D6C6C74C4C3A122112789ED50/libraries/due_wire/due_wire.cpp.o
                0x0000000000082988                TwoWire::write(unsigned char const*, int)
 .text._ZN7TwoWire9availableEv
                0x0000000000082994        0xc /Users/b/Library/Caches/arduino/sketches/B7C5110D6C6C74C4C3A122112789ED50/libraries/due_wire/due_wire.cpp.o
                0x0000000000082994                TwoWire::available()
 .text._ZN7TwoWire4readEv
                0x00000000000829a0       0x1e /Users/b/Library/Caches/arduino/sketches/B7C5110D6C6C74C4C3A122112789ED50/libraries/due_wire/due_wire.cpp.o
                0x00000000000829a0                TwoWire::read()
 .text._ZN7TwoWire4peekEv
                0x00000000000829be       0x16 /Users/b/Library/Caches/arduino/sketches/B7C5110D6C6C74C4C3A122112789ED50/libraries/due_wire/due_wire.cpp.o
                0x00000000000829be                TwoWire::peek()
 .text._ZN7TwoWire5flushEv
                0x00000000000829d4        0x2 /Users/b/Library/Caches/arduino/sketches/B7C5110D6C6C74C4C3A122112789ED50/libraries/due_wire/due_wire.cpp.o
                0x00000000000829d4                TwoWire::flush()
 .text._ZN7TwoWire5writeEh
                0x00000000000829d6       0x40 /Users/b/Library/Caches/arduino/sketches/B7C5110D6C6C74C4C3A122112789ED50/libraries/due_wire/due_wire.cpp.o
                0x00000000000829d6                TwoWire::write(unsigned char)
 *fill*         0x0000000000082a16        0x2 
 .text._ZL16TWI_WaitByteSentP3Twim.constprop.3
                0x0000000000082a18       0x28 /Users/b/Library/Caches/arduino/sketches/B7C5110D6C6C74C4C3A122112789ED50/libraries/due_wire/due_wire.cpp.o
 .text._ZL24TWI_WaitTransferCompleteP3Twim.constprop.4
                0x0000000000082a40       0x28 /Users/b/Library/Caches/arduino/sketches/B7C5110D6C6C74C4C3A122112789ED50/libraries/due_wire/due_wire.cpp.o
 .text._ZL9Wire_Initv
                0x0000000000082a68       0x54 /Users/b/Library/Caches/arduino/sketches/B7C5110D6C6C74C4C3A122112789ED50/libraries/due_wire/due_wire.cpp.o
 .text._ZL10Wire1_Initv
                0x0000000000082abc       0x54 /Users/b/Library/Caches/arduino/sketches/B7C5110D6C6C74C4C3A122112789ED50/libraries/due_wire/due_wire.cpp.o
 .text._ZN7TwoWireC2EP3TwiPFvvE
                0x0000000000082b10       0x3c /Users/b/Library/Caches/arduino/sketches/B7C5110D6C6C74C4C3A122112789ED50/libraries/due_wire/due_wire.cpp.o
                0x0000000000082b10                TwoWire::TwoWire(Twi*, void (*)())
                0x0000000000082b10                TwoWire::TwoWire(Twi*, void (*)())
 .text._ZN7TwoWire5beginEm
                0x0000000000082b4c       0x30 /Users/b/Library/Caches/arduino/sketches/B7C5110D6C6C74C4C3A122112789ED50/libraries/due_wire/due_wire.cpp.o
                0x0000000000082b4c                TwoWire::begin(unsigned long)
 .text._ZN7TwoWire5beginEv
                0x0000000000082b7c        0xc /Users/b/Library/Caches/arduino/sketches/B7C5110D6C6C74C4C3A122112789ED50/libraries/due_wire/due_wire.cpp.o
                0x0000000000082b7c                TwoWire::begin()
 .text._ZN7TwoWire11requestFromEhth
                0x0000000000082b88       0x7c /Users/b/Library/Caches/arduino/sketches/B7C5110D6C6C74C4C3A122112789ED50/libraries/due_wire/due_wire.cpp.o
                0x0000000000082b88                TwoWire::requestFrom(unsigned char, unsigned short, unsigned char)
 .text._ZN7TwoWire11requestFromEht
                0x0000000000082c04        0x6 /Users/b/Library/Caches/arduino/sketches/B7C5110D6C6C74C4C3A122112789ED50/libraries/due_wire/due_wire.cpp.o
                0x0000000000082c04                TwoWire::requestFrom(unsigned char, unsigned short)
 .text._ZN7TwoWire17beginTransmissionEh
                0x0000000000082c0a       0x12 /Users/b/Library/Caches/arduino/sketches/B7C5110D6C6C74C4C3A122112789ED50/libraries/due_wire/due_wire.cpp.o
                0x0000000000082c0a                TwoWire::beginTransmission(unsigned char)
 .text._ZN7TwoWire15endTransmissionEh
                0x0000000000082c1c       0x6e /Users/b/Library/Caches/arduino/sketches/B7C5110D6C6C74C4C3A122112789ED50/libraries/due_wire/due_wire.cpp.o
                0x0000000000082c1c                TwoWire::endTransmission(unsigned char)
 .text._ZN7TwoWire9onServiceEv
                0x0000000000082c8a      0x12a /Users/b/Library/Caches/arduino/sketches/B7C5110D6C6C74C4C3A122112789ED50/libraries/due_wire/due_wire.cpp.o
                0x0000000000082c8a                TwoWire::onService()
 .text.TWI1_Handler
                0x0000000000082db4        0xc /Users/b/Library/Caches/arduino/sketches/B7C5110D6C6C74C4C3A122112789ED50/libraries/due_wire/due_wire.cpp.o
                0x0000000000082db4                TWI1_Handler
 .text.TWI0_Handler
                0x0000000000082dc0        0xc /Users/b/Library/Caches/arduino/sketches/B7C5110D6C6C74C4C3A122112789ED50/libraries/due_wire/due_wire.cpp.o
                0x0000000000082dc0                TWI0_Handler
 .text.startup._GLOBAL__sub_I__ZN7TwoWireC2EP3TwiPFvvE
                0x0000000000082dcc       0x34 /Users/b/Library/Caches/arduino/sketches/B7C5110D6C6C74C4C3A122112789ED50/libraries/due_wire/due_wire.cpp.o
 .text._ZN11EEPROMCLASS8setWPPinEh
                0x0000000000082e00       0x18 /Users/b/Library/Caches/arduino/sketches/B7C5110D6C6C74C4C3A122112789ED50/libraries/Wire_EEPROM/Wire_EEPROM.cpp.o
                0x0000000000082e00                EEPROMCLASS::setWPPin(unsigned char)
 .text._ZN11EEPROMCLASSC2Ev
                0x0000000000082e18       0x24 /Users/b/Library/Caches/arduino/sketches/B7C5110D6C6C74C4C3A122112789ED50/libraries/Wire_EEPROM/Wire_EEPROM.cpp.o
                0x0000000000082e18                EEPROMCLASS::EEPROMCLASS()
                0x0000000000082e18                EEPROMCLASS::EEPROMCLASS()
 .text.startup._GLOBAL__sub_I__ZN11EEPROMCLASS8readByteEm
                0x0000000000082e3c        0xc /Users/b/Library/Caches/arduino/sketches/B7C5110D6C6C74C4C3A122112789ED50/libraries/Wire_EEPROM/Wire_EEPROM.cpp.o
 .text._ZN3ISAC2Ev
                0x0000000000082e48       0x38 /Users/b/Library/Caches/arduino/sketches/B7C5110D6C6C74C4C3A122112789ED50/libraries/ISA/ISA.cpp.o
                0x0000000000082e48                ISA::ISA()
                0x0000000000082e48                ISA::ISA()
 .text._ZN3ISAD2Ev
                0x0000000000082e80        0xc /Users/b/Library/Caches/arduino/sketches/B7C5110D6C6C74C4C3A122112789ED50/libraries/ISA/ISA.cpp.o
                0x0000000000082e80                ISA::~ISA()
                0x0000000000082e80                ISA::~ISA()
 .text._ZN3ISA9handle521EP9CAN_FRAME
                0x0000000000082e8c       0xb0 /Users/b/Library/Caches/arduino/sketches/B7C5110D6C6C74C4C3A122112789ED50/libraries/ISA/ISA.cpp.o
                0x0000000000082e8c                ISA::handle521(CAN_FRAME*)
 .text._ZN3ISA9handle522EP9CAN_FRAME
                0x0000000000082f3c      0x138 /Users/b/Library/Caches/arduino/sketches/B7C5110D6C6C74C4C3A122112789ED50/libraries/ISA/ISA.cpp.o
                0x0000000000082f3c                ISA::handle522(CAN_FRAME*)
 .text._ZN3ISA9handle523EP9CAN_FRAME
                0x0000000000083074      0x124 /Users/b/Library/Caches/arduino/sketches/B7C5110D6C6C74C4C3A122112789ED50/libraries/ISA/ISA.cpp.o
                0x0000000000083074                ISA::handle523(CAN_FRAME*)
 .text._ZN3ISA9handle524EP9CAN_FRAME
                0x0000000000083198      0x114 /Users/b/Library/Caches/arduino/sketches/B7C5110D6C6C74C4C3A122112789ED50/libraries/ISA/ISA.cpp.o
                0x0000000000083198                ISA::handle524(CAN_FRAME*)
 .text._ZN3ISA9handle525EP9CAN_FRAME
                0x00000000000832ac       0x84 /Users/b/Library/Caches/arduino/sketches/B7C5110D6C6C74C4C3A122112789ED50/libraries/ISA/ISA.cpp.o
                0x00000000000832ac                ISA::handle525(CAN_FRAME*)
 .text._ZN3ISA9handle526EP9CAN_FRAME
                0x0000000000083330       0xac /Users/b/Library/Caches/arduino/sketches/B7C5110D6C6C74C4C3A122112789ED50/libraries/ISA/ISA.cpp.o
                0x0000000000083330                ISA::handle526(CAN_FRAME*)
 *fill*         0x00000000000833dc        0x4 
 .text._ZN3ISA9handle527EP9CAN_FRAME
                0x00000000000833e0      0x148 /Users/b/Library/Caches/arduino/sketches/B7C5110D6C6C74C4C3A122112789ED50/libraries/ISA/ISA.cpp.o
                0x00000000000833e0                ISA::handle527(CAN_FRAME*)
 .text._ZN3ISA9handle528EP9CAN_FRAME
                0x0000000000083528       0xd8 /Users/b/Library/Caches/arduino/sketches/B7C5110D6C6C74C4C3A122112789ED50/libraries/ISA/ISA.cpp.o
                0x0000000000083528                ISA::handle528(CAN_FRAME*)
 .text._ZN3ISA8printCANEP9CAN_FRAME
                0x0000000000083600       0xfc /Users/b/Library/Caches/arduino/sketches/B7C5110D6C6C74C4C3A122112789ED50/libraries/ISA/ISA.cpp.o
                0x0000000000083600                ISA::printCAN(CAN_FRAME*)
 .text._ZN3ISA8gotFrameEP9CAN_FRAMEi
                0x00000000000836fc       0x60 /Users/b/Library/Caches/arduino/sketches/B7C5110D6C6C74C4C3A122112789ED50/libraries/ISA/ISA.cpp.o
                0x00000000000836fc                ISA::gotFrame(CAN_FRAME*, int)
 .text._ZN3ISA4STOPEv
                0x000000000008375c       0x64 /Users/b/Library/Caches/arduino/sketches/B7C5110D6C6C74C4C3A122112789ED50/libraries/ISA/ISA.cpp.o
                0x000000000008375c                ISA::STOP()
 .text._ZN3ISA9sendSTOREEv
                0x00000000000837c0       0x64 /Users/b/Library/Caches/arduino/sketches/B7C5110D6C6C74C4C3A122112789ED50/libraries/ISA/ISA.cpp.o
                0x00000000000837c0                ISA::sendSTORE()
 .text._ZN3ISA5STARTEv
                0x0000000000083824       0x64 /Users/b/Library/Caches/arduino/sketches/B7C5110D6C6C74C4C3A122112789ED50/libraries/ISA/ISA.cpp.o
                0x0000000000083824                ISA::START()
 .text._ZN3ISA11initCurrentEv
                0x0000000000083888       0xbc /Users/b/Library/Caches/arduino/sketches/B7C5110D6C6C74C4C3A122112789ED50/libraries/ISA/ISA.cpp.o
                0x0000000000083888                ISA::initCurrent()
 .text._ZN11EEPROMCLASS5writeI5EPROMEEiiRKT_
                0x0000000000083944       0x7c /Users/b/Library/Caches/arduino/sketches/B7C5110D6C6C74C4C3A122112789ED50/libraries/ISA/ISA.cpp.o
                0x0000000000083944                int EEPROMCLASS::write<EPROM>(int, EPROM const&)
 .text._ZN3ISA15initializeEPROMEv
                0x00000000000839c0       0xc8 /Users/b/Library/Caches/arduino/sketches/B7C5110D6C6C74C4C3A122112789ED50/libraries/ISA/ISA.cpp.o
                0x00000000000839c0                ISA::initializeEPROM()
 .text._ZN3ISA5beginEii
                0x0000000000083a88       0x84 /Users/b/Library/Caches/arduino/sketches/B7C5110D6C6C74C4C3A122112789ED50/libraries/ISA/ISA.cpp.o
                0x0000000000083a88                ISA::begin(int, int)
 .text._ZL10SPI_0_Initv
                0x0000000000083b0c       0x48 /Users/b/Library/Caches/arduino/sketches/B7C5110D6C6C74C4C3A122112789ED50/libraries/SPI/SPI.cpp.o
 .text.startup._GLOBAL__sub_I__ZN8SPIClassC2EP3SpimPFvvE
                0x0000000000083b54       0x24 /Users/b/Library/Caches/arduino/sketches/B7C5110D6C6C74C4C3A122112789ED50/libraries/SPI/SPI.cpp.o
 .text.TC0_Handler
                0x0000000000083b78       0x1c /Users/b/Library/Caches/arduino/sketches/B7C5110D6C6C74C4C3A122112789ED50/libraries/DueTimer/DueTimer.cpp.o
                0x0000000000083b78                TC0_Handler
 .text.TC1_Handler
                0x0000000000083b94       0x1c /Users/b/Library/Caches/arduino/sketches/B7C5110D6C6C74C4C3A122112789ED50/libraries/DueTimer/DueTimer.cpp.o
                0x0000000000083b94                TC1_Handler
 .text.TC2_Handler
                0x0000000000083bb0       0x1c /Users/b/Library/Caches/arduino/sketches/B7C5110D6C6C74C4C3A122112789ED50/libraries/DueTimer/DueTimer.cpp.o
                0x0000000000083bb0                TC2_Handler
 .text.TC3_Handler
                0x0000000000083bcc       0x1c /Users/b/Library/Caches/arduino/sketches/B7C5110D6C6C74C4C3A122112789ED50/libraries/DueTimer/DueTimer.cpp.o
                0x0000000000083bcc                TC3_Handler
 .text.TC4_Handler
                0x0000000000083be8       0x1c /Users/b/Library/Caches/arduino/sketches/B7C5110D6C6C74C4C3A122112789ED50/libraries/DueTimer/DueTimer.cpp.o
                0x0000000000083be8                TC4_Handler
 .text.TC5_Handler
                0x0000000000083c04       0x1c /Users/b/Library/Caches/arduino/sketches/B7C5110D6C6C74C4C3A122112789ED50/libraries/DueTimer/DueTimer.cpp.o
                0x0000000000083c04                TC5_Handler
 .text.TC6_Handler
                0x0000000000083c20       0x1c /Users/b/Library/Caches/arduino/sketches/B7C5110D6C6C74C4C3A122112789ED50/libraries/DueTimer/DueTimer.cpp.o
                0x0000000000083c20                TC6_Handler
 .text.TC7_Handler
                0x0000000000083c3c       0x1c /Users/b/Library/Caches/arduino/sketches/B7C5110D6C6C74C4C3A122112789ED50/libraries/DueTimer/DueTimer.cpp.o
                0x0000000000083c3c                TC7_Handler
 .text.TC8_Handler
                0x0000000000083c58       0x1c /Users/b/Library/Caches/arduino/sketches/B7C5110D6C6C74C4C3A122112789ED50/libraries/DueTimer/DueTimer.cpp.o
                0x0000000000083c58                TC8_Handler
 .text.startup._GLOBAL__sub_I__ZN8DueTimer6TimersE
                0x0000000000083c74       0x64 /Users/b/Library/Caches/arduino/sketches/B7C5110D6C6C74C4C3A122112789ED50/libraries/DueTimer/DueTimer.cpp.o
 .text._Z11serialEventv
                0x0000000000083cd8        0x2 /Users/b/Library/Caches/arduino/sketches/B7C5110D6C6C74C4C3A122112789ED50/core/variant.cpp.o
                0x0000000000083cd8                serialEvent()
 *fill*         0x0000000000083cda        0x2 
 .text.UART_Handler
                0x0000000000083cdc        0xc /Users/b/Library/Caches/arduino/sketches/B7C5110D6C6C74C4C3A122112789ED50/core/variant.cpp.o
                0x0000000000083cdc                UART_Handler
 .text._Z12serialEvent1v
                0x0000000000083ce8        0x2 /Users/b/Library/Caches/arduino/sketches/B7C5110D6C6C74C4C3A122112789ED50/core/variant.cpp.o
                0x0000000000083ce8                serialEvent1()
 .text._Z12serialEvent2v
                0x0000000000083cea        0x2 /Users/b/Library/Caches/arduino/sketches/B7C5110D6C6C74C4C3A122112789ED50/core/variant.cpp.o
                0x0000000000083cea                serialEvent2()
 .text._Z12serialEvent3v
                0x0000000000083cec        0x2 /Users/b/Library/Caches/arduino/sketches/B7C5110D6C6C74C4C3A122112789ED50/core/variant.cpp.o
                0x0000000000083cec                serialEvent3()
 *fill*         0x0000000000083cee        0x2 
 .text.USART0_Handler
                0x0000000000083cf0        0xc /Users/b/Library/Caches/arduino/sketches/B7C5110D6C6C74C4C3A122112789ED50/core/variant.cpp.o
                0x0000000000083cf0                USART0_Handler
 .text.USART1_Handler
                0x0000000000083cfc        0xc /Users/b/Library/Caches/arduino/sketches/B7C5110D6C6C74C4C3A122112789ED50/core/variant.cpp.o
                0x0000000000083cfc                USART1_Handler
 .text.USART3_Handler
                0x0000000000083d08        0xc /Users/b/Library/Caches/arduino/sketches/B7C5110D6C6C74C4C3A122112789ED50/core/variant.cpp.o
                0x0000000000083d08                USART3_Handler
 .text.init     0x0000000000083d14      0x128 /Users/b/Library/Caches/arduino/sketches/B7C5110D6C6C74C4C3A122112789ED50/core/variant.cpp.o
                0x0000000000083d14                init
 .text.startup._GLOBAL__sub_I_g_APinDescription
                0x0000000000083e3c       0xd4 /Users/b/Library/Caches/arduino/sketches/B7C5110D6C6C74C4C3A122112789ED50/core/variant.cpp.o
 .text._Z14serialEventRunv
                0x0000000000083f10       0x44 /Users/b/Library/Caches/arduino/sketches/B7C5110D6C6C74C4C3A122112789ED50/core/variant.cpp.o
                0x0000000000083f10                serialEventRun()
 .text.PIO_PullUp
                0x0000000000083f54        0xa /Users/b/Library/Arduino15/packages/arduino/hardware/sam/1.6.12/variants/arduino_due_x/libsam_sam3x8e_gcc_rel.a(pio.o)
                0x0000000000083f54                PIO_PullUp
 .text.PIO_Get  0x0000000000083f5e       0x14 /Users/b/Library/Arduino15/packages/arduino/hardware/sam/1.6.12/variants/arduino_due_x/libsam_sam3x8e_gcc_rel.a(pio.o)
                0x0000000000083f5e                PIO_Get
 .text.PIO_SetPeripheral
                0x0000000000083f72       0x26 /Users/b/Library/Arduino15/packages/arduino/hardware/sam/1.6.12/variants/arduino_due_x/libsam_sam3x8e_gcc_rel.a(pio.o)
                0x0000000000083f72                PIO_SetPeripheral
 .text.PIO_SetInput
                0x0000000000083f98       0x26 /Users/b/Library/Arduino15/packages/arduino/hardware/sam/1.6.12/variants/arduino_due_x/libsam_sam3x8e_gcc_rel.a(pio.o)
                0x0000000000083f98                PIO_SetInput
 .text.PIO_SetOutput
                0x0000000000083fbe       0x24 /Users/b/Library/Arduino15/packages/arduino/hardware/sam/1.6.12/variants/arduino_due_x/libsam_sam3x8e_gcc_rel.a(pio.o)
                0x0000000000083fbe                PIO_SetOutput
 *fill*         0x0000000000083fe2        0x2 
 .text.PIO_Configure
                0x0000000000083fe4       0x64 /Users/b/Library/Arduino15/packages/arduino/hardware/sam/1.6.12/variants/arduino_due_x/libsam_sam3x8e_gcc_rel.a(pio.o)
                0x0000000000083fe4                PIO_Configure
 .text.PIO_GetOutputDataStatus
                0x0000000000084048       0x14 /Users/b/Library/Arduino15/packages/arduino/hardware/sam/1.6.12/variants/arduino_due_x/libsam_sam3x8e_gcc_rel.a(pio.o)
                0x0000000000084048                PIO_GetOutputDataStatus
 .text.pmc_enable_upll_clock
                0x000000000008405c       0x14 /Users/b/Library/Arduino15/packages/arduino/hardware/sam/1.6.12/variants/arduino_due_x/libsam_sam3x8e_gcc_rel.a(pmc.o)
                0x000000000008405c                pmc_enable_upll_clock
 .text.pmc_enable_periph_clk
                0x0000000000084070       0x44 /Users/b/Library/Arduino15/packages/arduino/hardware/sam/1.6.12/variants/arduino_due_x/libsam_sam3x8e_gcc_rel.a(pmc.o)
                0x0000000000084070                pmc_enable_periph_clk
 .text.pmc_disable_periph_clk
                0x00000000000840b4       0x40 /Users/b/Library/Arduino15/packages/arduino/hardware/sam/1.6.12/variants/arduino_due_x/libsam_sam3x8e_gcc_rel.a(pmc.o)
                0x00000000000840b4                pmc_disable_periph_clk
 .text.pmc_switch_udpck_to_upllck
                0x00000000000840f4       0x14 /Users/b/Library/Arduino15/packages/arduino/hardware/sam/1.6.12/variants/arduino_due_x/libsam_sam3x8e_gcc_rel.a(pmc.o)
                0x00000000000840f4                pmc_switch_udpck_to_upllck
 .text.pmc_enable_udpck
                0x0000000000084108        0xc /Users/b/Library/Arduino15/packages/arduino/hardware/sam/1.6.12/variants/arduino_due_x/libsam_sam3x8e_gcc_rel.a(pmc.o)
                0x0000000000084108                pmc_enable_udpck
 .text.TC_Configure
                0x0000000000084114       0x38 /Users/b/Library/Arduino15/packages/arduino/hardware/sam/1.6.12/variants/arduino_due_x/libsam_sam3x8e_gcc_rel.a(tc.o)
                0x0000000000084114                TC_Configure
 .text.TC_Start
                0x000000000008414c       0x2c /Users/b/Library/Arduino15/packages/arduino/hardware/sam/1.6.12/variants/arduino_due_x/libsam_sam3x8e_gcc_rel.a(tc.o)
                0x000000000008414c                TC_Start
 .text.TC_GetStatus
                0x0000000000084178        0x8 /Users/b/Library/Arduino15/packages/arduino/hardware/sam/1.6.12/variants/arduino_due_x/libsam_sam3x8e_gcc_rel.a(tc.o)
                0x0000000000084178                TC_GetStatus
 .text.TC_SetRA
                0x0000000000084180        0x8 /Users/b/Library/Arduino15/packages/arduino/hardware/sam/1.6.12/variants/arduino_due_x/libsam_sam3x8e_gcc_rel.a(tc.o)
                0x0000000000084180                TC_SetRA
 .text.TC_SetRB
                0x0000000000084188        0x8 /Users/b/Library/Arduino15/packages/arduino/hardware/sam/1.6.12/variants/arduino_due_x/libsam_sam3x8e_gcc_rel.a(tc.o)
                0x0000000000084188                TC_SetRB
 .text.TC_SetRC
                0x0000000000084190        0x8 /Users/b/Library/Arduino15/packages/arduino/hardware/sam/1.6.12/variants/arduino_due_x/libsam_sam3x8e_gcc_rel.a(tc.o)
                0x0000000000084190                TC_SetRC
 .text.TWI_SetClock
                0x0000000000084198       0x58 /Users/b/Library/Arduino15/packages/arduino/hardware/sam/1.6.12/variants/arduino_due_x/libsam_sam3x8e_gcc_rel.a(twi.o)
                0x0000000000084198                TWI_SetClock
 .text.TWI_Disable
                0x00000000000841f0       0x2c /Users/b/Library/Arduino15/packages/arduino/hardware/sam/1.6.12/variants/arduino_due_x/libsam_sam3x8e_gcc_rel.a(twi.o)
                0x00000000000841f0                TWI_Disable
 .text.TWI_ConfigureMaster
                0x000000000008421c       0x48 /Users/b/Library/Arduino15/packages/arduino/hardware/sam/1.6.12/variants/arduino_due_x/libsam_sam3x8e_gcc_rel.a(twi.o)
                0x000000000008421c                TWI_ConfigureMaster
 .text.TWI_Stop
                0x0000000000084264       0x28 /Users/b/Library/Arduino15/packages/arduino/hardware/sam/1.6.12/variants/arduino_due_x/libsam_sam3x8e_gcc_rel.a(twi.o)
                0x0000000000084264                TWI_Stop
 .text.TWI_StartRead
                0x000000000008428c       0x70 /Users/b/Library/Arduino15/packages/arduino/hardware/sam/1.6.12/variants/arduino_due_x/libsam_sam3x8e_gcc_rel.a(twi.o)
                0x000000000008428c                TWI_StartRead
 .text.TWI_ReadByte
                0x00000000000842fc       0x28 /Users/b/Library/Arduino15/packages/arduino/hardware/sam/1.6.12/variants/arduino_due_x/libsam_sam3x8e_gcc_rel.a(twi.o)
                0x00000000000842fc                TWI_ReadByte
 .text.TWI_WriteByte
                0x0000000000084324       0x24 /Users/b/Library/Arduino15/packages/arduino/hardware/sam/1.6.12/variants/arduino_due_x/libsam_sam3x8e_gcc_rel.a(twi.o)
                0x0000000000084324                TWI_WriteByte
 .text.TWI_StartWrite
                0x0000000000084348       0x7c /Users/b/Library/Arduino15/packages/arduino/hardware/sam/1.6.12/variants/arduino_due_x/libsam_sam3x8e_gcc_rel.a(twi.o)
                0x0000000000084348                TWI_StartWrite
 .text.TWI_ByteReceived
                0x00000000000843c4        0x8 /Users/b/Library/Arduino15/packages/arduino/hardware/sam/1.6.12/variants/arduino_due_x/libsam_sam3x8e_gcc_rel.a(twi.o)
                0x00000000000843c4                TWI_ByteReceived
 .text.TWI_ByteSent
                0x00000000000843cc        0x8 /Users/b/Library/Arduino15/packages/arduino/hardware/sam/1.6.12/variants/arduino_due_x/libsam_sam3x8e_gcc_rel.a(twi.o)
                0x00000000000843cc                TWI_ByteSent
 .text.TWI_TransferComplete
                0x00000000000843d4        0x8 /Users/b/Library/Arduino15/packages/arduino/hardware/sam/1.6.12/variants/arduino_due_x/libsam_sam3x8e_gcc_rel.a(twi.o)
                0x00000000000843d4                TWI_TransferComplete
 .text.TWI_EnableIt
                0x00000000000843dc       0x40 /Users/b/Library/Arduino15/packages/arduino/hardware/sam/1.6.12/variants/arduino_due_x/libsam_sam3x8e_gcc_rel.a(twi.o)
                0x00000000000843dc                TWI_EnableIt
 .text.TWI_DisableIt
                0x000000000008441c       0x40 /Users/b/Library/Arduino15/packages/arduino/hardware/sam/1.6.12/variants/arduino_due_x/libsam_sam3x8e_gcc_rel.a(twi.o)
                0x000000000008441c                TWI_DisableIt
 .text.TWI_GetStatus
                0x000000000008445c       0x28 /Users/b/Library/Arduino15/packages/arduino/hardware/sam/1.6.12/variants/arduino_due_x/libsam_sam3x8e_gcc_rel.a(twi.o)
                0x000000000008445c                TWI_GetStatus
 .text.TWI_SendSTOPCondition
                0x0000000000084484       0x2c /Users/b/Library/Arduino15/packages/arduino/hardware/sam/1.6.12/variants/arduino_due_x/libsam_sam3x8e_gcc_rel.a(twi.o)
                0x0000000000084484                TWI_SendSTOPCondition
 .text.SystemInit
                0x00000000000844b0       0x88 /Users/b/Library/Arduino15/packages/arduino/hardware/sam/1.6.12/variants/arduino_due_x/libsam_sam3x8e_gcc_rel.a(system_sam3xa.o)
                0x00000000000844b0                SystemInit
 .text.Reset_Handler
                0x0000000000084538       0x78 /Users/b/Library/Arduino15/packages/arduino/hardware/sam/1.6.12/variants/arduino_due_x/libsam_sam3x8e_gcc_rel.a(startup_sam3xa.o)
                0x0000000000084538                Reset_Handler
 .text.adc_init
                0x00000000000845b0       0x98 /Users/b/Library/Arduino15/packages/arduino/hardware/sam/1.6.12/variants/arduino_due_x/libsam_sam3x8e_gcc_rel.a(adc.o)
                0x00000000000845b0                adc_init
 .text.adc_configure_trigger
                0x0000000000084648        0xe /Users/b/Library/Arduino15/packages/arduino/hardware/sam/1.6.12/variants/arduino_due_x/libsam_sam3x8e_gcc_rel.a(adc.o)
                0x0000000000084648                adc_configure_trigger
 .text.adc_configure_timing
                0x0000000000084656       0x1a /Users/b/Library/Arduino15/packages/arduino/hardware/sam/1.6.12/variants/arduino_due_x/libsam_sam3x8e_gcc_rel.a(adc.o)
                0x0000000000084656                adc_configure_timing
 .text.adc_start
                0x0000000000084670        0x6 /Users/b/Library/Arduino15/packages/arduino/hardware/sam/1.6.12/variants/arduino_due_x/libsam_sam3x8e_gcc_rel.a(adc.o)
                0x0000000000084670                adc_start
 .text.adc_enable_channel
                0x0000000000084676        0xa /Users/b/Library/Arduino15/packages/arduino/hardware/sam/1.6.12/variants/arduino_due_x/libsam_sam3x8e_gcc_rel.a(adc.o)
                0x0000000000084676                adc_enable_channel
 .text.adc_disable_channel
                0x0000000000084680        0xa /Users/b/Library/Arduino15/packages/arduino/hardware/sam/1.6.12/variants/arduino_due_x/libsam_sam3x8e_gcc_rel.a(adc.o)
                0x0000000000084680                adc_disable_channel
 .text.adc_disable_all_channel
                0x000000000008468a        0x8 /Users/b/Library/Arduino15/packages/arduino/hardware/sam/1.6.12/variants/arduino_due_x/libsam_sam3x8e_gcc_rel.a(adc.o)
                0x000000000008468a                adc_disable_all_channel
 .text.adc_get_channel_status
                0x0000000000084692        0xa /Users/b/Library/Arduino15/packages/arduino/hardware/sam/1.6.12/variants/arduino_due_x/libsam_sam3x8e_gcc_rel.a(adc.o)
                0x0000000000084692                adc_get_channel_status
 .text.adc_get_latest_value
                0x000000000008469c        0x4 /Users/b/Library/Arduino15/packages/arduino/hardware/sam/1.6.12/variants/arduino_due_x/libsam_sam3x8e_gcc_rel.a(adc.o)
                0x000000000008469c                adc_get_latest_value
 .text.adc_disable_interrupt
                0x00000000000846a0        0x4 /Users/b/Library/Arduino15/packages/arduino/hardware/sam/1.6.12/variants/arduino_due_x/libsam_sam3x8e_gcc_rel.a(adc.o)
                0x00000000000846a0                adc_disable_interrupt
 .text.adc_get_status
                0x00000000000846a4        0x4 /Users/b/Library/Arduino15/packages/arduino/hardware/sam/1.6.12/variants/arduino_due_x/libsam_sam3x8e_gcc_rel.a(adc.o)
                0x00000000000846a4                adc_get_status
 .text.UOTGHS_Handler
                0x00000000000846a8       0x10 /Users/b/Library/Arduino15/packages/arduino/hardware/sam/1.6.12/variants/arduino_due_x/libsam_sam3x8e_gcc_rel.a(uotghs.o)
                0x00000000000846a8                UOTGHS_Handler
 .text._ZN5Print5writeEPKhj
                0x00000000000846b8       0x22 /Users/b/Library/Caches/arduino/sketches/B7C5110D6C6C74C4C3A122112789ED50/../../cores/arduino_sam_arduino_due_x_5280588e834c64e331c93ab3a2fd0cd0/core.a(Print.cpp.o)
                0x00000000000846b8                Print::write(unsigned char const*, unsigned int)
 .text._ZN5Print5printEmi.part.3
                0x00000000000846da        0xc /Users/b/Library/Caches/arduino/sketches/B7C5110D6C6C74C4C3A122112789ED50/../../cores/arduino_sam_arduino_due_x_5280588e834c64e331c93ab3a2fd0cd0/core.a(Print.cpp.o)
 .text._ZN5Print5writeEPKc
                0x00000000000846e6       0x1e /Users/b/Library/Caches/arduino/sketches/B7C5110D6C6C74C4C3A122112789ED50/../../cores/arduino_sam_arduino_due_x_5280588e834c64e331c93ab3a2fd0cd0/core.a(Print.cpp.o)
                0x00000000000846e6                Print::write(char const*)
 .text._ZN5Print5printEPKc
                0x0000000000084704        0x8 /Users/b/Library/Caches/arduino/sketches/B7C5110D6C6C74C4C3A122112789ED50/../../cores/arduino_sam_arduino_due_x_5280588e834c64e331c93ab3a2fd0cd0/core.a(Print.cpp.o)
                0x0000000000084704                Print::print(char const*)
 .text._ZN5Print5printEc
                0x000000000008470c        0xa /Users/b/Library/Caches/arduino/sketches/B7C5110D6C6C74C4C3A122112789ED50/../../cores/arduino_sam_arduino_due_x_5280588e834c64e331c93ab3a2fd0cd0/core.a(Print.cpp.o)
                0x000000000008470c                Print::print(char)
 *fill*         0x0000000000084716        0x2 
 .text._ZN5Print7printlnEv
                0x0000000000084718       0x10 /Users/b/Library/Caches/arduino/sketches/B7C5110D6C6C74C4C3A122112789ED50/../../cores/arduino_sam_arduino_due_x_5280588e834c64e331c93ab3a2fd0cd0/core.a(Print.cpp.o)
                0x0000000000084718                Print::println()
 .text._ZN5Print7printlnEPKc
                0x0000000000084728       0x14 /Users/b/Library/Caches/arduino/sketches/B7C5110D6C6C74C4C3A122112789ED50/../../cores/arduino_sam_arduino_due_x_5280588e834c64e331c93ab3a2fd0cd0/core.a(Print.cpp.o)
                0x0000000000084728                Print::println(char const*)
 .text._ZN5Print11printNumberEmh
                0x000000000008473c       0x3e /Users/b/Library/Caches/arduino/sketches/B7C5110D6C6C74C4C3A122112789ED50/../../cores/arduino_sam_arduino_due_x_5280588e834c64e331c93ab3a2fd0cd0/core.a(Print.cpp.o)
                0x000000000008473c                Print::printNumber(unsigned long, unsigned char)
 .text._ZN5Print5printEli
                0x000000000008477a       0x3c /Users/b/Library/Caches/arduino/sketches/B7C5110D6C6C74C4C3A122112789ED50/../../cores/arduino_sam_arduino_due_x_5280588e834c64e331c93ab3a2fd0cd0/core.a(Print.cpp.o)
                0x000000000008477a                Print::print(long, int)
 .text._ZN5Print5printEii
                0x00000000000847b6        0x4 /Users/b/Library/Caches/arduino/sketches/B7C5110D6C6C74C4C3A122112789ED50/../../cores/arduino_sam_arduino_due_x_5280588e834c64e331c93ab3a2fd0cd0/core.a(Print.cpp.o)
                0x00000000000847b6                Print::print(int, int)
 .text._ZN5Print7printlnEii
                0x00000000000847ba       0x14 /Users/b/Library/Caches/arduino/sketches/B7C5110D6C6C74C4C3A122112789ED50/../../cores/arduino_sam_arduino_due_x_5280588e834c64e331c93ab3a2fd0cd0/core.a(Print.cpp.o)
                0x00000000000847ba                Print::println(int, int)
 .text._ZN5Print5printEmi
                0x00000000000847ce        0xc /Users/b/Library/Caches/arduino/sketches/B7C5110D6C6C74C4C3A122112789ED50/../../cores/arduino_sam_arduino_due_x_5280588e834c64e331c93ab3a2fd0cd0/core.a(Print.cpp.o)
                0x00000000000847ce                Print::print(unsigned long, int)
 .text._ZN5Print5printEhi
                0x00000000000847da        0x4 /Users/b/Library/Caches/arduino/sketches/B7C5110D6C6C74C4C3A122112789ED50/../../cores/arduino_sam_arduino_due_x_5280588e834c64e331c93ab3a2fd0cd0/core.a(Print.cpp.o)
                0x00000000000847da                Print::print(unsigned char, int)
 .text._ZN5Print5printEji
                0x00000000000847de        0x4 /Users/b/Library/Caches/arduino/sketches/B7C5110D6C6C74C4C3A122112789ED50/../../cores/arduino_sam_arduino_due_x_5280588e834c64e331c93ab3a2fd0cd0/core.a(Print.cpp.o)
                0x00000000000847de                Print::print(unsigned int, int)
 .text._ZN5Print7printlnEji
                0x00000000000847e2       0x14 /Users/b/Library/Caches/arduino/sketches/B7C5110D6C6C74C4C3A122112789ED50/../../cores/arduino_sam_arduino_due_x_5280588e834c64e331c93ab3a2fd0cd0/core.a(Print.cpp.o)
                0x00000000000847e2                Print::println(unsigned int, int)
 .text._ZN5Print7printlnEmi
                0x00000000000847f6       0x14 /Users/b/Library/Caches/arduino/sketches/B7C5110D6C6C74C4C3A122112789ED50/../../cores/arduino_sam_arduino_due_x_5280588e834c64e331c93ab3a2fd0cd0/core.a(Print.cpp.o)
                0x00000000000847f6                Print::println(unsigned long, int)
 *fill*         0x000000000008480a        0x2 
 .text._ZN5Print10printFloatEdh
                0x000000000008480c      0x148 /Users/b/Library/Caches/arduino/sketches/B7C5110D6C6C74C4C3A122112789ED50/../../cores/arduino_sam_arduino_due_x_5280588e834c64e331c93ab3a2fd0cd0/core.a(Print.cpp.o)
                0x000000000008480c                Print::printFloat(double, unsigned char)
 .text._ZN5Print5printEdi
                0x0000000000084954        0xa /Users/b/Library/Caches/arduino/sketches/B7C5110D6C6C74C4C3A122112789ED50/../../cores/arduino_sam_arduino_due_x_5280588e834c64e331c93ab3a2fd0cd0/core.a(Print.cpp.o)
                0x0000000000084954                Print::print(double, int)
 .text._ZN5Print7printlnEdi
                0x000000000008495e       0x1c /Users/b/Library/Caches/arduino/sketches/B7C5110D6C6C74C4C3A122112789ED50/../../cores/arduino_sam_arduino_due_x_5280588e834c64e331c93ab3a2fd0cd0/core.a(Print.cpp.o)
                0x000000000008495e                Print::println(double, int)
 .text._ZN10RingBufferC2Ev
                0x000000000008497a       0x1a /Users/b/Library/Caches/arduino/sketches/B7C5110D6C6C74C4C3A122112789ED50/../../cores/arduino_sam_arduino_due_x_5280588e834c64e331c93ab3a2fd0cd0/core.a(RingBuffer.cpp.o)
                0x000000000008497a                RingBuffer::RingBuffer()
                0x000000000008497a                RingBuffer::RingBuffer()
 .text._ZN10RingBuffer10store_charEh
                0x0000000000084994       0x1e /Users/b/Library/Caches/arduino/sketches/B7C5110D6C6C74C4C3A122112789ED50/../../cores/arduino_sam_arduino_due_x_5280588e834c64e331c93ab3a2fd0cd0/core.a(RingBuffer.cpp.o)
                0x0000000000084994                RingBuffer::store_char(unsigned char)
 .text._ZN6Stream9timedPeekEv
                0x00000000000849b2       0x2a /Users/b/Library/Caches/arduino/sketches/B7C5110D6C6C74C4C3A122112789ED50/../../cores/arduino_sam_arduino_due_x_5280588e834c64e331c93ab3a2fd0cd0/core.a(Stream.cpp.o)
                0x00000000000849b2                Stream::timedPeek()
 .text._ZN6Stream13peekNextDigitE13LookaheadModeb
                0x00000000000849dc       0x54 /Users/b/Library/Caches/arduino/sketches/B7C5110D6C6C74C4C3A122112789ED50/../../cores/arduino_sam_arduino_due_x_5280588e834c64e331c93ab3a2fd0cd0/core.a(Stream.cpp.o)
                0x00000000000849dc                Stream::peekNextDigit(LookaheadMode, bool)
 .text._ZN6Stream8parseIntE13LookaheadModec
                0x0000000000084a30       0x58 /Users/b/Library/Caches/arduino/sketches/B7C5110D6C6C74C4C3A122112789ED50/../../cores/arduino_sam_arduino_due_x_5280588e834c64e331c93ab3a2fd0cd0/core.a(Stream.cpp.o)
                0x0000000000084a30                Stream::parseInt(LookaheadMode, char)
 .text._ZN9UARTClasscvbEv
                0x0000000000084a88        0x4 /Users/b/Library/Caches/arduino/sketches/B7C5110D6C6C74C4C3A122112789ED50/../../cores/arduino_sam_arduino_due_x_5280588e834c64e331c93ab3a2fd0cd0/core.a(UARTClass.cpp.o)
                0x0000000000084a88                UARTClass::operator bool()
 .text._ZN9UARTClass9availableEv
                0x0000000000084a8c       0x12 /Users/b/Library/Caches/arduino/sketches/B7C5110D6C6C74C4C3A122112789ED50/../../cores/arduino_sam_arduino_due_x_5280588e834c64e331c93ab3a2fd0cd0/core.a(UARTClass.cpp.o)
                0x0000000000084a8c                UARTClass::available()
 .text._ZN9UARTClass4peekEv
                0x0000000000084a9e       0x1c /Users/b/Library/Caches/arduino/sketches/B7C5110D6C6C74C4C3A122112789ED50/../../cores/arduino_sam_arduino_due_x_5280588e834c64e331c93ab3a2fd0cd0/core.a(UARTClass.cpp.o)
                0x0000000000084a9e                UARTClass::peek()
 .text._ZN9UARTClass4readEv
                0x0000000000084aba       0x2a /Users/b/Library/Caches/arduino/sketches/B7C5110D6C6C74C4C3A122112789ED50/../../cores/arduino_sam_arduino_due_x_5280588e834c64e331c93ab3a2fd0cd0/core.a(UARTClass.cpp.o)
                0x0000000000084aba                UARTClass::read()
 .text._ZN9UARTClass5flushEv
                0x0000000000084ae4       0x18 /Users/b/Library/Caches/arduino/sketches/B7C5110D6C6C74C4C3A122112789ED50/../../cores/arduino_sam_arduino_due_x_5280588e834c64e331c93ab3a2fd0cd0/core.a(UARTClass.cpp.o)
                0x0000000000084ae4                UARTClass::flush()
 .text._ZN9UARTClass5writeEh
                0x0000000000084afc       0x54 /Users/b/Library/Caches/arduino/sketches/B7C5110D6C6C74C4C3A122112789ED50/../../cores/arduino_sam_arduino_due_x_5280588e834c64e331c93ab3a2fd0cd0/core.a(UARTClass.cpp.o)
                0x0000000000084afc                UARTClass::write(unsigned char)
 .text._ZN9UARTClass3endEv
                0x0000000000084b50       0x3c /Users/b/Library/Caches/arduino/sketches/B7C5110D6C6C74C4C3A122112789ED50/../../cores/arduino_sam_arduino_due_x_5280588e834c64e331c93ab3a2fd0cd0/core.a(UARTClass.cpp.o)
                0x0000000000084b50                UARTClass::end()
 .text._ZN9UARTClassC2EP4Uart4IRQnmP10RingBufferS4_
                0x0000000000084b8c       0x24 /Users/b/Library/Caches/arduino/sketches/B7C5110D6C6C74C4C3A122112789ED50/../../cores/arduino_sam_arduino_due_x_5280588e834c64e331c93ab3a2fd0cd0/core.a(UARTClass.cpp.o)
                0x0000000000084b8c                UARTClass::UARTClass(Uart*, IRQn, unsigned long, RingBuffer*, RingBuffer*)
                0x0000000000084b8c                UARTClass::UARTClass(Uart*, IRQn, unsigned long, RingBuffer*, RingBuffer*)
 .text._ZN9UARTClass4initEmm
                0x0000000000084bb0       0x70 /Users/b/Library/Caches/arduino/sketches/B7C5110D6C6C74C4C3A122112789ED50/../../cores/arduino_sam_arduino_due_x_5280588e834c64e331c93ab3a2fd0cd0/core.a(UARTClass.cpp.o)
                0x0000000000084bb0                UARTClass::init(unsigned long, unsigned long)
 .text._ZN9UARTClass5beginEm
                0x0000000000084c20        0x8 /Users/b/Library/Caches/arduino/sketches/B7C5110D6C6C74C4C3A122112789ED50/../../cores/arduino_sam_arduino_due_x_5280588e834c64e331c93ab3a2fd0cd0/core.a(UARTClass.cpp.o)
                0x0000000000084c20                UARTClass::begin(unsigned long)
 .text._ZN9UARTClass10IrqHandlerEv
                0x0000000000084c28       0x5a /Users/b/Library/Caches/arduino/sketches/B7C5110D6C6C74C4C3A122112789ED50/../../cores/arduino_sam_arduino_due_x_5280588e834c64e331c93ab3a2fd0cd0/core.a(UARTClass.cpp.o)
                0x0000000000084c28                UARTClass::IrqHandler()
 .text._ZN10USARTClass5beginEm
                0x0000000000084c82        0x8 /Users/b/Library/Caches/arduino/sketches/B7C5110D6C6C74C4C3A122112789ED50/../../cores/arduino_sam_arduino_due_x_5280588e834c64e331c93ab3a2fd0cd0/core.a(USARTClass.cpp.o)
                0x0000000000084c82                USARTClass::begin(unsigned long)
 *fill*         0x0000000000084c8a        0x2 
 .text._ZN10USARTClassC2EP5Usart4IRQnmP10RingBufferS4_
                0x0000000000084c8c       0x24 /Users/b/Library/Caches/arduino/sketches/B7C5110D6C6C74C4C3A122112789ED50/../../cores/arduino_sam_arduino_due_x_5280588e834c64e331c93ab3a2fd0cd0/core.a(USARTClass.cpp.o)
                0x0000000000084c8c                USARTClass::USARTClass(Usart*, IRQn, unsigned long, RingBuffer*, RingBuffer*)
                0x0000000000084c8c                USARTClass::USARTClass(Usart*, IRQn, unsigned long, RingBuffer*, RingBuffer*)
 .text._ZN7Serial_9availableEv
                0x0000000000084cb0       0x18 /Users/b/Library/Caches/arduino/sketches/B7C5110D6C6C74C4C3A122112789ED50/../../cores/arduino_sam_arduino_due_x_5280588e834c64e331c93ab3a2fd0cd0/core.a(CDC.cpp.o)
                0x0000000000084cb0                Serial_::available()
 .text._ZN7Serial_17availableForWriteEv
                0x0000000000084cc8        0x6 /Users/b/Library/Caches/arduino/sketches/B7C5110D6C6C74C4C3A122112789ED50/../../cores/arduino_sam_arduino_due_x_5280588e834c64e331c93ab3a2fd0cd0/core.a(CDC.cpp.o)
                0x0000000000084cc8                Serial_::availableForWrite()
 *fill*         0x0000000000084cce        0x2 
 .text._ZN7Serial_4peekEv
                0x0000000000084cd0       0x20 /Users/b/Library/Caches/arduino/sketches/B7C5110D6C6C74C4C3A122112789ED50/../../cores/arduino_sam_arduino_due_x_5280588e834c64e331c93ab3a2fd0cd0/core.a(CDC.cpp.o)
                0x0000000000084cd0                Serial_::peek()
 .text._ZN7Serial_5writeEh
                0x0000000000084cf0       0x16 /Users/b/Library/Caches/arduino/sketches/B7C5110D6C6C74C4C3A122112789ED50/../../cores/arduino_sam_arduino_due_x_5280588e834c64e331c93ab3a2fd0cd0/core.a(CDC.cpp.o)
                0x0000000000084cf0                Serial_::write(unsigned char)
 *fill*         0x0000000000084d06        0x2 
 .text._ZN7Serial_4readEv
                0x0000000000084d08       0x44 /Users/b/Library/Caches/arduino/sketches/B7C5110D6C6C74C4C3A122112789ED50/../../cores/arduino_sam_arduino_due_x_5280588e834c64e331c93ab3a2fd0cd0/core.a(CDC.cpp.o)
                0x0000000000084d08                Serial_::read()
 .text._ZN7Serial_5flushEv
                0x0000000000084d4c        0x6 /Users/b/Library/Caches/arduino/sketches/B7C5110D6C6C74C4C3A122112789ED50/../../cores/arduino_sam_arduino_due_x_5280588e834c64e331c93ab3a2fd0cd0/core.a(CDC.cpp.o)
                0x0000000000084d4c                Serial_::flush()
 *fill*         0x0000000000084d52        0x2 
 .text._ZN7Serial_6acceptEv
                0x0000000000084d54       0x70 /Users/b/Library/Caches/arduino/sketches/B7C5110D6C6C74C4C3A122112789ED50/../../cores/arduino_sam_arduino_due_x_5280588e834c64e331c93ab3a2fd0cd0/core.a(CDC.cpp.o)
                0x0000000000084d54                Serial_::accept()
 .text._ZN7Serial_5writeEPKhj
                0x0000000000084dc4       0x2c /Users/b/Library/Caches/arduino/sketches/B7C5110D6C6C74C4C3A122112789ED50/../../cores/arduino_sam_arduino_due_x_5280588e834c64e331c93ab3a2fd0cd0/core.a(CDC.cpp.o)
                0x0000000000084dc4                Serial_::write(unsigned char const*, unsigned int)
 .text._Z16CDC_GetInterfacePh
                0x0000000000084df0       0x14 /Users/b/Library/Caches/arduino/sketches/B7C5110D6C6C74C4C3A122112789ED50/../../cores/arduino_sam_arduino_due_x_5280588e834c64e331c93ab3a2fd0cd0/core.a(CDC.cpp.o)
                0x0000000000084df0                CDC_GetInterface(unsigned char*)
 .text._Z21CDC_GetOtherInterfacePh
                0x0000000000084e04       0x14 /Users/b/Library/Caches/arduino/sketches/B7C5110D6C6C74C4C3A122112789ED50/../../cores/arduino_sam_arduino_due_x_5280588e834c64e331c93ab3a2fd0cd0/core.a(CDC.cpp.o)
                0x0000000000084e04                CDC_GetOtherInterface(unsigned char*)
 .text._Z9CDC_SetupR8USBSetup
                0x0000000000084e18       0x78 /Users/b/Library/Caches/arduino/sketches/B7C5110D6C6C74C4C3A122112789ED50/../../cores/arduino_sam_arduino_due_x_5280588e834c64e331c93ab3a2fd0cd0/core.a(CDC.cpp.o)
                0x0000000000084e18                CDC_Setup(USBSetup&)
 .text._ZN7Serial_5beginEm
                0x0000000000084e90        0x2 /Users/b/Library/Caches/arduino/sketches/B7C5110D6C6C74C4C3A122112789ED50/../../cores/arduino_sam_arduino_due_x_5280588e834c64e331c93ab3a2fd0cd0/core.a(CDC.cpp.o)
                0x0000000000084e90                Serial_::begin(unsigned long)
 *fill*         0x0000000000084e92        0x2 
 .text.startup._GLOBAL__sub_I_cdc_rx_buffer
                0x0000000000084e94       0x1c /Users/b/Library/Caches/arduino/sketches/B7C5110D6C6C74C4C3A122112789ED50/../../cores/arduino_sam_arduino_due_x_5280588e834c64e331c93ab3a2fd0cd0/core.a(CDC.cpp.o)
 .text.unlikely._ZL11USB_SendZlpv
                0x0000000000084eb0       0x20 /Users/b/Library/Caches/arduino/sketches/B7C5110D6C6C74C4C3A122112789ED50/../../cores/arduino_sam_arduino_due_x_5280588e834c64e331c93ab3a2fd0cd0/core.a(USBCore.cpp.o)
 .text._Z14USBD_Availablem
                0x0000000000084ed0       0x2c /Users/b/Library/Caches/arduino/sketches/B7C5110D6C6C74C4C3A122112789ED50/../../cores/arduino_sam_arduino_due_x_5280588e834c64e331c93ab3a2fd0cd0/core.a(USBCore.cpp.o)
                0x0000000000084ed0                USBD_Available(unsigned long)
 .text._Z9USBD_RecvmPvm
                0x0000000000084efc       0x7c /Users/b/Library/Caches/arduino/sketches/B7C5110D6C6C74C4C3A122112789ED50/../../cores/arduino_sam_arduino_due_x_5280588e834c64e331c93ab3a2fd0cd0/core.a(USBCore.cpp.o)
                0x0000000000084efc                USBD_Recv(unsigned long, void*, unsigned long)
 .text._Z9USBD_Recvm
                0x0000000000084f78       0x22 /Users/b/Library/Caches/arduino/sketches/B7C5110D6C6C74C4C3A122112789ED50/../../cores/arduino_sam_arduino_due_x_5280588e834c64e331c93ab3a2fd0cd0/core.a(USBCore.cpp.o)
                0x0000000000084f78                USBD_Recv(unsigned long)
 *fill*         0x0000000000084f9a        0x2 
 .text._Z9USBD_SendmPKvm
                0x0000000000084f9c       0x4c /Users/b/Library/Caches/arduino/sketches/B7C5110D6C6C74C4C3A122112789ED50/../../cores/arduino_sam_arduino_due_x_5280588e834c64e331c93ab3a2fd0cd0/core.a(USBCore.cpp.o)
                0x0000000000084f9c                USBD_Send(unsigned long, void const*, unsigned long)
 .text._Z16USBD_SendControlhPKvm
                0x0000000000084fe8       0x40 /Users/b/Library/Caches/arduino/sketches/B7C5110D6C6C74C4C3A122112789ED50/../../cores/arduino_sam_arduino_due_x_5280588e834c64e331c93ab3a2fd0cd0/core.a(USBCore.cpp.o)
                0x0000000000084fe8                USBD_SendControl(unsigned char, void const*, unsigned long)
 .text.unlikely._ZL24USB_SendStringDescriptorPKhi
                0x0000000000085028       0x64 /Users/b/Library/Caches/arduino/sketches/B7C5110D6C6C74C4C3A122112789ED50/../../cores/arduino_sam_arduino_due_x_5280588e834c64e331c93ab3a2fd0cd0/core.a(USBCore.cpp.o)
 .text._Z16USBD_RecvControlPvm
                0x000000000008508c       0x1c /Users/b/Library/Caches/arduino/sketches/B7C5110D6C6C74C4C3A122112789ED50/../../cores/arduino_sam_arduino_due_x_5280588e834c64e331c93ab3a2fd0cd0/core.a(USBCore.cpp.o)
                0x000000000008508c                USBD_RecvControl(void*, unsigned long)
 .text._Z26USBD_ClassInterfaceRequestR8USBSetup
                0x00000000000850a8       0x1e /Users/b/Library/Caches/arduino/sketches/B7C5110D6C6C74C4C3A122112789ED50/../../cores/arduino_sam_arduino_due_x_5280588e834c64e331c93ab3a2fd0cd0/core.a(USBCore.cpp.o)
                0x00000000000850a8                USBD_ClassInterfaceRequest(USBSetup&)
 .text._Z19USBD_SendInterfacesv
                0x00000000000850c6       0x22 /Users/b/Library/Caches/arduino/sketches/B7C5110D6C6C74C4C3A122112789ED50/../../cores/arduino_sam_arduino_due_x_5280588e834c64e331c93ab3a2fd0cd0/core.a(USBCore.cpp.o)
                0x00000000000850c6                USBD_SendInterfaces()
 .text._Z24USBD_SendOtherInterfacesv
                0x00000000000850e8       0x22 /Users/b/Library/Caches/arduino/sketches/B7C5110D6C6C74C4C3A122112789ED50/../../cores/arduino_sam_arduino_due_x_5280588e834c64e331c93ab3a2fd0cd0/core.a(USBCore.cpp.o)
                0x00000000000850e8                USBD_SendOtherInterfaces()
 .text._Z10USBD_Flushm
                0x000000000008510a       0x16 /Users/b/Library/Caches/arduino/sketches/B7C5110D6C6C74C4C3A122112789ED50/../../cores/arduino_sam_arduino_due_x_5280588e834c64e331c93ab3a2fd0cd0/core.a(USBCore.cpp.o)
                0x000000000008510a                USBD_Flush(unsigned long)
 .text._ZN10USBDevice_C2Ev
                0x0000000000085120       0x24 /Users/b/Library/Caches/arduino/sketches/B7C5110D6C6C74C4C3A122112789ED50/../../cores/arduino_sam_arduino_due_x_5280588e834c64e331c93ab3a2fd0cd0/core.a(USBCore.cpp.o)
                0x0000000000085120                USBDevice_::USBDevice_()
                0x0000000000085120                USBDevice_::USBDevice_()
 .text._ZN10USBDevice_6attachEv
                0x0000000000085144       0x20 /Users/b/Library/Caches/arduino/sketches/B7C5110D6C6C74C4C3A122112789ED50/../../cores/arduino_sam_arduino_due_x_5280588e834c64e331c93ab3a2fd0cd0/core.a(USBCore.cpp.o)
                0x0000000000085144                USBDevice_::attach()
 .text.startup._GLOBAL__sub_I_EndPoints
                0x0000000000085164        0xc /Users/b/Library/Caches/arduino/sketches/B7C5110D6C6C74C4C3A122112789ED50/../../cores/arduino_sam_arduino_due_x_5280588e834c64e331c93ab3a2fd0cd0/core.a(USBCore.cpp.o)
 .text._ZL7USB_ISRv
                0x0000000000085170      0x454 /Users/b/Library/Caches/arduino/sketches/B7C5110D6C6C74C4C3A122112789ED50/../../cores/arduino_sam_arduino_due_x_5280588e834c64e331c93ab3a2fd0cd0/core.a(USBCore.cpp.o)
 .text.PIOA_Handler
                0x00000000000855c4       0x38 /Users/b/Library/Caches/arduino/sketches/B7C5110D6C6C74C4C3A122112789ED50/../../cores/arduino_sam_arduino_due_x_5280588e834c64e331c93ab3a2fd0cd0/core.a(WInterrupts.c.o)
                0x00000000000855c4                PIOA_Handler
 .text.PIOB_Handler
                0x00000000000855fc       0x38 /Users/b/Library/Caches/arduino/sketches/B7C5110D6C6C74C4C3A122112789ED50/../../cores/arduino_sam_arduino_due_x_5280588e834c64e331c93ab3a2fd0cd0/core.a(WInterrupts.c.o)
                0x00000000000855fc                PIOB_Handler
 .text.PIOC_Handler
                0x0000000000085634       0x38 /Users/b/Library/Caches/arduino/sketches/B7C5110D6C6C74C4C3A122112789ED50/../../cores/arduino_sam_arduino_due_x_5280588e834c64e331c93ab3a2fd0cd0/core.a(WInterrupts.c.o)
                0x0000000000085634                PIOC_Handler
 .text.PIOD_Handler
                0x000000000008566c       0x38 /Users/b/Library/Caches/arduino/sketches/B7C5110D6C6C74C4C3A122112789ED50/../../cores/arduino_sam_arduino_due_x_5280588e834c64e331c93ab3a2fd0cd0/core.a(WInterrupts.c.o)
                0x000000000008566c                PIOD_Handler
 .text._Z3maplllll
                0x00000000000856a4       0x14 /Users/b/Library/Caches/arduino/sketches/B7C5110D6C6C74C4C3A122112789ED50/../../cores/arduino_sam_arduino_due_x_5280588e834c64e331c93ab3a2fd0cd0/core.a(WMath.cpp.o)
                0x00000000000856a4                map(long, long, long, long, long)
 .text.__cxa_pure_virtual
                0x00000000000856b8        0x2 /Users/b/Library/Caches/arduino/sketches/B7C5110D6C6C74C4C3A122112789ED50/../../cores/arduino_sam_arduino_due_x_5280588e834c64e331c93ab3a2fd0cd0/core.a(abi.cpp.o)
                0x00000000000856b8                __cxa_pure_virtual
 .text.__halt   0x00000000000856ba        0x2 /Users/b/Library/Caches/arduino/sketches/B7C5110D6C6C74C4C3A122112789ED50/../../cores/arduino_sam_arduino_due_x_5280588e834c64e331c93ab3a2fd0cd0/core.a(cortex_handlers.c.o)
                0x00000000000856ba                SPI0_Handler
                0x00000000000856ba                DebugMon_Handler
                0x00000000000856ba                DMAC_Handler
                0x00000000000856ba                TRNG_Handler
                0x00000000000856ba                HardFault_Handler
                0x00000000000856ba                NMI_Handler
                0x00000000000856ba                ADC_Handler
                0x00000000000856ba                SMC_Handler
                0x00000000000856ba                RTT_Handler
                0x00000000000856ba                EFC1_Handler
                0x00000000000856ba                RTC_Handler
                0x00000000000856ba                UsageFault_Handler
                0x00000000000856ba                WDT_Handler
                0x00000000000856ba                HSMCI_Handler
                0x00000000000856ba                SSC_Handler
                0x00000000000856ba                EFC0_Handler
                0x00000000000856ba                PMC_Handler
                0x00000000000856ba                PWM_Handler
                0x00000000000856ba                MemManage_Handler
                0x00000000000856ba                SUPC_Handler
                0x00000000000856ba                USART2_Handler
                0x00000000000856ba                EMAC_Handler
                0x00000000000856ba                BusFault_Handler
                0x00000000000856ba                RSTC_Handler
                0x00000000000856ba                DACC_Handler
 .text.SVC_Handler
                0x00000000000856bc        0x4 /Users/b/Library/Caches/arduino/sketches/B7C5110D6C6C74C4C3A122112789ED50/../../cores/arduino_sam_arduino_due_x_5280588e834c64e331c93ab3a2fd0cd0/core.a(cortex_handlers.c.o)
                0x00000000000856bc                SVC_Handler
 .text.PendSV_Handler
                0x00000000000856c0        0x4 /Users/b/Library/Caches/arduino/sketches/B7C5110D6C6C74C4C3A122112789ED50/../../cores/arduino_sam_arduino_due_x_5280588e834c64e331c93ab3a2fd0cd0/core.a(cortex_handlers.c.o)
                0x00000000000856c0                PendSV_Handler
 .text.SysTick_Handler
                0x00000000000856c4       0x16 /Users/b/Library/Caches/arduino/sketches/B7C5110D6C6C74C4C3A122112789ED50/../../cores/arduino_sam_arduino_due_x_5280588e834c64e331c93ab3a2fd0cd0/core.a(cortex_handlers.c.o)
                0x00000000000856c4                SysTick_Handler
 .text.__empty  0x00000000000856da        0x2 /Users/b/Library/Caches/arduino/sketches/B7C5110D6C6C74C4C3A122112789ED50/../../cores/arduino_sam_arduino_due_x_5280588e834c64e331c93ab3a2fd0cd0/core.a(hooks.c.o)
                0x00000000000856da                yield
 .text.__false  0x00000000000856dc        0x4 /Users/b/Library/Caches/arduino/sketches/B7C5110D6C6C74C4C3A122112789ED50/../../cores/arduino_sam_arduino_due_x_5280588e834c64e331c93ab3a2fd0cd0/core.a(hooks.c.o)
                0x00000000000856dc                sysTickHook
 .text.__halt   0x00000000000856e0        0x2 /Users/b/Library/Caches/arduino/sketches/B7C5110D6C6C74C4C3A122112789ED50/../../cores/arduino_sam_arduino_due_x_5280588e834c64e331c93ab3a2fd0cd0/core.a(hooks.c.o)
                0x00000000000856e0                pendSVHook
                0x00000000000856e0                svcHook
 .text.initVariant
                0x00000000000856e2        0x2 /Users/b/Library/Caches/arduino/sketches/B7C5110D6C6C74C4C3A122112789ED50/../../cores/arduino_sam_arduino_due_x_5280588e834c64e331c93ab3a2fd0cd0/core.a(main.cpp.o)
                0x00000000000856e2                initVariant
 .text.startup.main
                0x00000000000856e4       0x38 /Users/b/Library/Caches/arduino/sketches/B7C5110D6C6C74C4C3A122112789ED50/../../cores/arduino_sam_arduino_due_x_5280588e834c64e331c93ab3a2fd0cd0/core.a(main.cpp.o)
                0x00000000000856e4                main
 .text._Znaj    0x000000000008571c        0x4 /Users/b/Library/Caches/arduino/sketches/B7C5110D6C6C74C4C3A122112789ED50/../../cores/arduino_sam_arduino_due_x_5280588e834c64e331c93ab3a2fd0cd0/core.a(new.cpp.o)
                0x000000000008571c                operator new[](unsigned int)
 .text._sbrk    0x0000000000085720       0x1c /Users/b/Library/Caches/arduino/sketches/B7C5110D6C6C74C4C3A122112789ED50/../../cores/arduino_sam_arduino_due_x_5280588e834c64e331c93ab3a2fd0cd0/core.a(syscalls_sam3.c.o)
                0x0000000000085720                _sbrk
 .text.link     0x000000000008573c        0x6 /Users/b/Library/Caches/arduino/sketches/B7C5110D6C6C74C4C3A122112789ED50/../../cores/arduino_sam_arduino_due_x_5280588e834c64e331c93ab3a2fd0cd0/core.a(syscalls_sam3.c.o)
                0x000000000008573c                link
 .text._close   0x0000000000085742        0x6 /Users/b/Library/Caches/arduino/sketches/B7C5110D6C6C74C4C3A122112789ED50/../../cores/arduino_sam_arduino_due_x_5280588e834c64e331c93ab3a2fd0cd0/core.a(syscalls_sam3.c.o)
                0x0000000000085742                _close
 .text._fstat   0x0000000000085748        0xa /Users/b/Library/Caches/arduino/sketches/B7C5110D6C6C74C4C3A122112789ED50/../../cores/arduino_sam_arduino_due_x_5280588e834c64e331c93ab3a2fd0cd0/core.a(syscalls_sam3.c.o)
                0x0000000000085748                _fstat
 .text._isatty  0x0000000000085752        0x4 /Users/b/Library/Caches/arduino/sketches/B7C5110D6C6C74C4C3A122112789ED50/../../cores/arduino_sam_arduino_due_x_5280588e834c64e331c93ab3a2fd0cd0/core.a(syscalls_sam3.c.o)
                0x0000000000085752                _isatty
 .text._lseek   0x0000000000085756        0x4 /Users/b/Library/Caches/arduino/sketches/B7C5110D6C6C74C4C3A122112789ED50/../../cores/arduino_sam_arduino_due_x_5280588e834c64e331c93ab3a2fd0cd0/core.a(syscalls_sam3.c.o)
                0x0000000000085756                _lseek
 .text._read    0x000000000008575a        0x4 /Users/b/Library/Caches/arduino/sketches/B7C5110D6C6C74C4C3A122112789ED50/../../cores/arduino_sam_arduino_due_x_5280588e834c64e331c93ab3a2fd0cd0/core.a(syscalls_sam3.c.o)
                0x000000000008575a                _read
 *fill*         0x000000000008575e        0x2 
 .text._write   0x0000000000085760       0x24 /Users/b/Library/Caches/arduino/sketches/B7C5110D6C6C74C4C3A122112789ED50/../../cores/arduino_sam_arduino_due_x_5280588e834c64e331c93ab3a2fd0cd0/core.a(syscalls_sam3.c.o)
                0x0000000000085760                _write
 .text._exit    0x0000000000085784        0x2 /Users/b/Library/Caches/arduino/sketches/B7C5110D6C6C74C4C3A122112789ED50/../../cores/arduino_sam_arduino_due_x_5280588e834c64e331c93ab3a2fd0cd0/core.a(syscalls_sam3.c.o)
                0x0000000000085784                _exit
 .text._kill    0x0000000000085786        0x2 /Users/b/Library/Caches/arduino/sketches/B7C5110D6C6C74C4C3A122112789ED50/../../cores/arduino_sam_arduino_due_x_5280588e834c64e331c93ab3a2fd0cd0/core.a(syscalls_sam3.c.o)
                0x0000000000085786                _kill
 .text._getpid  0x0000000000085788        0x6 /Users/b/Library/Caches/arduino/sketches/B7C5110D6C6C74C4C3A122112789ED50/../../cores/arduino_sam_arduino_due_x_5280588e834c64e331c93ab3a2fd0cd0/core.a(syscalls_sam3.c.o)
                0x0000000000085788                _getpid
 *fill*         0x000000000008578e        0x2 
 .text._watchdogDefaultSetup
                0x0000000000085790        0xc /Users/b/Library/Caches/arduino/sketches/B7C5110D6C6C74C4C3A122112789ED50/../../cores/arduino_sam_arduino_due_x_5280588e834c64e331c93ab3a2fd0cd0/core.a(watchdog.cpp.o)
                0x0000000000085790                watchdogSetup()
                0x0000000000085790                _watchdogDefaultSetup
 .text.millis   0x000000000008579c        0x4 /Users/b/Library/Caches/arduino/sketches/B7C5110D6C6C74C4C3A122112789ED50/../../cores/arduino_sam_arduino_due_x_5280588e834c64e331c93ab3a2fd0cd0/core.a(wiring.c.o)
                0x000000000008579c                millis
 .text.micros   0x00000000000857a0       0x74 /Users/b/Library/Caches/arduino/sketches/B7C5110D6C6C74C4C3A122112789ED50/../../cores/arduino_sam_arduino_due_x_5280588e834c64e331c93ab3a2fd0cd0/core.a(wiring.c.o)
                0x00000000000857a0                micros
 .text.delay    0x0000000000085814       0x1c /Users/b/Library/Caches/arduino/sketches/B7C5110D6C6C74C4C3A122112789ED50/../../cores/arduino_sam_arduino_due_x_5280588e834c64e331c93ab3a2fd0cd0/core.a(wiring.c.o)
                0x0000000000085814                delay
 .text.mapResolution
                0x0000000000085830       0x12 /Users/b/Library/Caches/arduino/sketches/B7C5110D6C6C74C4C3A122112789ED50/../../cores/arduino_sam_arduino_due_x_5280588e834c64e331c93ab3a2fd0cd0/core.a(wiring_analog.c.o)
 *fill*         0x0000000000085842        0x2 
 .text.analogRead
                0x0000000000085844       0x9c /Users/b/Library/Caches/arduino/sketches/B7C5110D6C6C74C4C3A122112789ED50/../../cores/arduino_sam_arduino_due_x_5280588e834c64e331c93ab3a2fd0cd0/core.a(wiring_analog.c.o)
                0x0000000000085844                analogRead
 .text.analogOutputInit
                0x00000000000858e0        0x2 /Users/b/Library/Caches/arduino/sketches/B7C5110D6C6C74C4C3A122112789ED50/../../cores/arduino_sam_arduino_due_x_5280588e834c64e331c93ab3a2fd0cd0/core.a(wiring_analog.c.o)
                0x00000000000858e0                analogOutputInit
 *fill*         0x00000000000858e2        0x2 
 .text.analogWrite
                0x00000000000858e4      0x2c0 /Users/b/Library/Caches/arduino/sketches/B7C5110D6C6C74C4C3A122112789ED50/../../cores/arduino_sam_arduino_due_x_5280588e834c64e331c93ab3a2fd0cd0/core.a(wiring_analog.c.o)
                0x00000000000858e4                analogWrite
 .text.pinMode  0x0000000000085ba4      0x108 /Users/b/Library/Caches/arduino/sketches/B7C5110D6C6C74C4C3A122112789ED50/../../cores/arduino_sam_arduino_due_x_5280588e834c64e331c93ab3a2fd0cd0/core.a(wiring_digital.c.o)
                0x0000000000085ba4                pinMode
 .text.digitalWrite
                0x0000000000085cac       0x70 /Users/b/Library/Caches/arduino/sketches/B7C5110D6C6C74C4C3A122112789ED50/../../cores/arduino_sam_arduino_due_x_5280588e834c64e331c93ab3a2fd0cd0/core.a(wiring_digital.c.o)
                0x0000000000085cac                digitalWrite
 .text.digitalRead
                0x0000000000085d1c       0x44 /Users/b/Library/Caches/arduino/sketches/B7C5110D6C6C74C4C3A122112789ED50/../../cores/arduino_sam_arduino_due_x_5280588e834c64e331c93ab3a2fd0cd0/core.a(wiring_digital.c.o)
                0x0000000000085d1c                digitalRead
 .text.initiateReset
                0x0000000000085d60        0xc /Users/b/Library/Caches/arduino/sketches/B7C5110D6C6C74C4C3A122112789ED50/../../cores/arduino_sam_arduino_due_x_5280588e834c64e331c93ab3a2fd0cd0/core.a(Reset.cpp.o)
                0x0000000000085d60                initiateReset
 .text.cancelReset
                0x0000000000085d6c       0x10 /Users/b/Library/Caches/arduino/sketches/B7C5110D6C6C74C4C3A122112789ED50/../../cores/arduino_sam_arduino_due_x_5280588e834c64e331c93ab3a2fd0cd0/core.a(Reset.cpp.o)
                0x0000000000085d6c                cancelReset
 .text.tickReset
                0x0000000000085d7c       0x20 /Users/b/Library/Caches/arduino/sketches/B7C5110D6C6C74C4C3A122112789ED50/../../cores/arduino_sam_arduino_due_x_5280588e834c64e331c93ab3a2fd0cd0/core.a(Reset.cpp.o)
                0x0000000000085d7c                tickReset
 .text._ZN13PluggableUSB_12getInterfaceEPh
                0x0000000000085d9c       0x28 /Users/b/Library/Caches/arduino/sketches/B7C5110D6C6C74C4C3A122112789ED50/../../cores/arduino_sam_arduino_due_x_5280588e834c64e331c93ab3a2fd0cd0/core.a(PluggableUSB.cpp.o)
                0x0000000000085d9c                PluggableUSB_::getInterface(unsigned char*)
 .text._ZN13PluggableUSB_13getDescriptorER8USBSetup
                0x0000000000085dc4       0x1c /Users/b/Library/Caches/arduino/sketches/B7C5110D6C6C74C4C3A122112789ED50/../../cores/arduino_sam_arduino_due_x_5280588e834c64e331c93ab3a2fd0cd0/core.a(PluggableUSB.cpp.o)
                0x0000000000085dc4                PluggableUSB_::getDescriptor(USBSetup&)
 .text._ZN13PluggableUSB_12getShortNameEPc
                0x0000000000085de0       0x1c /Users/b/Library/Caches/arduino/sketches/B7C5110D6C6C74C4C3A122112789ED50/../../cores/arduino_sam_arduino_due_x_5280588e834c64e331c93ab3a2fd0cd0/core.a(PluggableUSB.cpp.o)
                0x0000000000085de0                PluggableUSB_::getShortName(char*)
 .text._ZN13PluggableUSB_5setupER8USBSetup
                0x0000000000085dfc       0x20 /Users/b/Library/Caches/arduino/sketches/B7C5110D6C6C74C4C3A122112789ED50/../../cores/arduino_sam_arduino_due_x_5280588e834c64e331c93ab3a2fd0cd0/core.a(PluggableUSB.cpp.o)
                0x0000000000085dfc                PluggableUSB_::setup(USBSetup&)
 .text._Z12PluggableUSBv
                0x0000000000085e1c       0x28 /Users/b/Library/Caches/arduino/sketches/B7C5110D6C6C74C4C3A122112789ED50/../../cores/arduino_sam_arduino_due_x_5280588e834c64e331c93ab3a2fd0cd0/core.a(PluggableUSB.cpp.o)
                0x0000000000085e1c                PluggableUSB()
 .text.FindClockConfiguration
                0x0000000000085e44       0x7c /Users/b/Library/Arduino15/packages/arduino/hardware/sam/1.6.12/variants/arduino_due_x/libsam_sam3x8e_gcc_rel.a(pwmc.o)
 .text.PWMC_ConfigureChannel
                0x0000000000085ec0       0x60 /Users/b/Library/Arduino15/packages/arduino/hardware/sam/1.6.12/variants/arduino_due_x/libsam_sam3x8e_gcc_rel.a(pwmc.o)
                0x0000000000085ec0                PWMC_ConfigureChannel
 .text.PWMC_ConfigureClocks
                0x0000000000085f20       0x54 /Users/b/Library/Arduino15/packages/arduino/hardware/sam/1.6.12/variants/arduino_due_x/libsam_sam3x8e_gcc_rel.a(pwmc.o)
                0x0000000000085f20                PWMC_ConfigureClocks
 .text.PWMC_SetPeriod
                0x0000000000085f74       0x1a /Users/b/Library/Arduino15/packages/arduino/hardware/sam/1.6.12/variants/arduino_due_x/libsam_sam3x8e_gcc_rel.a(pwmc.o)
                0x0000000000085f74                PWMC_SetPeriod
 *fill*         0x0000000000085f8e        0x2 
 .text.PWMC_SetDutyCycle
                0x0000000000085f90       0x44 /Users/b/Library/Arduino15/packages/arduino/hardware/sam/1.6.12/variants/arduino_due_x/libsam_sam3x8e_gcc_rel.a(pwmc.o)
                0x0000000000085f90                PWMC_SetDutyCycle
 .text.PWMC_EnableChannel
                0x0000000000085fd4        0xa /Users/b/Library/Arduino15/packages/arduino/hardware/sam/1.6.12/variants/arduino_due_x/libsam_sam3x8e_gcc_rel.a(pwmc.o)
                0x0000000000085fd4                PWMC_EnableChannel
 *fill*         0x0000000000085fde        0x2 
 .text.TimeTick_Increment
                0x0000000000085fe0       0x10 /Users/b/Library/Arduino15/packages/arduino/hardware/sam/1.6.12/variants/arduino_due_x/libsam_sam3x8e_gcc_rel.a(timetick.o)
                0x0000000000085fe0                TimeTick_Increment
 .text.GetTickCount
                0x0000000000085ff0        0xc /Users/b/Library/Arduino15/packages/arduino/hardware/sam/1.6.12/variants/arduino_due_x/libsam_sam3x8e_gcc_rel.a(timetick.o)
                0x0000000000085ff0                GetTickCount
 .text.WDT_Disable
                0x0000000000085ffc        0x8 /Users/b/Library/Arduino15/packages/arduino/hardware/sam/1.6.12/variants/arduino_due_x/libsam_sam3x8e_gcc_rel.a(wdt.o)
                0x0000000000085ffc                WDT_Disable
 .text.UDD_SetStack
                0x0000000000086004        0xc /Users/b/Library/Arduino15/packages/arduino/hardware/sam/1.6.12/variants/arduino_due_x/libsam_sam3x8e_gcc_rel.a(uotghs_device.o)
                0x0000000000086004                UDD_SetStack
 .text.UDD_Init
                0x0000000000086010       0xd0 /Users/b/Library/Arduino15/packages/arduino/hardware/sam/1.6.12/variants/arduino_due_x/libsam_sam3x8e_gcc_rel.a(uotghs_device.o)
                0x0000000000086010                UDD_Init
 .text.UDD_Attach
                0x00000000000860e0       0x50 /Users/b/Library/Arduino15/packages/arduino/hardware/sam/1.6.12/variants/arduino_due_x/libsam_sam3x8e_gcc_rel.a(uotghs_device.o)
                0x00000000000860e0                UDD_Attach
 .text.UDD_InitEP
                0x0000000000086130       0x2c /Users/b/Library/Arduino15/packages/arduino/hardware/sam/1.6.12/variants/arduino_due_x/libsam_sam3x8e_gcc_rel.a(uotghs_device.o)
                0x0000000000086130                UDD_InitEP
 .text.UDD_InitEndpoints
                0x000000000008615c       0x3c /Users/b/Library/Arduino15/packages/arduino/hardware/sam/1.6.12/variants/arduino_due_x/libsam_sam3x8e_gcc_rel.a(uotghs_device.o)
                0x000000000008615c                UDD_InitEndpoints
 .text.UDD_WaitIN
                0x0000000000086198       0x10 /Users/b/Library/Arduino15/packages/arduino/hardware/sam/1.6.12/variants/arduino_due_x/libsam_sam3x8e_gcc_rel.a(uotghs_device.o)
                0x0000000000086198                UDD_WaitIN
 .text.UDD_WaitOUT
                0x00000000000861a8       0x10 /Users/b/Library/Arduino15/packages/arduino/hardware/sam/1.6.12/variants/arduino_due_x/libsam_sam3x8e_gcc_rel.a(uotghs_device.o)
                0x00000000000861a8                UDD_WaitOUT
 .text.UDD_ClearIN
                0x00000000000861b8       0x18 /Users/b/Library/Arduino15/packages/arduino/hardware/sam/1.6.12/variants/arduino_due_x/libsam_sam3x8e_gcc_rel.a(uotghs_device.o)
                0x00000000000861b8                UDD_ClearIN
 .text.UDD_ClearOUT
                0x00000000000861d0       0x18 /Users/b/Library/Arduino15/packages/arduino/hardware/sam/1.6.12/variants/arduino_due_x/libsam_sam3x8e_gcc_rel.a(uotghs_device.o)
                0x00000000000861d0                UDD_ClearOUT
 .text.UDD_ReceivedSetupInt
                0x00000000000861e8       0x10 /Users/b/Library/Arduino15/packages/arduino/hardware/sam/1.6.12/variants/arduino_due_x/libsam_sam3x8e_gcc_rel.a(uotghs_device.o)